[0.107s] Invoking command in '/home/j/jferber/tutorial/my_robot_ws/build/my_robot_interfaces': CMAKE_PREFIX_PATH=${CMAKE_PREFIX_PATH}:/home/j/jferber/tutorial/my_robot_ws/install/my_robot_nav:/home/j/jferber/tutorial/my_robot_ws/install/my_robot_perception:/home/j/jferber/tutorial/my_robot_ws/install/my_robot_control:/opt/ros/jazzy DEBUGINFOD_URLS=https://debuginfod.ubuntu.com /usr/bin/cmake --build /home/j/jferber/tutorial/my_robot_ws/build/my_robot_interfaces -- -j32 -l32
[0.728s] [  2%] Built target my_robot_interfaces__rosidl_generator_type_description
[0.728s] [  5%] Built target my_robot_interfaces__rs
[0.728s] [  5%] Built target ament_cmake_python_symlink_my_robot_interfaces
[0.729s] [  8%] Built target my_robot_interfaces__cpp
[0.729s] [ 22%] Built target my_robot_interfaces__rosidl_generator_c
[0.730s] [ 34%] Built target my_robot_interfaces__rosidl_typesupport_introspection_c
[0.730s] [ 62%] Built target my_robot_interfaces__rosidl_typesupport_fastrtps_c
[0.731s] [ 74%] Built target my_robot_interfaces__rosidl_typesupport_fastrtps_cpp
[0.731s] [ 74%] Built target my_robot_interfaces__rosidl_typesupport_c
[0.731s] [ 74%] Built target my_robot_interfaces__rosidl_typesupport_cpp
[0.731s] [ 74%] Built target my_robot_interfaces__rosidl_typesupport_introspection_cpp
[0.731s] [ 74%] Built target my_robot_interfaces
[0.731s] [ 77%] Built target my_robot_interfaces__py
[0.732s] [ 82%] Built target my_robot_interfaces__rosidl_generator_py
[0.732s] [ 97%] Built target my_robot_interfaces_s__rosidl_typesupport_fastrtps_c
[0.732s] [ 97%] Built target my_robot_interfaces_s__rosidl_typesupport_c
[0.732s] running egg_info
[0.732s] [100%] Built target my_robot_interfaces_s__rosidl_typesupport_introspection_c
[0.732s] writing my_robot_interfaces.egg-info/PKG-INFO
[0.732s] writing dependency_links to my_robot_interfaces.egg-info/dependency_links.txt
[0.732s] writing top-level names to my_robot_interfaces.egg-info/top_level.txt
[0.752s] reading manifest file 'my_robot_interfaces.egg-info/SOURCES.txt'
[0.756s] writing manifest file 'my_robot_interfaces.egg-info/SOURCES.txt'
[0.804s] [100%] Built target ament_cmake_python_build_my_robot_interfaces_egg
[0.857s] Invoked command in '/home/j/jferber/tutorial/my_robot_ws/build/my_robot_interfaces' returned '0': CMAKE_PREFIX_PATH=${CMAKE_PREFIX_PATH}:/home/j/jferber/tutorial/my_robot_ws/install/my_robot_nav:/home/j/jferber/tutorial/my_robot_ws/install/my_robot_perception:/home/j/jferber/tutorial/my_robot_ws/install/my_robot_control:/opt/ros/jazzy DEBUGINFOD_URLS=https://debuginfod.ubuntu.com /usr/bin/cmake --build /home/j/jferber/tutorial/my_robot_ws/build/my_robot_interfaces -- -j32 -l32
[0.860s] Invoking command in '/home/j/jferber/tutorial/my_robot_ws/build/my_robot_interfaces': CMAKE_PREFIX_PATH=${CMAKE_PREFIX_PATH}:/home/j/jferber/tutorial/my_robot_ws/install/my_robot_nav:/home/j/jferber/tutorial/my_robot_ws/install/my_robot_perception:/home/j/jferber/tutorial/my_robot_ws/install/my_robot_control:/opt/ros/jazzy DEBUGINFOD_URLS=https://debuginfod.ubuntu.com /usr/bin/cmake --install /home/j/jferber/tutorial/my_robot_ws/build/my_robot_interfaces
[0.880s] -- Install configuration: ""
[0.883s] -- Execute custom install script
[0.885s] -- Up-to-date symlink: /home/j/jferber/tutorial/my_robot_ws/install/my_robot_interfaces/share/ament_index/resource_index/rosidl_interfaces/my_robot_interfaces
[0.886s] -- Up-to-date symlink: /home/j/jferber/tutorial/my_robot_ws/install/my_robot_interfaces/share/my_robot_interfaces/action/SetVelocity.json
[0.888s] -- Up-to-date symlink: /home/j/jferber/tutorial/my_robot_ws/install/my_robot_interfaces/include/my_robot_interfaces/my_robot_interfaces/action/detail/set_velocity__functions.h
[0.889s] -- Up-to-date symlink: /home/j/jferber/tutorial/my_robot_ws/install/my_robot_interfaces/include/my_robot_interfaces/my_robot_interfaces/action/detail/set_velocity__struct.h
[0.889s] -- Up-to-date symlink: /home/j/jferber/tutorial/my_robot_ws/install/my_robot_interfaces/include/my_robot_interfaces/my_robot_interfaces/action/detail/set_velocity__type_support.h
[0.890s] -- Up-to-date symlink: /home/j/jferber/tutorial/my_robot_ws/install/my_robot_interfaces/include/my_robot_interfaces/my_robot_interfaces/action/set_velocity.h
[0.890s] -- Up-to-date symlink: /home/j/jferber/tutorial/my_robot_ws/install/my_robot_interfaces/include/my_robot_interfaces/my_robot_interfaces/msg/rosidl_generator_c__visibility_control.h
[0.890s] -- Up-to-date symlink: /home/j/jferber/tutorial/my_robot_ws/install/my_robot_interfaces/share/my_robot_interfaces/environment/library_path.sh
[0.890s] -- Up-to-date symlink: /home/j/jferber/tutorial/my_robot_ws/install/my_robot_interfaces/share/my_robot_interfaces/environment/library_path.dsv
[0.891s] -- Up-to-date symlink: /home/j/jferber/tutorial/my_robot_ws/install/my_robot_interfaces/include/my_robot_interfaces/my_robot_interfaces/action/detail/set_velocity__rosidl_typesupport_fastrtps_c.h
[0.892s] -- Up-to-date symlink: /home/j/jferber/tutorial/my_robot_ws/install/my_robot_interfaces/include/my_robot_interfaces/my_robot_interfaces/msg/rosidl_typesupport_fastrtps_c__visibility_control.h
[0.893s] -- Up-to-date symlink: /home/j/jferber/tutorial/my_robot_ws/install/my_robot_interfaces/include/my_robot_interfaces/my_robot_interfaces/action/detail/set_velocity__rosidl_typesupport_introspection_c.h
[0.893s] -- Up-to-date symlink: /home/j/jferber/tutorial/my_robot_ws/install/my_robot_interfaces/include/my_robot_interfaces/my_robot_interfaces/msg/rosidl_typesupport_introspection_c__visibility_control.h
[0.895s] -- Up-to-date symlink: /home/j/jferber/tutorial/my_robot_ws/install/my_robot_interfaces/include/my_robot_interfaces/my_robot_interfaces/action/detail/set_velocity__builder.hpp
[0.895s] -- Up-to-date symlink: /home/j/jferber/tutorial/my_robot_ws/install/my_robot_interfaces/include/my_robot_interfaces/my_robot_interfaces/action/detail/set_velocity__struct.hpp
[0.896s] -- Up-to-date symlink: /home/j/jferber/tutorial/my_robot_ws/install/my_robot_interfaces/include/my_robot_interfaces/my_robot_interfaces/action/detail/set_velocity__traits.hpp
[0.896s] -- Up-to-date symlink: /home/j/jferber/tutorial/my_robot_ws/install/my_robot_interfaces/include/my_robot_interfaces/my_robot_interfaces/action/detail/set_velocity__type_support.hpp
[0.896s] -- Up-to-date symlink: /home/j/jferber/tutorial/my_robot_ws/install/my_robot_interfaces/include/my_robot_interfaces/my_robot_interfaces/action/set_velocity.hpp
[0.897s] -- Up-to-date symlink: /home/j/jferber/tutorial/my_robot_ws/install/my_robot_interfaces/include/my_robot_interfaces/my_robot_interfaces/msg/rosidl_generator_cpp__visibility_control.hpp
[0.898s] -- Up-to-date symlink: /home/j/jferber/tutorial/my_robot_ws/install/my_robot_interfaces/include/my_robot_interfaces/my_robot_interfaces/action/detail/set_velocity__rosidl_typesupport_fastrtps_cpp.hpp
[0.899s] -- Up-to-date symlink: /home/j/jferber/tutorial/my_robot_ws/install/my_robot_interfaces/include/my_robot_interfaces/my_robot_interfaces/msg/rosidl_typesupport_fastrtps_cpp__visibility_control.h
[0.899s] -- Up-to-date symlink: /home/j/jferber/tutorial/my_robot_ws/install/my_robot_interfaces/include/my_robot_interfaces/my_robot_interfaces/action/detail/set_velocity__rosidl_typesupport_introspection_cpp.hpp
[0.900s] -- Up-to-date symlink: /home/j/jferber/tutorial/my_robot_ws/install/my_robot_interfaces/share/my_robot_interfaces/environment/pythonpath.sh
[0.900s] -- Up-to-date symlink: /home/j/jferber/tutorial/my_robot_ws/install/my_robot_interfaces/share/my_robot_interfaces/environment/pythonpath.dsv
[0.901s] -- Up-to-date symlink: /home/j/jferber/tutorial/my_robot_ws/install/my_robot_interfaces/lib/python3.12/site-packages/my_robot_interfaces-0.0.1-py3.12.egg-info/PKG-INFO
[0.902s] -- Up-to-date symlink: /home/j/jferber/tutorial/my_robot_ws/install/my_robot_interfaces/lib/python3.12/site-packages/my_robot_interfaces-0.0.1-py3.12.egg-info/SOURCES.txt
[0.902s] -- Up-to-date symlink: /home/j/jferber/tutorial/my_robot_ws/install/my_robot_interfaces/lib/python3.12/site-packages/my_robot_interfaces-0.0.1-py3.12.egg-info/dependency_links.txt
[0.902s] -- Up-to-date symlink: /home/j/jferber/tutorial/my_robot_ws/install/my_robot_interfaces/lib/python3.12/site-packages/my_robot_interfaces-0.0.1-py3.12.egg-info/top_level.txt
[0.904s] -- Up-to-date symlink: /home/j/jferber/tutorial/my_robot_ws/install/my_robot_interfaces/lib/python3.12/site-packages/my_robot_interfaces/__init__.py
[0.905s] -- Up-to-date symlink: /home/j/jferber/tutorial/my_robot_ws/install/my_robot_interfaces/lib/python3.12/site-packages/my_robot_interfaces/_my_robot_interfaces_s.ep.rosidl_typesupport_c.c
[0.906s] -- Up-to-date symlink: /home/j/jferber/tutorial/my_robot_ws/install/my_robot_interfaces/lib/python3.12/site-packages/my_robot_interfaces/_my_robot_interfaces_s.ep.rosidl_typesupport_fastrtps_c.c
[0.906s] -- Up-to-date symlink: /home/j/jferber/tutorial/my_robot_ws/install/my_robot_interfaces/lib/python3.12/site-packages/my_robot_interfaces/_my_robot_interfaces_s.ep.rosidl_typesupport_introspection_c.c
[0.907s] -- Up-to-date symlink: /home/j/jferber/tutorial/my_robot_ws/install/my_robot_interfaces/lib/python3.12/site-packages/my_robot_interfaces/action/__init__.py
[0.907s] -- Up-to-date symlink: /home/j/jferber/tutorial/my_robot_ws/install/my_robot_interfaces/lib/python3.12/site-packages/my_robot_interfaces/action/_set_velocity.py
[0.909s] -- Up-to-date symlink: /home/j/jferber/tutorial/my_robot_ws/install/my_robot_interfaces/lib/python3.12/site-packages/my_robot_interfaces/action/_set_velocity_s.c
[0.909s] -- Up-to-date symlink: /home/j/jferber/tutorial/my_robot_ws/install/my_robot_interfaces/lib/python3.12/site-packages/my_robot_interfaces/my_robot_interfaces_s__rosidl_typesupport_c.so
[0.909s] -- Up-to-date symlink: /home/j/jferber/tutorial/my_robot_ws/install/my_robot_interfaces/lib/python3.12/site-packages/my_robot_interfaces/my_robot_interfaces_s__rosidl_typesupport_fastrtps_c.so
[0.909s] -- Up-to-date symlink: /home/j/jferber/tutorial/my_robot_ws/install/my_robot_interfaces/lib/python3.12/site-packages/my_robot_interfaces/my_robot_interfaces_s__rosidl_typesupport_introspection_c.so
[0.909s] -- Up-to-date symlink: /home/j/jferber/tutorial/my_robot_ws/install/my_robot_interfaces/lib/python3.12/site-packages/my_robot_interfaces/my_robot_interfaces_s__rosidl_typesupport_fastrtps_c.so
[0.909s] -- Up-to-date symlink: /home/j/jferber/tutorial/my_robot_ws/install/my_robot_interfaces/lib/python3.12/site-packages/my_robot_interfaces/my_robot_interfaces_s__rosidl_typesupport_introspection_c.so
[0.910s] -- Up-to-date symlink: /home/j/jferber/tutorial/my_robot_ws/install/my_robot_interfaces/lib/python3.12/site-packages/my_robot_interfaces/my_robot_interfaces_s__rosidl_typesupport_c.so
[0.911s] -- Up-to-date symlink: /home/j/jferber/tutorial/my_robot_ws/install/my_robot_interfaces/share/ament_index/resource_index/rust_packages/my_robot_interfaces
[0.912s] -- Up-to-date symlink: /home/j/jferber/tutorial/my_robot_ws/install/my_robot_interfaces/share/my_robot_interfaces/rust/Cargo.toml
[0.912s] -- Up-to-date symlink: /home/j/jferber/tutorial/my_robot_ws/install/my_robot_interfaces/share/my_robot_interfaces/rust/build.rs
[0.912s] -- Up-to-date symlink: /home/j/jferber/tutorial/my_robot_ws/install/my_robot_interfaces/share/my_robot_interfaces/rust/src/action.rs
[0.913s] -- Up-to-date symlink: /home/j/jferber/tutorial/my_robot_ws/install/my_robot_interfaces/share/my_robot_interfaces/rust/src/action/rmw.rs
[0.913s] -- Up-to-date symlink: /home/j/jferber/tutorial/my_robot_ws/install/my_robot_interfaces/share/my_robot_interfaces/rust/src/lib.rs
[0.914s] -- Up-to-date symlink: /home/j/jferber/tutorial/my_robot_ws/install/my_robot_interfaces/share/my_robot_interfaces/action/SetVelocity.idl
[0.914s] -- Up-to-date symlink: /home/j/jferber/tutorial/my_robot_ws/install/my_robot_interfaces/share/my_robot_interfaces/action/SetVelocity.action
[0.915s] -- Up-to-date symlink: /home/j/jferber/tutorial/my_robot_ws/install/my_robot_interfaces/share/ament_index/resource_index/package_run_dependencies/my_robot_interfaces
[0.915s] -- Up-to-date symlink: /home/j/jferber/tutorial/my_robot_ws/install/my_robot_interfaces/share/ament_index/resource_index/parent_prefix_path/my_robot_interfaces
[0.916s] -- Up-to-date symlink: /home/j/jferber/tutorial/my_robot_ws/install/my_robot_interfaces/share/my_robot_interfaces/environment/ament_prefix_path.sh
[0.916s] -- Up-to-date symlink: /home/j/jferber/tutorial/my_robot_ws/install/my_robot_interfaces/share/my_robot_interfaces/environment/ament_prefix_path.dsv
[0.917s] -- Up-to-date symlink: /home/j/jferber/tutorial/my_robot_ws/install/my_robot_interfaces/share/my_robot_interfaces/environment/path.sh
[0.917s] -- Up-to-date symlink: /home/j/jferber/tutorial/my_robot_ws/install/my_robot_interfaces/share/my_robot_interfaces/environment/path.dsv
[0.917s] -- Up-to-date symlink: /home/j/jferber/tutorial/my_robot_ws/install/my_robot_interfaces/share/my_robot_interfaces/local_setup.bash
[0.918s] -- Up-to-date symlink: /home/j/jferber/tutorial/my_robot_ws/install/my_robot_interfaces/share/my_robot_interfaces/local_setup.sh
[0.918s] -- Up-to-date symlink: /home/j/jferber/tutorial/my_robot_ws/install/my_robot_interfaces/share/my_robot_interfaces/local_setup.zsh
[0.919s] -- Up-to-date symlink: /home/j/jferber/tutorial/my_robot_ws/install/my_robot_interfaces/share/my_robot_interfaces/local_setup.dsv
[0.919s] -- Symlinking: /home/j/jferber/tutorial/my_robot_ws/install/my_robot_interfaces/share/my_robot_interfaces/package.dsv
[0.942s] -- Up-to-date symlink: /home/j/jferber/tutorial/my_robot_ws/install/my_robot_interfaces/share/ament_index/resource_index/packages/my_robot_interfaces
[0.943s] -- Up-to-date symlink: /home/j/jferber/tutorial/my_robot_ws/install/my_robot_interfaces/share/my_robot_interfaces/cmake/rosidl_cmake-extras.cmake
[0.943s] -- Up-to-date symlink: /home/j/jferber/tutorial/my_robot_ws/install/my_robot_interfaces/share/my_robot_interfaces/cmake/ament_cmake_export_dependencies-extras.cmake
[0.943s] -- Up-to-date symlink: /home/j/jferber/tutorial/my_robot_ws/install/my_robot_interfaces/share/my_robot_interfaces/cmake/ament_cmake_export_include_directories-extras.cmake
[0.943s] -- Up-to-date symlink: /home/j/jferber/tutorial/my_robot_ws/install/my_robot_interfaces/share/my_robot_interfaces/cmake/ament_cmake_export_libraries-extras.cmake
[0.943s] -- Up-to-date symlink: /home/j/jferber/tutorial/my_robot_ws/install/my_robot_interfaces/share/my_robot_interfaces/cmake/ament_cmake_export_targets-extras.cmake
[0.944s] -- Up-to-date symlink: /home/j/jferber/tutorial/my_robot_ws/install/my_robot_interfaces/share/my_robot_interfaces/cmake/rosidl_cmake_export_typesupport_targets-extras.cmake
[0.944s] -- Up-to-date symlink: /home/j/jferber/tutorial/my_robot_ws/install/my_robot_interfaces/share/my_robot_interfaces/cmake/rosidl_cmake_export_typesupport_libraries-extras.cmake
[0.944s] -- Up-to-date symlink: /home/j/jferber/tutorial/my_robot_ws/install/my_robot_interfaces/share/my_robot_interfaces/cmake/my_robot_interfacesConfig.cmake
[0.945s] -- Up-to-date symlink: /home/j/jferber/tutorial/my_robot_ws/install/my_robot_interfaces/share/my_robot_interfaces/cmake/my_robot_interfacesConfig-version.cmake
[0.945s] -- Up-to-date symlink: /home/j/jferber/tutorial/my_robot_ws/install/my_robot_interfaces/share/my_robot_interfaces/package.xml
[0.946s] -- Up-to-date: /home/j/jferber/tutorial/my_robot_ws/install/my_robot_interfaces/lib/libmy_robot_interfaces__rosidl_generator_c.so
[0.946s] -- Up-to-date: /home/j/jferber/tutorial/my_robot_ws/install/my_robot_interfaces/lib/libmy_robot_interfaces__rosidl_typesupport_fastrtps_c.so
[0.947s] -- Up-to-date: /home/j/jferber/tutorial/my_robot_ws/install/my_robot_interfaces/lib/libmy_robot_interfaces__rosidl_typesupport_introspection_c.so
[0.948s] -- Up-to-date: /home/j/jferber/tutorial/my_robot_ws/install/my_robot_interfaces/lib/libmy_robot_interfaces__rosidl_typesupport_c.so
[0.948s] -- Up-to-date: /home/j/jferber/tutorial/my_robot_ws/install/my_robot_interfaces/lib/libmy_robot_interfaces__rosidl_typesupport_fastrtps_cpp.so
[0.949s] -- Up-to-date: /home/j/jferber/tutorial/my_robot_ws/install/my_robot_interfaces/lib/libmy_robot_interfaces__rosidl_typesupport_introspection_cpp.so
[0.950s] -- Up-to-date: /home/j/jferber/tutorial/my_robot_ws/install/my_robot_interfaces/lib/libmy_robot_interfaces__rosidl_typesupport_cpp.so
[0.999s] Listing '/home/j/jferber/tutorial/my_robot_ws/install/my_robot_interfaces/lib/python3.12/site-packages/my_robot_interfaces'...
[0.999s] Listing '/home/j/jferber/tutorial/my_robot_ws/install/my_robot_interfaces/lib/python3.12/site-packages/my_robot_interfaces/action'...
[1.004s] -- Up-to-date: /home/j/jferber/tutorial/my_robot_ws/install/my_robot_interfaces/lib/libmy_robot_interfaces__rosidl_generator_py.so
[1.004s] -- Up-to-date: /home/j/jferber/tutorial/my_robot_ws/install/my_robot_interfaces/share/my_robot_interfaces/cmake/export_my_robot_interfaces__rosidl_generator_cExport.cmake
[1.005s] -- Up-to-date: /home/j/jferber/tutorial/my_robot_ws/install/my_robot_interfaces/share/my_robot_interfaces/cmake/export_my_robot_interfaces__rosidl_generator_cExport-noconfig.cmake
[1.005s] -- Up-to-date: /home/j/jferber/tutorial/my_robot_ws/install/my_robot_interfaces/share/my_robot_interfaces/cmake/export_my_robot_interfaces__rosidl_typesupport_fastrtps_cExport.cmake
[1.005s] -- Up-to-date: /home/j/jferber/tutorial/my_robot_ws/install/my_robot_interfaces/share/my_robot_interfaces/cmake/export_my_robot_interfaces__rosidl_typesupport_fastrtps_cExport-noconfig.cmake
[1.005s] -- Up-to-date: /home/j/jferber/tutorial/my_robot_ws/install/my_robot_interfaces/share/my_robot_interfaces/cmake/my_robot_interfaces__rosidl_typesupport_introspection_cExport.cmake
[1.006s] -- Up-to-date: /home/j/jferber/tutorial/my_robot_ws/install/my_robot_interfaces/share/my_robot_interfaces/cmake/my_robot_interfaces__rosidl_typesupport_introspection_cExport-noconfig.cmake
[1.006s] -- Up-to-date: /home/j/jferber/tutorial/my_robot_ws/install/my_robot_interfaces/share/my_robot_interfaces/cmake/my_robot_interfaces__rosidl_typesupport_cExport.cmake
[1.006s] -- Up-to-date: /home/j/jferber/tutorial/my_robot_ws/install/my_robot_interfaces/share/my_robot_interfaces/cmake/my_robot_interfaces__rosidl_typesupport_cExport-noconfig.cmake
[1.006s] -- Up-to-date: /home/j/jferber/tutorial/my_robot_ws/install/my_robot_interfaces/share/my_robot_interfaces/cmake/export_my_robot_interfaces__rosidl_generator_cppExport.cmake
[1.007s] -- Up-to-date: /home/j/jferber/tutorial/my_robot_ws/install/my_robot_interfaces/share/my_robot_interfaces/cmake/export_my_robot_interfaces__rosidl_typesupport_fastrtps_cppExport.cmake
[1.007s] -- Up-to-date: /home/j/jferber/tutorial/my_robot_ws/install/my_robot_interfaces/share/my_robot_interfaces/cmake/export_my_robot_interfaces__rosidl_typesupport_fastrtps_cppExport-noconfig.cmake
[1.007s] -- Up-to-date: /home/j/jferber/tutorial/my_robot_ws/install/my_robot_interfaces/share/my_robot_interfaces/cmake/my_robot_interfaces__rosidl_typesupport_introspection_cppExport.cmake
[1.007s] -- Up-to-date: /home/j/jferber/tutorial/my_robot_ws/install/my_robot_interfaces/share/my_robot_interfaces/cmake/my_robot_interfaces__rosidl_typesupport_introspection_cppExport-noconfig.cmake
[1.008s] -- Up-to-date: /home/j/jferber/tutorial/my_robot_ws/install/my_robot_interfaces/share/my_robot_interfaces/cmake/my_robot_interfaces__rosidl_typesupport_cppExport.cmake
[1.008s] -- Up-to-date: /home/j/jferber/tutorial/my_robot_ws/install/my_robot_interfaces/share/my_robot_interfaces/cmake/my_robot_interfaces__rosidl_typesupport_cppExport-noconfig.cmake
[1.009s] -- Up-to-date: /home/j/jferber/tutorial/my_robot_ws/install/my_robot_interfaces/share/my_robot_interfaces/cmake/export_my_robot_interfaces__rosidl_generator_pyExport.cmake
[1.009s] -- Up-to-date: /home/j/jferber/tutorial/my_robot_ws/install/my_robot_interfaces/share/my_robot_interfaces/cmake/export_my_robot_interfaces__rosidl_generator_pyExport-noconfig.cmake
[1.107s] Invoked command in '/home/j/jferber/tutorial/my_robot_ws/build/my_robot_interfaces' returned '0': CMAKE_PREFIX_PATH=${CMAKE_PREFIX_PATH}:/home/j/jferber/tutorial/my_robot_ws/install/my_robot_nav:/home/j/jferber/tutorial/my_robot_ws/install/my_robot_perception:/home/j/jferber/tutorial/my_robot_ws/install/my_robot_control:/opt/ros/jazzy DEBUGINFOD_URLS=https://debuginfod.ubuntu.com /usr/bin/cmake --install /home/j/jferber/tutorial/my_robot_ws/build/my_robot_interfaces
