[0.138s] DEBUG:colcon:Command line arguments: ['/usr/bin/colcon', 'build', '--symlink-install']
[0.139s] DEBUG:colcon:Parsed command line arguments: Namespace(log_base=None, log_level=None, verb_name='build', build_base='build', install_base='install', merge_install=False, symlink_install=True, test_result_base=None, continue_on_error=False, executor='parallel', parallel_workers=32, event_handlers=None, ignore_user_meta=False, metas=['./colcon.meta'], base_paths=['.'], packages_ignore=None, packages_ignore_regex=None, paths=None, packages_up_to=None, packages_up_to_regex=None, packages_above=None, packages_above_and_dependencies=None, packages_above_depth=None, packages_select_by_dep=None, packages_skip_by_dep=None, packages_skip_up_to=None, packages_select_build_failed=False, packages_skip_build_finished=False, packages_select_test_failures=False, packages_skip_test_passed=False, packages_select=None, packages_skip=None, packages_select_regex=None, packages_skip_regex=None, packages_start=None, packages_end=None, cmake_args=None, cmake_target=None, cmake_target_skip_unavailable=False, cmake_clean_cache=False, cmake_clean_first=False, cmake_force_configure=False, ament_cmake_args=None, catkin_cmake_args=None, catkin_skip_building_tests=False, mixin_files=None, mixin=None, verb_parser=<colcon_mixin.mixin.mixin_argument.MixinArgumentDecorator object at 0x7fb6ab9e0320>, verb_extension=<colcon_core.verb.build.BuildVerb object at 0x7fb6abb440b0>, main=<bound method BuildVerb.main of <colcon_core.verb.build.BuildVerb object at 0x7fb6abb440b0>>, mixin_verb=('build',))
[0.188s] Level 1:colcon.colcon_core.package_discovery:discover_packages(colcon_meta) check parameters
[0.188s] Level 1:colcon.colcon_core.package_discovery:discover_packages(recursive) check parameters
[0.189s] Level 1:colcon.colcon_core.package_discovery:discover_packages(ignore) check parameters
[0.189s] Level 1:colcon.colcon_core.package_discovery:discover_packages(path) check parameters
[0.189s] Level 1:colcon.colcon_core.package_discovery:discover_packages(colcon_meta) discover
[0.189s] Level 1:colcon.colcon_core.package_discovery:discover_packages(recursive) discover
[0.189s] INFO:colcon.colcon_core.package_discovery:Crawling recursively for packages in '/home/j/jferber/tutorial/my_robot_ws'
[0.189s] Level 1:colcon.colcon_core.package_identification:_identify(.) by extensions ['ignore', 'ignore_ament_install']
[0.189s] Level 1:colcon.colcon_core.package_identification:_identify(.) by extension 'ignore'
[0.189s] Level 1:colcon.colcon_core.package_identification:_identify(.) by extension 'ignore_ament_install'
[0.189s] Level 1:colcon.colcon_core.package_identification:_identify(.) by extensions ['colcon_pkg']
[0.189s] Level 1:colcon.colcon_core.package_identification:_identify(.) by extension 'colcon_pkg'
[0.189s] Level 1:colcon.colcon_core.package_identification:_identify(.) by extensions ['colcon_meta']
[0.189s] Level 1:colcon.colcon_core.package_identification:_identify(.) by extension 'colcon_meta'
[0.189s] Level 1:colcon.colcon_core.package_identification:_identify(.) by extensions ['ros']
[0.189s] Level 1:colcon.colcon_core.package_identification:_identify(.) by extension 'ros'
[0.219s] Level 1:colcon.colcon_core.package_identification:_identify(.) by extensions ['cmake', 'python']
[0.219s] Level 1:colcon.colcon_core.package_identification:_identify(.) by extension 'cmake'
[0.219s] Level 1:colcon.colcon_core.package_identification:_identify(.) by extension 'python'
[0.219s] Level 1:colcon.colcon_core.package_identification:_identify(.) by extensions ['python_setup_py']
[0.219s] Level 1:colcon.colcon_core.package_identification:_identify(.) by extension 'python_setup_py'
[0.220s] Level 1:colcon.colcon_core.package_identification:_identify(build) by extensions ['ignore', 'ignore_ament_install']
[0.220s] Level 1:colcon.colcon_core.package_identification:_identify(build) by extension 'ignore'
[0.220s] Level 1:colcon.colcon_core.package_identification:_identify(build) ignored
[0.220s] Level 1:colcon.colcon_core.package_identification:_identify(install) by extensions ['ignore', 'ignore_ament_install']
[0.220s] Level 1:colcon.colcon_core.package_identification:_identify(install) by extension 'ignore'
[0.220s] Level 1:colcon.colcon_core.package_identification:_identify(install) ignored
[0.221s] Level 1:colcon.colcon_core.package_identification:_identify(log) by extensions ['ignore', 'ignore_ament_install']
[0.221s] Level 1:colcon.colcon_core.package_identification:_identify(log) by extension 'ignore'
[0.221s] Level 1:colcon.colcon_core.package_identification:_identify(log) ignored
[0.221s] Level 1:colcon.colcon_core.package_identification:_identify(src) by extensions ['ignore', 'ignore_ament_install']
[0.221s] Level 1:colcon.colcon_core.package_identification:_identify(src) by extension 'ignore'
[0.221s] Level 1:colcon.colcon_core.package_identification:_identify(src) by extension 'ignore_ament_install'
[0.221s] Level 1:colcon.colcon_core.package_identification:_identify(src) by extensions ['colcon_pkg']
[0.221s] Level 1:colcon.colcon_core.package_identification:_identify(src) by extension 'colcon_pkg'
[0.221s] Level 1:colcon.colcon_core.package_identification:_identify(src) by extensions ['colcon_meta']
[0.222s] Level 1:colcon.colcon_core.package_identification:_identify(src) by extension 'colcon_meta'
[0.222s] Level 1:colcon.colcon_core.package_identification:_identify(src) by extensions ['ros']
[0.222s] Level 1:colcon.colcon_core.package_identification:_identify(src) by extension 'ros'
[0.222s] Level 1:colcon.colcon_core.package_identification:_identify(src) by extensions ['cmake', 'python']
[0.222s] Level 1:colcon.colcon_core.package_identification:_identify(src) by extension 'cmake'
[0.222s] Level 1:colcon.colcon_core.package_identification:_identify(src) by extension 'python'
[0.222s] Level 1:colcon.colcon_core.package_identification:_identify(src) by extensions ['python_setup_py']
[0.222s] Level 1:colcon.colcon_core.package_identification:_identify(src) by extension 'python_setup_py'
[0.222s] Level 1:colcon.colcon_core.package_identification:_identify(src/my_robot_bringup) by extensions ['ignore', 'ignore_ament_install']
[0.222s] Level 1:colcon.colcon_core.package_identification:_identify(src/my_robot_bringup) by extension 'ignore'
[0.222s] Level 1:colcon.colcon_core.package_identification:_identify(src/my_robot_bringup) by extension 'ignore_ament_install'
[0.222s] Level 1:colcon.colcon_core.package_identification:_identify(src/my_robot_bringup) by extensions ['colcon_pkg']
[0.222s] Level 1:colcon.colcon_core.package_identification:_identify(src/my_robot_bringup) by extension 'colcon_pkg'
[0.222s] Level 1:colcon.colcon_core.package_identification:_identify(src/my_robot_bringup) by extensions ['colcon_meta']
[0.222s] Level 1:colcon.colcon_core.package_identification:_identify(src/my_robot_bringup) by extension 'colcon_meta'
[0.222s] Level 1:colcon.colcon_core.package_identification:_identify(src/my_robot_bringup) by extensions ['ros']
[0.222s] Level 1:colcon.colcon_core.package_identification:_identify(src/my_robot_bringup) by extension 'ros'
[0.226s] DEBUG:colcon.colcon_core.package_identification:Package 'src/my_robot_bringup' with type 'ros.ament_cmake' and name 'my_robot_bringup'
[0.226s] Level 1:colcon.colcon_core.package_identification:_identify(src/my_robot_control) by extensions ['ignore', 'ignore_ament_install']
[0.226s] Level 1:colcon.colcon_core.package_identification:_identify(src/my_robot_control) by extension 'ignore'
[0.226s] Level 1:colcon.colcon_core.package_identification:_identify(src/my_robot_control) by extension 'ignore_ament_install'
[0.226s] Level 1:colcon.colcon_core.package_identification:_identify(src/my_robot_control) by extensions ['colcon_pkg']
[0.226s] Level 1:colcon.colcon_core.package_identification:_identify(src/my_robot_control) by extension 'colcon_pkg'
[0.226s] Level 1:colcon.colcon_core.package_identification:_identify(src/my_robot_control) by extensions ['colcon_meta']
[0.226s] Level 1:colcon.colcon_core.package_identification:_identify(src/my_robot_control) by extension 'colcon_meta'
[0.226s] Level 1:colcon.colcon_core.package_identification:_identify(src/my_robot_control) by extensions ['ros']
[0.226s] Level 1:colcon.colcon_core.package_identification:_identify(src/my_robot_control) by extension 'ros'
[0.227s] DEBUG:colcon.colcon_core.package_identification:Package 'src/my_robot_control' with type 'ros.ament_python' and name 'my_robot_control'
[0.227s] Level 1:colcon.colcon_core.package_identification:_identify(src/my_robot_description) by extensions ['ignore', 'ignore_ament_install']
[0.227s] Level 1:colcon.colcon_core.package_identification:_identify(src/my_robot_description) by extension 'ignore'
[0.228s] Level 1:colcon.colcon_core.package_identification:_identify(src/my_robot_description) by extension 'ignore_ament_install'
[0.228s] Level 1:colcon.colcon_core.package_identification:_identify(src/my_robot_description) by extensions ['colcon_pkg']
[0.228s] Level 1:colcon.colcon_core.package_identification:_identify(src/my_robot_description) by extension 'colcon_pkg'
[0.228s] Level 1:colcon.colcon_core.package_identification:_identify(src/my_robot_description) by extensions ['colcon_meta']
[0.228s] Level 1:colcon.colcon_core.package_identification:_identify(src/my_robot_description) by extension 'colcon_meta'
[0.228s] Level 1:colcon.colcon_core.package_identification:_identify(src/my_robot_description) by extensions ['ros']
[0.228s] Level 1:colcon.colcon_core.package_identification:_identify(src/my_robot_description) by extension 'ros'
[0.229s] DEBUG:colcon.colcon_core.package_identification:Package 'src/my_robot_description' with type 'ros.ament_cmake' and name 'my_robot_description'
[0.229s] Level 1:colcon.colcon_core.package_discovery:discover_packages(recursive) using defaults
[0.229s] Level 1:colcon.colcon_core.package_discovery:discover_packages(ignore) discover
[0.229s] Level 1:colcon.colcon_core.package_discovery:discover_packages(ignore) using defaults
[0.229s] Level 1:colcon.colcon_core.package_discovery:discover_packages(path) discover
[0.229s] Level 1:colcon.colcon_core.package_discovery:discover_packages(path) using defaults
[0.249s] Level 5:colcon.colcon_core.verb:set package 'my_robot_bringup' build argument 'cmake_args' from command line to 'None'
[0.249s] Level 5:colcon.colcon_core.verb:set package 'my_robot_bringup' build argument 'cmake_target' from command line to 'None'
[0.249s] Level 5:colcon.colcon_core.verb:set package 'my_robot_bringup' build argument 'cmake_target_skip_unavailable' from command line to 'False'
[0.249s] Level 5:colcon.colcon_core.verb:set package 'my_robot_bringup' build argument 'cmake_clean_cache' from command line to 'False'
[0.249s] Level 5:colcon.colcon_core.verb:set package 'my_robot_bringup' build argument 'cmake_clean_first' from command line to 'False'
[0.249s] Level 5:colcon.colcon_core.verb:set package 'my_robot_bringup' build argument 'cmake_force_configure' from command line to 'False'
[0.249s] Level 5:colcon.colcon_core.verb:set package 'my_robot_bringup' build argument 'ament_cmake_args' from command line to 'None'
[0.249s] Level 5:colcon.colcon_core.verb:set package 'my_robot_bringup' build argument 'catkin_cmake_args' from command line to 'None'
[0.249s] Level 5:colcon.colcon_core.verb:set package 'my_robot_bringup' build argument 'catkin_skip_building_tests' from command line to 'False'
[0.249s] DEBUG:colcon.colcon_core.verb:Building package 'my_robot_bringup' with the following arguments: {'ament_cmake_args': None, 'build_base': '/home/j/jferber/tutorial/my_robot_ws/build/my_robot_bringup', 'catkin_cmake_args': None, 'catkin_skip_building_tests': False, 'cmake_args': None, 'cmake_clean_cache': False, 'cmake_clean_first': False, 'cmake_force_configure': False, 'cmake_target': None, 'cmake_target_skip_unavailable': False, 'install_base': '/home/j/jferber/tutorial/my_robot_ws/install/my_robot_bringup', 'merge_install': False, 'path': '/home/j/jferber/tutorial/my_robot_ws/src/my_robot_bringup', 'symlink_install': True, 'test_result_base': None}
[0.249s] Level 5:colcon.colcon_core.verb:set package 'my_robot_control' build argument 'cmake_args' from command line to 'None'
[0.249s] Level 5:colcon.colcon_core.verb:set package 'my_robot_control' build argument 'cmake_target' from command line to 'None'
[0.249s] Level 5:colcon.colcon_core.verb:set package 'my_robot_control' build argument 'cmake_target_skip_unavailable' from command line to 'False'
[0.249s] Level 5:colcon.colcon_core.verb:set package 'my_robot_control' build argument 'cmake_clean_cache' from command line to 'False'
[0.249s] Level 5:colcon.colcon_core.verb:set package 'my_robot_control' build argument 'cmake_clean_first' from command line to 'False'
[0.249s] Level 5:colcon.colcon_core.verb:set package 'my_robot_control' build argument 'cmake_force_configure' from command line to 'False'
[0.249s] Level 5:colcon.colcon_core.verb:set package 'my_robot_control' build argument 'ament_cmake_args' from command line to 'None'
[0.249s] Level 5:colcon.colcon_core.verb:set package 'my_robot_control' build argument 'catkin_cmake_args' from command line to 'None'
[0.249s] Level 5:colcon.colcon_core.verb:set package 'my_robot_control' build argument 'catkin_skip_building_tests' from command line to 'False'
[0.249s] DEBUG:colcon.colcon_core.verb:Building package 'my_robot_control' with the following arguments: {'ament_cmake_args': None, 'build_base': '/home/j/jferber/tutorial/my_robot_ws/build/my_robot_control', 'catkin_cmake_args': None, 'catkin_skip_building_tests': False, 'cmake_args': None, 'cmake_clean_cache': False, 'cmake_clean_first': False, 'cmake_force_configure': False, 'cmake_target': None, 'cmake_target_skip_unavailable': False, 'install_base': '/home/j/jferber/tutorial/my_robot_ws/install/my_robot_control', 'merge_install': False, 'path': '/home/j/jferber/tutorial/my_robot_ws/src/my_robot_control', 'symlink_install': True, 'test_result_base': None}
[0.250s] Level 5:colcon.colcon_core.verb:set package 'my_robot_description' build argument 'cmake_args' from command line to 'None'
[0.250s] Level 5:colcon.colcon_core.verb:set package 'my_robot_description' build argument 'cmake_target' from command line to 'None'
[0.250s] Level 5:colcon.colcon_core.verb:set package 'my_robot_description' build argument 'cmake_target_skip_unavailable' from command line to 'False'
[0.250s] Level 5:colcon.colcon_core.verb:set package 'my_robot_description' build argument 'cmake_clean_cache' from command line to 'False'
[0.250s] Level 5:colcon.colcon_core.verb:set package 'my_robot_description' build argument 'cmake_clean_first' from command line to 'False'
[0.250s] Level 5:colcon.colcon_core.verb:set package 'my_robot_description' build argument 'cmake_force_configure' from command line to 'False'
[0.250s] Level 5:colcon.colcon_core.verb:set package 'my_robot_description' build argument 'ament_cmake_args' from command line to 'None'
[0.250s] Level 5:colcon.colcon_core.verb:set package 'my_robot_description' build argument 'catkin_cmake_args' from command line to 'None'
[0.250s] Level 5:colcon.colcon_core.verb:set package 'my_robot_description' build argument 'catkin_skip_building_tests' from command line to 'False'
[0.250s] DEBUG:colcon.colcon_core.verb:Building package 'my_robot_description' with the following arguments: {'ament_cmake_args': None, 'build_base': '/home/j/jferber/tutorial/my_robot_ws/build/my_robot_description', 'catkin_cmake_args': None, 'catkin_skip_building_tests': False, 'cmake_args': None, 'cmake_clean_cache': False, 'cmake_clean_first': False, 'cmake_force_configure': False, 'cmake_target': None, 'cmake_target_skip_unavailable': False, 'install_base': '/home/j/jferber/tutorial/my_robot_ws/install/my_robot_description', 'merge_install': False, 'path': '/home/j/jferber/tutorial/my_robot_ws/src/my_robot_description', 'symlink_install': True, 'test_result_base': None}
[0.250s] INFO:colcon.colcon_core.executor:Executing jobs using 'parallel' executor
[0.251s] DEBUG:colcon.colcon_parallel_executor.executor.parallel:run_until_complete
[0.252s] INFO:colcon.colcon_ros.task.ament_cmake.build:Building ROS package in '/home/j/jferber/tutorial/my_robot_ws/src/my_robot_bringup' with build type 'ament_cmake'
[0.252s] INFO:colcon.colcon_cmake.task.cmake.build:Building CMake package in '/home/j/jferber/tutorial/my_robot_ws/src/my_robot_bringup'
[0.254s] INFO:colcon.colcon_core.plugin_system:Skipping extension 'colcon_core.shell.bat': Not used on non-Windows systems
[0.254s] INFO:colcon.colcon_core.shell:Skip shell extension 'powershell' for command environment: Not usable outside of PowerShell
[0.254s] DEBUG:colcon.colcon_core.shell:Skip shell extension 'dsv' for command environment
[0.265s] INFO:colcon.colcon_ros.task.ament_python.build:Building ROS package in '/home/j/jferber/tutorial/my_robot_ws/src/my_robot_control' with build type 'ament_python'
[0.265s] Level 1:colcon.colcon_core.shell:create_environment_hook('my_robot_control', 'ament_prefix_path')
[0.266s] INFO:colcon.colcon_core.shell:Creating environment hook '/home/j/jferber/tutorial/my_robot_ws/install/my_robot_control/share/my_robot_control/hook/ament_prefix_path.ps1'
[0.270s] INFO:colcon.colcon_core.shell:Creating environment descriptor '/home/j/jferber/tutorial/my_robot_ws/install/my_robot_control/share/my_robot_control/hook/ament_prefix_path.dsv'
[0.274s] INFO:colcon.colcon_core.shell:Creating environment hook '/home/j/jferber/tutorial/my_robot_ws/install/my_robot_control/share/my_robot_control/hook/ament_prefix_path.sh'
[0.278s] INFO:colcon.colcon_core.shell:Skip shell extension 'powershell' for command environment: Not usable outside of PowerShell
[0.278s] DEBUG:colcon.colcon_core.shell:Skip shell extension 'dsv' for command environment
[0.292s] INFO:colcon.colcon_ros.task.ament_cmake.build:Building ROS package in '/home/j/jferber/tutorial/my_robot_ws/src/my_robot_description' with build type 'ament_cmake'
[0.292s] INFO:colcon.colcon_cmake.task.cmake.build:Building CMake package in '/home/j/jferber/tutorial/my_robot_ws/src/my_robot_description'
[0.292s] INFO:colcon.colcon_core.shell:Skip shell extension 'powershell' for command environment: Not usable outside of PowerShell
[0.292s] DEBUG:colcon.colcon_core.shell:Skip shell extension 'dsv' for command environment
[0.323s] DEBUG:colcon.colcon_core.event_handler.log_command:Invoking command in '/home/j/jferber/tutorial/my_robot_ws/build/my_robot_bringup': CMAKE_PREFIX_PATH=${CMAKE_PREFIX_PATH}:/home/j/jferber/tutorial/my_robot_ws/install/my_robot_control:/opt/ros/jazzy /usr/bin/cmake --build /home/j/jferber/tutorial/my_robot_ws/build/my_robot_bringup -- -j32 -l32
[0.590s] INFO:colcon.colcon_core.task.python.build:Building Python package in '/home/j/jferber/tutorial/my_robot_ws/src/my_robot_control'
[0.591s] INFO:colcon.colcon_core.shell:Skip shell extension 'powershell' for command environment: Not usable outside of PowerShell
[0.591s] DEBUG:colcon.colcon_core.shell:Skip shell extension 'dsv' for command environment
[0.607s] DEBUG:colcon.colcon_core.event_handler.log_command:Invoked command in '/home/j/jferber/tutorial/my_robot_ws/build/my_robot_bringup' returned '0': CMAKE_PREFIX_PATH=${CMAKE_PREFIX_PATH}:/home/j/jferber/tutorial/my_robot_ws/install/my_robot_control:/opt/ros/jazzy /usr/bin/cmake --build /home/j/jferber/tutorial/my_robot_ws/build/my_robot_bringup -- -j32 -l32
[0.627s] DEBUG:colcon.colcon_core.event_handler.log_command:Invoking command in '/home/j/jferber/tutorial/my_robot_ws/build/my_robot_bringup': CMAKE_PREFIX_PATH=${CMAKE_PREFIX_PATH}:/home/j/jferber/tutorial/my_robot_ws/install/my_robot_control:/opt/ros/jazzy /usr/bin/cmake --install /home/j/jferber/tutorial/my_robot_ws/build/my_robot_bringup
[0.650s] DEBUG:colcon.colcon_core.event_handler.log_command:Invoking command in '/home/j/jferber/tutorial/my_robot_ws/build/my_robot_description': CMAKE_PREFIX_PATH=${CMAKE_PREFIX_PATH}:/home/j/jferber/tutorial/my_robot_ws/install/my_robot_control:/opt/ros/jazzy /usr/bin/cmake --build /home/j/jferber/tutorial/my_robot_ws/build/my_robot_description -- -j32 -l32
[0.683s] Level 1:colcon.colcon_core.environment:create_environment_scripts_only(my_robot_bringup)
[0.685s] DEBUG:colcon.colcon_core.event_handler.log_command:Invoked command in '/home/j/jferber/tutorial/my_robot_ws/build/my_robot_bringup' returned '0': CMAKE_PREFIX_PATH=${CMAKE_PREFIX_PATH}:/home/j/jferber/tutorial/my_robot_ws/install/my_robot_control:/opt/ros/jazzy /usr/bin/cmake --install /home/j/jferber/tutorial/my_robot_ws/build/my_robot_bringup
[0.687s] Level 1:colcon.colcon_core.environment:checking '/home/j/jferber/tutorial/my_robot_ws/install/my_robot_bringup' for CMake module files
[0.689s] Level 1:colcon.colcon_core.environment:checking '/home/j/jferber/tutorial/my_robot_ws/install/my_robot_bringup' for CMake config files
[0.690s] Level 1:colcon.colcon_core.shell:create_environment_hook('my_robot_bringup', 'cmake_prefix_path')
[0.690s] INFO:colcon.colcon_core.shell:Creating environment hook '/home/j/jferber/tutorial/my_robot_ws/install/my_robot_bringup/share/my_robot_bringup/hook/cmake_prefix_path.ps1'
[0.698s] INFO:colcon.colcon_core.shell:Creating environment descriptor '/home/j/jferber/tutorial/my_robot_ws/install/my_robot_bringup/share/my_robot_bringup/hook/cmake_prefix_path.dsv'
[0.705s] INFO:colcon.colcon_core.shell:Creating environment hook '/home/j/jferber/tutorial/my_robot_ws/install/my_robot_bringup/share/my_robot_bringup/hook/cmake_prefix_path.sh'
[0.710s] Level 1:colcon.colcon_core.environment:checking '/home/j/jferber/tutorial/my_robot_ws/install/my_robot_bringup/bin'
[0.711s] Level 1:colcon.colcon_core.environment:checking '/home/j/jferber/tutorial/my_robot_ws/install/my_robot_bringup/lib/pkgconfig/my_robot_bringup.pc'
[0.711s] Level 1:colcon.colcon_core.environment:checking '/home/j/jferber/tutorial/my_robot_ws/install/my_robot_bringup/lib/python3.12/site-packages'
[0.711s] Level 1:colcon.colcon_core.environment:checking '/home/j/jferber/tutorial/my_robot_ws/install/my_robot_bringup/bin'
[0.711s] INFO:colcon.colcon_core.shell:Creating package script '/home/j/jferber/tutorial/my_robot_ws/install/my_robot_bringup/share/my_robot_bringup/package.ps1'
[0.723s] INFO:colcon.colcon_core.shell:Creating package descriptor '/home/j/jferber/tutorial/my_robot_ws/install/my_robot_bringup/share/my_robot_bringup/package.dsv'
[0.725s] INFO:colcon.colcon_core.shell:Creating package script '/home/j/jferber/tutorial/my_robot_ws/install/my_robot_bringup/share/my_robot_bringup/package.sh'
[0.730s] INFO:colcon.colcon_core.shell:Creating package script '/home/j/jferber/tutorial/my_robot_ws/install/my_robot_bringup/share/my_robot_bringup/package.bash'
[0.737s] INFO:colcon.colcon_core.shell:Creating package script '/home/j/jferber/tutorial/my_robot_ws/install/my_robot_bringup/share/my_robot_bringup/package.zsh'
[0.741s] Level 1:colcon.colcon_core.environment:create_file_with_runtime_dependencies(/home/j/jferber/tutorial/my_robot_ws/install/my_robot_bringup/share/colcon-core/packages/my_robot_bringup)
[0.747s] Level 1:colcon.colcon_core.environment:create_environment_scripts_only(my_robot_bringup)
[0.747s] Level 1:colcon.colcon_core.environment:checking '/home/j/jferber/tutorial/my_robot_ws/install/my_robot_bringup' for CMake module files
[0.748s] Level 1:colcon.colcon_core.environment:checking '/home/j/jferber/tutorial/my_robot_ws/install/my_robot_bringup' for CMake config files
[0.749s] Level 1:colcon.colcon_core.shell:create_environment_hook('my_robot_bringup', 'cmake_prefix_path')
[0.749s] INFO:colcon.colcon_core.shell:Creating environment hook '/home/j/jferber/tutorial/my_robot_ws/install/my_robot_bringup/share/my_robot_bringup/hook/cmake_prefix_path.ps1'
[0.810s] INFO:colcon.colcon_core.shell:Creating environment descriptor '/home/j/jferber/tutorial/my_robot_ws/install/my_robot_bringup/share/my_robot_bringup/hook/cmake_prefix_path.dsv'
[0.823s] INFO:colcon.colcon_core.shell:Creating environment hook '/home/j/jferber/tutorial/my_robot_ws/install/my_robot_bringup/share/my_robot_bringup/hook/cmake_prefix_path.sh'
[0.831s] Level 1:colcon.colcon_core.environment:checking '/home/j/jferber/tutorial/my_robot_ws/install/my_robot_bringup/bin'
[0.831s] Level 1:colcon.colcon_core.environment:checking '/home/j/jferber/tutorial/my_robot_ws/install/my_robot_bringup/lib/pkgconfig/my_robot_bringup.pc'
[0.831s] Level 1:colcon.colcon_core.environment:checking '/home/j/jferber/tutorial/my_robot_ws/install/my_robot_bringup/lib/python3.12/site-packages'
[0.832s] Level 1:colcon.colcon_core.environment:checking '/home/j/jferber/tutorial/my_robot_ws/install/my_robot_bringup/bin'
[0.832s] INFO:colcon.colcon_core.shell:Creating package script '/home/j/jferber/tutorial/my_robot_ws/install/my_robot_bringup/share/my_robot_bringup/package.ps1'
[0.837s] INFO:colcon.colcon_core.shell:Creating package descriptor '/home/j/jferber/tutorial/my_robot_ws/install/my_robot_bringup/share/my_robot_bringup/package.dsv'
[0.843s] INFO:colcon.colcon_core.shell:Creating package script '/home/j/jferber/tutorial/my_robot_ws/install/my_robot_bringup/share/my_robot_bringup/package.sh'
[0.850s] INFO:colcon.colcon_core.shell:Creating package script '/home/j/jferber/tutorial/my_robot_ws/install/my_robot_bringup/share/my_robot_bringup/package.bash'
[0.855s] INFO:colcon.colcon_core.shell:Creating package script '/home/j/jferber/tutorial/my_robot_ws/install/my_robot_bringup/share/my_robot_bringup/package.zsh'
[0.860s] Level 1:colcon.colcon_core.environment:create_file_with_runtime_dependencies(/home/j/jferber/tutorial/my_robot_ws/install/my_robot_bringup/share/colcon-core/packages/my_robot_bringup)
[0.986s] DEBUG:colcon.colcon_core.event_handler.log_command:Invoked command in '/home/j/jferber/tutorial/my_robot_ws/build/my_robot_description' returned '0': CMAKE_PREFIX_PATH=${CMAKE_PREFIX_PATH}:/home/j/jferber/tutorial/my_robot_ws/install/my_robot_control:/opt/ros/jazzy /usr/bin/cmake --build /home/j/jferber/tutorial/my_robot_ws/build/my_robot_description -- -j32 -l32
[0.987s] DEBUG:colcon.colcon_core.event_handler.log_command:Invoking command in '/home/j/jferber/tutorial/my_robot_ws/build/my_robot_description': CMAKE_PREFIX_PATH=${CMAKE_PREFIX_PATH}:/home/j/jferber/tutorial/my_robot_ws/install/my_robot_control:/opt/ros/jazzy /usr/bin/cmake --install /home/j/jferber/tutorial/my_robot_ws/build/my_robot_description
[1.038s] Level 1:colcon.colcon_core.environment:create_environment_scripts_only(my_robot_description)
[1.038s] Level 1:colcon.colcon_core.environment:checking '/home/j/jferber/tutorial/my_robot_ws/install/my_robot_description' for CMake module files
[1.040s] DEBUG:colcon.colcon_core.event_handler.log_command:Invoked command in '/home/j/jferber/tutorial/my_robot_ws/build/my_robot_description' returned '0': CMAKE_PREFIX_PATH=${CMAKE_PREFIX_PATH}:/home/j/jferber/tutorial/my_robot_ws/install/my_robot_control:/opt/ros/jazzy /usr/bin/cmake --install /home/j/jferber/tutorial/my_robot_ws/build/my_robot_description
[1.041s] Level 1:colcon.colcon_core.environment:checking '/home/j/jferber/tutorial/my_robot_ws/install/my_robot_description' for CMake config files
[1.042s] Level 1:colcon.colcon_core.shell:create_environment_hook('my_robot_description', 'cmake_prefix_path')
[1.042s] INFO:colcon.colcon_core.shell:Creating environment hook '/home/j/jferber/tutorial/my_robot_ws/install/my_robot_description/share/my_robot_description/hook/cmake_prefix_path.ps1'
[1.046s] INFO:colcon.colcon_core.shell:Creating environment descriptor '/home/j/jferber/tutorial/my_robot_ws/install/my_robot_description/share/my_robot_description/hook/cmake_prefix_path.dsv'
[1.050s] INFO:colcon.colcon_core.shell:Creating environment hook '/home/j/jferber/tutorial/my_robot_ws/install/my_robot_description/share/my_robot_description/hook/cmake_prefix_path.sh'
[1.055s] Level 1:colcon.colcon_core.environment:checking '/home/j/jferber/tutorial/my_robot_ws/install/my_robot_description/bin'
[1.055s] Level 1:colcon.colcon_core.environment:checking '/home/j/jferber/tutorial/my_robot_ws/install/my_robot_description/lib/pkgconfig/my_robot_description.pc'
[1.055s] Level 1:colcon.colcon_core.environment:checking '/home/j/jferber/tutorial/my_robot_ws/install/my_robot_description/lib/python3.12/site-packages'
[1.056s] Level 1:colcon.colcon_core.environment:checking '/home/j/jferber/tutorial/my_robot_ws/install/my_robot_description/bin'
[1.056s] INFO:colcon.colcon_core.shell:Creating package script '/home/j/jferber/tutorial/my_robot_ws/install/my_robot_description/share/my_robot_description/package.ps1'
[1.061s] INFO:colcon.colcon_core.shell:Creating package descriptor '/home/j/jferber/tutorial/my_robot_ws/install/my_robot_description/share/my_robot_description/package.dsv'
[1.063s] INFO:colcon.colcon_core.shell:Creating package script '/home/j/jferber/tutorial/my_robot_ws/install/my_robot_description/share/my_robot_description/package.sh'
[1.067s] INFO:colcon.colcon_core.shell:Creating package script '/home/j/jferber/tutorial/my_robot_ws/install/my_robot_description/share/my_robot_description/package.bash'
[1.070s] INFO:colcon.colcon_core.shell:Creating package script '/home/j/jferber/tutorial/my_robot_ws/install/my_robot_description/share/my_robot_description/package.zsh'
[1.076s] Level 1:colcon.colcon_core.environment:create_file_with_runtime_dependencies(/home/j/jferber/tutorial/my_robot_ws/install/my_robot_description/share/colcon-core/packages/my_robot_description)
[1.078s] Level 1:colcon.colcon_core.environment:create_environment_scripts_only(my_robot_description)
[1.079s] Level 1:colcon.colcon_core.environment:checking '/home/j/jferber/tutorial/my_robot_ws/install/my_robot_description' for CMake module files
[1.080s] Level 1:colcon.colcon_core.environment:checking '/home/j/jferber/tutorial/my_robot_ws/install/my_robot_description' for CMake config files
[1.081s] Level 1:colcon.colcon_core.shell:create_environment_hook('my_robot_description', 'cmake_prefix_path')
[1.081s] INFO:colcon.colcon_core.shell:Creating environment hook '/home/j/jferber/tutorial/my_robot_ws/install/my_robot_description/share/my_robot_description/hook/cmake_prefix_path.ps1'
[1.084s] INFO:colcon.colcon_core.shell:Creating environment descriptor '/home/j/jferber/tutorial/my_robot_ws/install/my_robot_description/share/my_robot_description/hook/cmake_prefix_path.dsv'
[1.088s] INFO:colcon.colcon_core.shell:Creating environment hook '/home/j/jferber/tutorial/my_robot_ws/install/my_robot_description/share/my_robot_description/hook/cmake_prefix_path.sh'
[1.093s] Level 1:colcon.colcon_core.environment:checking '/home/j/jferber/tutorial/my_robot_ws/install/my_robot_description/bin'
[1.093s] Level 1:colcon.colcon_core.environment:checking '/home/j/jferber/tutorial/my_robot_ws/install/my_robot_description/lib/pkgconfig/my_robot_description.pc'
[1.093s] Level 1:colcon.colcon_core.environment:checking '/home/j/jferber/tutorial/my_robot_ws/install/my_robot_description/lib/python3.12/site-packages'
[1.093s] Level 1:colcon.colcon_core.environment:checking '/home/j/jferber/tutorial/my_robot_ws/install/my_robot_description/bin'
[1.094s] INFO:colcon.colcon_core.shell:Creating package script '/home/j/jferber/tutorial/my_robot_ws/install/my_robot_description/share/my_robot_description/package.ps1'
[1.098s] INFO:colcon.colcon_core.shell:Creating package descriptor '/home/j/jferber/tutorial/my_robot_ws/install/my_robot_description/share/my_robot_description/package.dsv'
[1.102s] INFO:colcon.colcon_core.shell:Creating package script '/home/j/jferber/tutorial/my_robot_ws/install/my_robot_description/share/my_robot_description/package.sh'
[1.110s] INFO:colcon.colcon_core.shell:Creating package script '/home/j/jferber/tutorial/my_robot_ws/install/my_robot_description/share/my_robot_description/package.bash'
[1.115s] INFO:colcon.colcon_core.shell:Creating package script '/home/j/jferber/tutorial/my_robot_ws/install/my_robot_description/share/my_robot_description/package.zsh'
[1.120s] Level 1:colcon.colcon_core.environment:create_file_with_runtime_dependencies(/home/j/jferber/tutorial/my_robot_ws/install/my_robot_description/share/colcon-core/packages/my_robot_description)
[1.335s] DEBUG:colcon.colcon_core.event_handler.log_command:Invoking command in '/home/j/jferber/tutorial/my_robot_ws/build/my_robot_control': PYTHONPATH=/home/j/jferber/tutorial/my_robot_ws/build/my_robot_control/prefix_override:/usr/lib/python3/dist-packages/colcon_core/task/python/colcon_distutils_commands:/home/j/jferber/tutorial/my_robot_ws/install/my_robot_control/lib/python3.12/site-packages:${PYTHONPATH} /usr/bin/python3 -W ignore:setup.py install is deprecated -W ignore:easy_install command is deprecated setup.py develop --editable --build-directory /home/j/jferber/tutorial/my_robot_ws/build/my_robot_control/build --no-deps symlink_data
[2.176s] Level 1:colcon.colcon_core.shell:create_environment_hook('my_robot_control', 'pythonpath_develop')
[2.176s] INFO:colcon.colcon_core.shell:Creating environment hook '/home/j/jferber/tutorial/my_robot_ws/build/my_robot_control/share/my_robot_control/hook/pythonpath_develop.ps1'
[2.177s] DEBUG:colcon.colcon_core.event_handler.log_command:Invoked command in '/home/j/jferber/tutorial/my_robot_ws/build/my_robot_control' returned '0': PYTHONPATH=/home/j/jferber/tutorial/my_robot_ws/build/my_robot_control/prefix_override:/usr/lib/python3/dist-packages/colcon_core/task/python/colcon_distutils_commands:/home/j/jferber/tutorial/my_robot_ws/install/my_robot_control/lib/python3.12/site-packages:${PYTHONPATH} /usr/bin/python3 -W ignore:setup.py install is deprecated -W ignore:easy_install command is deprecated setup.py develop --editable --build-directory /home/j/jferber/tutorial/my_robot_ws/build/my_robot_control/build --no-deps symlink_data
[2.182s] INFO:colcon.colcon_core.shell:Creating environment descriptor '/home/j/jferber/tutorial/my_robot_ws/build/my_robot_control/share/my_robot_control/hook/pythonpath_develop.dsv'
[2.185s] INFO:colcon.colcon_core.shell:Creating environment hook '/home/j/jferber/tutorial/my_robot_ws/build/my_robot_control/share/my_robot_control/hook/pythonpath_develop.sh'
[2.191s] Level 1:colcon.colcon_core.environment:checking '/home/j/jferber/tutorial/my_robot_ws/install/my_robot_control' for CMake module files
[2.192s] Level 1:colcon.colcon_core.environment:checking '/home/j/jferber/tutorial/my_robot_ws/install/my_robot_control' for CMake config files
[2.193s] Level 1:colcon.colcon_core.environment:checking '/home/j/jferber/tutorial/my_robot_ws/install/my_robot_control/lib'
[2.193s] Level 1:colcon.colcon_core.environment:checking '/home/j/jferber/tutorial/my_robot_ws/install/my_robot_control/bin'
[2.194s] Level 1:colcon.colcon_core.environment:checking '/home/j/jferber/tutorial/my_robot_ws/install/my_robot_control/lib/pkgconfig/my_robot_control.pc'
[2.194s] Level 1:colcon.colcon_core.environment:checking '/home/j/jferber/tutorial/my_robot_ws/install/my_robot_control/lib/python3.12/site-packages'
[2.194s] Level 1:colcon.colcon_core.shell:create_environment_hook('my_robot_control', 'pythonpath')
[2.194s] INFO:colcon.colcon_core.shell:Creating environment hook '/home/j/jferber/tutorial/my_robot_ws/install/my_robot_control/share/my_robot_control/hook/pythonpath.ps1'
[2.198s] INFO:colcon.colcon_core.shell:Creating environment descriptor '/home/j/jferber/tutorial/my_robot_ws/install/my_robot_control/share/my_robot_control/hook/pythonpath.dsv'
[2.205s] INFO:colcon.colcon_core.shell:Creating environment hook '/home/j/jferber/tutorial/my_robot_ws/install/my_robot_control/share/my_robot_control/hook/pythonpath.sh'
[2.211s] Level 1:colcon.colcon_core.environment:checking '/home/j/jferber/tutorial/my_robot_ws/install/my_robot_control/bin'
[2.211s] Level 1:colcon.colcon_core.environment:create_environment_scripts_only(my_robot_control)
[2.211s] INFO:colcon.colcon_core.shell:Creating package script '/home/j/jferber/tutorial/my_robot_ws/install/my_robot_control/share/my_robot_control/package.ps1'
[2.217s] INFO:colcon.colcon_core.shell:Creating package descriptor '/home/j/jferber/tutorial/my_robot_ws/install/my_robot_control/share/my_robot_control/package.dsv'
[2.222s] INFO:colcon.colcon_core.shell:Creating package script '/home/j/jferber/tutorial/my_robot_ws/install/my_robot_control/share/my_robot_control/package.sh'
[2.228s] INFO:colcon.colcon_core.shell:Creating package script '/home/j/jferber/tutorial/my_robot_ws/install/my_robot_control/share/my_robot_control/package.bash'
[2.233s] INFO:colcon.colcon_core.shell:Creating package script '/home/j/jferber/tutorial/my_robot_ws/install/my_robot_control/share/my_robot_control/package.zsh'
[2.237s] Level 1:colcon.colcon_core.environment:create_file_with_runtime_dependencies(/home/j/jferber/tutorial/my_robot_ws/install/my_robot_control/share/colcon-core/packages/my_robot_control)
[2.242s] DEBUG:colcon.colcon_parallel_executor.executor.parallel:closing loop
[2.242s] DEBUG:colcon.colcon_parallel_executor.executor.parallel:loop closed
[2.242s] DEBUG:colcon.colcon_parallel_executor.executor.parallel:run_until_complete finished with '0'
[2.243s] DEBUG:colcon.colcon_core.event_reactor:joining thread
[2.254s] INFO:colcon.colcon_core.plugin_system:Skipping extension 'colcon_notification.desktop_notification.notify_send': Could not find 'notify-send'
[2.254s] INFO:colcon.colcon_core.plugin_system:Skipping extension 'colcon_notification.desktop_notification.terminal_notifier': Not used on non-Darwin systems
[2.254s] INFO:colcon.colcon_core.plugin_system:Skipping extension 'colcon_notification.desktop_notification.win32': Not used on non-Windows systems
[2.254s] INFO:colcon.colcon_notification.desktop_notification:Sending desktop notification using 'notify2'
[2.259s] DEBUG:colcon.colcon_notification.desktop_notification.notify2:Failed to initialize notify2: org.freedesktop.DBus.Error.Spawn.ExecFailed: /usr/bin/dbus-launch terminated abnormally without any error message
[2.259s] DEBUG:colcon.colcon_core.event_reactor:joined thread
[2.260s] INFO:colcon.colcon_core.shell:Creating prefix script '/home/j/jferber/tutorial/my_robot_ws/install/local_setup.ps1'
[2.264s] INFO:colcon.colcon_core.shell:Creating prefix util module '/home/j/jferber/tutorial/my_robot_ws/install/_local_setup_util_ps1.py'
[2.271s] INFO:colcon.colcon_core.shell:Creating prefix chain script '/home/j/jferber/tutorial/my_robot_ws/install/setup.ps1'
[2.277s] INFO:colcon.colcon_core.shell:Creating prefix script '/home/j/jferber/tutorial/my_robot_ws/install/local_setup.sh'
[2.282s] INFO:colcon.colcon_core.shell:Creating prefix util module '/home/j/jferber/tutorial/my_robot_ws/install/_local_setup_util_sh.py'
[2.287s] INFO:colcon.colcon_core.shell:Creating prefix chain script '/home/j/jferber/tutorial/my_robot_ws/install/setup.sh'
[2.293s] INFO:colcon.colcon_core.shell:Creating prefix script '/home/j/jferber/tutorial/my_robot_ws/install/local_setup.bash'
[2.299s] INFO:colcon.colcon_core.shell:Creating prefix chain script '/home/j/jferber/tutorial/my_robot_ws/install/setup.bash'
[2.305s] INFO:colcon.colcon_core.shell:Creating prefix script '/home/j/jferber/tutorial/my_robot_ws/install/local_setup.zsh'
[2.310s] INFO:colcon.colcon_core.shell:Creating prefix chain script '/home/j/jferber/tutorial/my_robot_ws/install/setup.zsh'
