[0.093s] DEBUG:colcon:Command line arguments: ['/usr/bin/colcon', 'build', '--symlink-install']
[0.093s] DEBUG:colcon:Parsed command line arguments: Namespace(log_base=None, log_level=None, verb_name='build', build_base='build', install_base='install', merge_install=False, symlink_install=True, test_result_base=None, continue_on_error=False, executor='parallel', parallel_workers=32, event_handlers=None, ignore_user_meta=False, metas=['./colcon.meta'], base_paths=['.'], packages_ignore=None, packages_ignore_regex=None, paths=None, packages_up_to=None, packages_up_to_regex=None, packages_above=None, packages_above_and_dependencies=None, packages_above_depth=None, packages_select_by_dep=None, packages_skip_by_dep=None, packages_skip_up_to=None, packages_select_build_failed=False, packages_skip_build_finished=False, packages_select_test_failures=False, packages_skip_test_passed=False, packages_select=None, packages_skip=None, packages_select_regex=None, packages_skip_regex=None, packages_start=None, packages_end=None, cmake_args=None, cmake_target=None, cmake_target_skip_unavailable=False, cmake_clean_cache=False, cmake_clean_first=False, cmake_force_configure=False, ament_cmake_args=None, catkin_cmake_args=None, catkin_skip_building_tests=False, mixin_files=None, mixin=None, verb_parser=<colcon_mixin.mixin.mixin_argument.MixinArgumentDecorator object at 0x7fc59f99c590>, verb_extension=<colcon_core.verb.build.BuildVerb object at 0x7fc59fafc3e0>, main=<bound method BuildVerb.main of <colcon_core.verb.build.BuildVerb object at 0x7fc59fafc3e0>>, mixin_verb=('build',))
[0.128s] Level 1:colcon.colcon_core.package_discovery:discover_packages(colcon_meta) check parameters
[0.128s] Level 1:colcon.colcon_core.package_discovery:discover_packages(recursive) check parameters
[0.128s] Level 1:colcon.colcon_core.package_discovery:discover_packages(ignore) check parameters
[0.128s] Level 1:colcon.colcon_core.package_discovery:discover_packages(path) check parameters
[0.128s] Level 1:colcon.colcon_core.package_discovery:discover_packages(colcon_meta) discover
[0.128s] Level 1:colcon.colcon_core.package_discovery:discover_packages(recursive) discover
[0.128s] INFO:colcon.colcon_core.package_discovery:Crawling recursively for packages in '/home/j/jferber/tutorial/my_robot_ws'
[0.128s] Level 1:colcon.colcon_core.package_identification:_identify(.) by extensions ['ignore', 'ignore_ament_install']
[0.128s] Level 1:colcon.colcon_core.package_identification:_identify(.) by extension 'ignore'
[0.128s] Level 1:colcon.colcon_core.package_identification:_identify(.) by extension 'ignore_ament_install'
[0.128s] Level 1:colcon.colcon_core.package_identification:_identify(.) by extensions ['colcon_pkg']
[0.128s] Level 1:colcon.colcon_core.package_identification:_identify(.) by extension 'colcon_pkg'
[0.128s] Level 1:colcon.colcon_core.package_identification:_identify(.) by extensions ['colcon_meta']
[0.128s] Level 1:colcon.colcon_core.package_identification:_identify(.) by extension 'colcon_meta'
[0.129s] Level 1:colcon.colcon_core.package_identification:_identify(.) by extensions ['ros']
[0.129s] Level 1:colcon.colcon_core.package_identification:_identify(.) by extension 'ros'
[0.151s] Level 1:colcon.colcon_core.package_identification:_identify(.) by extensions ['cmake', 'python']
[0.151s] Level 1:colcon.colcon_core.package_identification:_identify(.) by extension 'cmake'
[0.151s] Level 1:colcon.colcon_core.package_identification:_identify(.) by extension 'python'
[0.151s] Level 1:colcon.colcon_core.package_identification:_identify(.) by extensions ['python_setup_py']
[0.151s] Level 1:colcon.colcon_core.package_identification:_identify(.) by extension 'python_setup_py'
[0.151s] Level 1:colcon.colcon_core.package_identification:_identify(build) by extensions ['ignore', 'ignore_ament_install']
[0.151s] Level 1:colcon.colcon_core.package_identification:_identify(build) by extension 'ignore'
[0.151s] Level 1:colcon.colcon_core.package_identification:_identify(build) ignored
[0.151s] Level 1:colcon.colcon_core.package_identification:_identify(install) by extensions ['ignore', 'ignore_ament_install']
[0.151s] Level 1:colcon.colcon_core.package_identification:_identify(install) by extension 'ignore'
[0.151s] Level 1:colcon.colcon_core.package_identification:_identify(install) ignored
[0.154s] Level 1:colcon.colcon_core.package_identification:_identify(log) by extensions ['ignore', 'ignore_ament_install']
[0.155s] Level 1:colcon.colcon_core.package_identification:_identify(log) by extension 'ignore'
[0.155s] Level 1:colcon.colcon_core.package_identification:_identify(log) ignored
[0.155s] Level 1:colcon.colcon_core.package_identification:_identify(src) by extensions ['ignore', 'ignore_ament_install']
[0.155s] Level 1:colcon.colcon_core.package_identification:_identify(src) by extension 'ignore'
[0.155s] Level 1:colcon.colcon_core.package_identification:_identify(src) by extension 'ignore_ament_install'
[0.155s] Level 1:colcon.colcon_core.package_identification:_identify(src) by extensions ['colcon_pkg']
[0.155s] Level 1:colcon.colcon_core.package_identification:_identify(src) by extension 'colcon_pkg'
[0.156s] Level 1:colcon.colcon_core.package_identification:_identify(src) by extensions ['colcon_meta']
[0.156s] Level 1:colcon.colcon_core.package_identification:_identify(src) by extension 'colcon_meta'
[0.156s] Level 1:colcon.colcon_core.package_identification:_identify(src) by extensions ['ros']
[0.156s] Level 1:colcon.colcon_core.package_identification:_identify(src) by extension 'ros'
[0.156s] Level 1:colcon.colcon_core.package_identification:_identify(src) by extensions ['cmake', 'python']
[0.156s] Level 1:colcon.colcon_core.package_identification:_identify(src) by extension 'cmake'
[0.156s] Level 1:colcon.colcon_core.package_identification:_identify(src) by extension 'python'
[0.156s] Level 1:colcon.colcon_core.package_identification:_identify(src) by extensions ['python_setup_py']
[0.156s] Level 1:colcon.colcon_core.package_identification:_identify(src) by extension 'python_setup_py'
[0.156s] Level 1:colcon.colcon_core.package_identification:_identify(src/my_robot_bringup) by extensions ['ignore', 'ignore_ament_install']
[0.156s] Level 1:colcon.colcon_core.package_identification:_identify(src/my_robot_bringup) by extension 'ignore'
[0.156s] Level 1:colcon.colcon_core.package_identification:_identify(src/my_robot_bringup) by extension 'ignore_ament_install'
[0.156s] Level 1:colcon.colcon_core.package_identification:_identify(src/my_robot_bringup) by extensions ['colcon_pkg']
[0.156s] Level 1:colcon.colcon_core.package_identification:_identify(src/my_robot_bringup) by extension 'colcon_pkg'
[0.156s] Level 1:colcon.colcon_core.package_identification:_identify(src/my_robot_bringup) by extensions ['colcon_meta']
[0.156s] Level 1:colcon.colcon_core.package_identification:_identify(src/my_robot_bringup) by extension 'colcon_meta'
[0.156s] Level 1:colcon.colcon_core.package_identification:_identify(src/my_robot_bringup) by extensions ['ros']
[0.156s] Level 1:colcon.colcon_core.package_identification:_identify(src/my_robot_bringup) by extension 'ros'
[0.159s] DEBUG:colcon.colcon_core.package_identification:Package 'src/my_robot_bringup' with type 'ros.ament_cmake' and name 'my_robot_bringup'
[0.159s] Level 1:colcon.colcon_core.package_identification:_identify(src/my_robot_control) by extensions ['ignore', 'ignore_ament_install']
[0.159s] Level 1:colcon.colcon_core.package_identification:_identify(src/my_robot_control) by extension 'ignore'
[0.159s] Level 1:colcon.colcon_core.package_identification:_identify(src/my_robot_control) by extension 'ignore_ament_install'
[0.159s] Level 1:colcon.colcon_core.package_identification:_identify(src/my_robot_control) by extensions ['colcon_pkg']
[0.159s] Level 1:colcon.colcon_core.package_identification:_identify(src/my_robot_control) by extension 'colcon_pkg'
[0.159s] Level 1:colcon.colcon_core.package_identification:_identify(src/my_robot_control) by extensions ['colcon_meta']
[0.159s] Level 1:colcon.colcon_core.package_identification:_identify(src/my_robot_control) by extension 'colcon_meta'
[0.159s] Level 1:colcon.colcon_core.package_identification:_identify(src/my_robot_control) by extensions ['ros']
[0.159s] Level 1:colcon.colcon_core.package_identification:_identify(src/my_robot_control) by extension 'ros'
[0.161s] DEBUG:colcon.colcon_core.package_identification:Package 'src/my_robot_control' with type 'ros.ament_python' and name 'my_robot_control'
[0.161s] Level 1:colcon.colcon_core.package_identification:_identify(src/my_robot_description) by extensions ['ignore', 'ignore_ament_install']
[0.161s] Level 1:colcon.colcon_core.package_identification:_identify(src/my_robot_description) by extension 'ignore'
[0.161s] Level 1:colcon.colcon_core.package_identification:_identify(src/my_robot_description) by extension 'ignore_ament_install'
[0.161s] Level 1:colcon.colcon_core.package_identification:_identify(src/my_robot_description) by extensions ['colcon_pkg']
[0.161s] Level 1:colcon.colcon_core.package_identification:_identify(src/my_robot_description) by extension 'colcon_pkg'
[0.161s] Level 1:colcon.colcon_core.package_identification:_identify(src/my_robot_description) by extensions ['colcon_meta']
[0.161s] Level 1:colcon.colcon_core.package_identification:_identify(src/my_robot_description) by extension 'colcon_meta'
[0.161s] Level 1:colcon.colcon_core.package_identification:_identify(src/my_robot_description) by extensions ['ros']
[0.161s] Level 1:colcon.colcon_core.package_identification:_identify(src/my_robot_description) by extension 'ros'
[0.162s] DEBUG:colcon.colcon_core.package_identification:Package 'src/my_robot_description' with type 'ros.ament_cmake' and name 'my_robot_description'
[0.162s] Level 1:colcon.colcon_core.package_discovery:discover_packages(recursive) using defaults
[0.162s] Level 1:colcon.colcon_core.package_discovery:discover_packages(ignore) discover
[0.162s] Level 1:colcon.colcon_core.package_discovery:discover_packages(ignore) using defaults
[0.162s] Level 1:colcon.colcon_core.package_discovery:discover_packages(path) discover
[0.162s] Level 1:colcon.colcon_core.package_discovery:discover_packages(path) using defaults
[0.176s] Level 5:colcon.colcon_core.verb:set package 'my_robot_bringup' build argument 'cmake_args' from command line to 'None'
[0.176s] Level 5:colcon.colcon_core.verb:set package 'my_robot_bringup' build argument 'cmake_target' from command line to 'None'
[0.176s] Level 5:colcon.colcon_core.verb:set package 'my_robot_bringup' build argument 'cmake_target_skip_unavailable' from command line to 'False'
[0.176s] Level 5:colcon.colcon_core.verb:set package 'my_robot_bringup' build argument 'cmake_clean_cache' from command line to 'False'
[0.176s] Level 5:colcon.colcon_core.verb:set package 'my_robot_bringup' build argument 'cmake_clean_first' from command line to 'False'
[0.176s] Level 5:colcon.colcon_core.verb:set package 'my_robot_bringup' build argument 'cmake_force_configure' from command line to 'False'
[0.176s] Level 5:colcon.colcon_core.verb:set package 'my_robot_bringup' build argument 'ament_cmake_args' from command line to 'None'
[0.176s] Level 5:colcon.colcon_core.verb:set package 'my_robot_bringup' build argument 'catkin_cmake_args' from command line to 'None'
[0.176s] Level 5:colcon.colcon_core.verb:set package 'my_robot_bringup' build argument 'catkin_skip_building_tests' from command line to 'False'
[0.177s] DEBUG:colcon.colcon_core.verb:Building package 'my_robot_bringup' with the following arguments: {'ament_cmake_args': None, 'build_base': '/home/j/jferber/tutorial/my_robot_ws/build/my_robot_bringup', 'catkin_cmake_args': None, 'catkin_skip_building_tests': False, 'cmake_args': None, 'cmake_clean_cache': False, 'cmake_clean_first': False, 'cmake_force_configure': False, 'cmake_target': None, 'cmake_target_skip_unavailable': False, 'install_base': '/home/j/jferber/tutorial/my_robot_ws/install/my_robot_bringup', 'merge_install': False, 'path': '/home/j/jferber/tutorial/my_robot_ws/src/my_robot_bringup', 'symlink_install': True, 'test_result_base': None}
[0.177s] Level 5:colcon.colcon_core.verb:set package 'my_robot_control' build argument 'cmake_args' from command line to 'None'
[0.177s] Level 5:colcon.colcon_core.verb:set package 'my_robot_control' build argument 'cmake_target' from command line to 'None'
[0.177s] Level 5:colcon.colcon_core.verb:set package 'my_robot_control' build argument 'cmake_target_skip_unavailable' from command line to 'False'
[0.177s] Level 5:colcon.colcon_core.verb:set package 'my_robot_control' build argument 'cmake_clean_cache' from command line to 'False'
[0.177s] Level 5:colcon.colcon_core.verb:set package 'my_robot_control' build argument 'cmake_clean_first' from command line to 'False'
[0.177s] Level 5:colcon.colcon_core.verb:set package 'my_robot_control' build argument 'cmake_force_configure' from command line to 'False'
[0.177s] Level 5:colcon.colcon_core.verb:set package 'my_robot_control' build argument 'ament_cmake_args' from command line to 'None'
[0.177s] Level 5:colcon.colcon_core.verb:set package 'my_robot_control' build argument 'catkin_cmake_args' from command line to 'None'
[0.177s] Level 5:colcon.colcon_core.verb:set package 'my_robot_control' build argument 'catkin_skip_building_tests' from command line to 'False'
[0.177s] DEBUG:colcon.colcon_core.verb:Building package 'my_robot_control' with the following arguments: {'ament_cmake_args': None, 'build_base': '/home/j/jferber/tutorial/my_robot_ws/build/my_robot_control', 'catkin_cmake_args': None, 'catkin_skip_building_tests': False, 'cmake_args': None, 'cmake_clean_cache': False, 'cmake_clean_first': False, 'cmake_force_configure': False, 'cmake_target': None, 'cmake_target_skip_unavailable': False, 'install_base': '/home/j/jferber/tutorial/my_robot_ws/install/my_robot_control', 'merge_install': False, 'path': '/home/j/jferber/tutorial/my_robot_ws/src/my_robot_control', 'symlink_install': True, 'test_result_base': None}
[0.177s] Level 5:colcon.colcon_core.verb:set package 'my_robot_description' build argument 'cmake_args' from command line to 'None'
[0.177s] Level 5:colcon.colcon_core.verb:set package 'my_robot_description' build argument 'cmake_target' from command line to 'None'
[0.177s] Level 5:colcon.colcon_core.verb:set package 'my_robot_description' build argument 'cmake_target_skip_unavailable' from command line to 'False'
[0.177s] Level 5:colcon.colcon_core.verb:set package 'my_robot_description' build argument 'cmake_clean_cache' from command line to 'False'
[0.177s] Level 5:colcon.colcon_core.verb:set package 'my_robot_description' build argument 'cmake_clean_first' from command line to 'False'
[0.177s] Level 5:colcon.colcon_core.verb:set package 'my_robot_description' build argument 'cmake_force_configure' from command line to 'False'
[0.177s] Level 5:colcon.colcon_core.verb:set package 'my_robot_description' build argument 'ament_cmake_args' from command line to 'None'
[0.177s] Level 5:colcon.colcon_core.verb:set package 'my_robot_description' build argument 'catkin_cmake_args' from command line to 'None'
[0.177s] Level 5:colcon.colcon_core.verb:set package 'my_robot_description' build argument 'catkin_skip_building_tests' from command line to 'False'
[0.177s] DEBUG:colcon.colcon_core.verb:Building package 'my_robot_description' with the following arguments: {'ament_cmake_args': None, 'build_base': '/home/j/jferber/tutorial/my_robot_ws/build/my_robot_description', 'catkin_cmake_args': None, 'catkin_skip_building_tests': False, 'cmake_args': None, 'cmake_clean_cache': False, 'cmake_clean_first': False, 'cmake_force_configure': False, 'cmake_target': None, 'cmake_target_skip_unavailable': False, 'install_base': '/home/j/jferber/tutorial/my_robot_ws/install/my_robot_description', 'merge_install': False, 'path': '/home/j/jferber/tutorial/my_robot_ws/src/my_robot_description', 'symlink_install': True, 'test_result_base': None}
[0.177s] INFO:colcon.colcon_core.executor:Executing jobs using 'parallel' executor
[0.178s] DEBUG:colcon.colcon_parallel_executor.executor.parallel:run_until_complete
[0.179s] INFO:colcon.colcon_ros.task.ament_cmake.build:Building ROS package in '/home/j/jferber/tutorial/my_robot_ws/src/my_robot_bringup' with build type 'ament_cmake'
[0.179s] INFO:colcon.colcon_cmake.task.cmake.build:Building CMake package in '/home/j/jferber/tutorial/my_robot_ws/src/my_robot_bringup'
[0.181s] INFO:colcon.colcon_core.plugin_system:Skipping extension 'colcon_core.shell.bat': Not used on non-Windows systems
[0.182s] INFO:colcon.colcon_core.shell:Skip shell extension 'powershell' for command environment: Not usable outside of PowerShell
[0.182s] DEBUG:colcon.colcon_core.shell:Skip shell extension 'dsv' for command environment
[0.192s] INFO:colcon.colcon_ros.task.ament_python.build:Building ROS package in '/home/j/jferber/tutorial/my_robot_ws/src/my_robot_control' with build type 'ament_python'
[0.193s] Level 1:colcon.colcon_core.shell:create_environment_hook('my_robot_control', 'ament_prefix_path')
[0.193s] INFO:colcon.colcon_core.shell:Creating environment hook '/home/j/jferber/tutorial/my_robot_ws/install/my_robot_control/share/my_robot_control/hook/ament_prefix_path.ps1'
[0.197s] INFO:colcon.colcon_core.shell:Creating environment descriptor '/home/j/jferber/tutorial/my_robot_ws/install/my_robot_control/share/my_robot_control/hook/ament_prefix_path.dsv'
[0.201s] INFO:colcon.colcon_core.shell:Creating environment hook '/home/j/jferber/tutorial/my_robot_ws/install/my_robot_control/share/my_robot_control/hook/ament_prefix_path.sh'
[0.205s] INFO:colcon.colcon_core.shell:Skip shell extension 'powershell' for command environment: Not usable outside of PowerShell
[0.206s] DEBUG:colcon.colcon_core.shell:Skip shell extension 'dsv' for command environment
[0.213s] INFO:colcon.colcon_ros.task.ament_cmake.build:Building ROS package in '/home/j/jferber/tutorial/my_robot_ws/src/my_robot_description' with build type 'ament_cmake'
[0.213s] INFO:colcon.colcon_cmake.task.cmake.build:Building CMake package in '/home/j/jferber/tutorial/my_robot_ws/src/my_robot_description'
[0.213s] INFO:colcon.colcon_core.shell:Skip shell extension 'powershell' for command environment: Not usable outside of PowerShell
[0.213s] DEBUG:colcon.colcon_core.shell:Skip shell extension 'dsv' for command environment
[0.239s] DEBUG:colcon.colcon_core.event_handler.log_command:Invoking command in '/home/j/jferber/tutorial/my_robot_ws/build/my_robot_bringup': CMAKE_PREFIX_PATH=${CMAKE_PREFIX_PATH}:/home/j/jferber/tutorial/my_robot_ws/install/my_robot_control:/opt/ros/jazzy DEBUGINFOD_URLS=https://debuginfod.ubuntu.com /usr/bin/cmake --build /home/j/jferber/tutorial/my_robot_ws/build/my_robot_bringup -- -j32 -l32
[0.410s] INFO:colcon.colcon_core.task.python.build:Building Python package in '/home/j/jferber/tutorial/my_robot_ws/src/my_robot_control'
[0.410s] INFO:colcon.colcon_core.shell:Skip shell extension 'powershell' for command environment: Not usable outside of PowerShell
[0.411s] DEBUG:colcon.colcon_core.shell:Skip shell extension 'dsv' for command environment
[0.443s] DEBUG:colcon.colcon_core.event_handler.log_command:Invoking command in '/home/j/jferber/tutorial/my_robot_ws/build/my_robot_description': CMAKE_PREFIX_PATH=${CMAKE_PREFIX_PATH}:/home/j/jferber/tutorial/my_robot_ws/install/my_robot_control:/opt/ros/jazzy DEBUGINFOD_URLS=https://debuginfod.ubuntu.com /usr/bin/cmake --build /home/j/jferber/tutorial/my_robot_ws/build/my_robot_description -- -j32 -l32
[0.444s] DEBUG:colcon.colcon_core.event_handler.log_command:Invoked command in '/home/j/jferber/tutorial/my_robot_ws/build/my_robot_bringup' returned '0': CMAKE_PREFIX_PATH=${CMAKE_PREFIX_PATH}:/home/j/jferber/tutorial/my_robot_ws/install/my_robot_control:/opt/ros/jazzy DEBUGINFOD_URLS=https://debuginfod.ubuntu.com /usr/bin/cmake --build /home/j/jferber/tutorial/my_robot_ws/build/my_robot_bringup -- -j32 -l32
[0.458s] DEBUG:colcon.colcon_core.event_handler.log_command:Invoking command in '/home/j/jferber/tutorial/my_robot_ws/build/my_robot_bringup': CMAKE_PREFIX_PATH=${CMAKE_PREFIX_PATH}:/home/j/jferber/tutorial/my_robot_ws/install/my_robot_control:/opt/ros/jazzy DEBUGINFOD_URLS=https://debuginfod.ubuntu.com /usr/bin/cmake --install /home/j/jferber/tutorial/my_robot_ws/build/my_robot_bringup
[0.495s] Level 1:colcon.colcon_core.environment:create_environment_scripts_only(my_robot_bringup)
[0.496s] DEBUG:colcon.colcon_core.event_handler.log_command:Invoked command in '/home/j/jferber/tutorial/my_robot_ws/build/my_robot_bringup' returned '0': CMAKE_PREFIX_PATH=${CMAKE_PREFIX_PATH}:/home/j/jferber/tutorial/my_robot_ws/install/my_robot_control:/opt/ros/jazzy DEBUGINFOD_URLS=https://debuginfod.ubuntu.com /usr/bin/cmake --install /home/j/jferber/tutorial/my_robot_ws/build/my_robot_bringup
[0.500s] Level 1:colcon.colcon_core.environment:checking '/home/j/jferber/tutorial/my_robot_ws/install/my_robot_bringup' for CMake module files
[0.503s] Level 1:colcon.colcon_core.environment:checking '/home/j/jferber/tutorial/my_robot_ws/install/my_robot_bringup' for CMake config files
[0.504s] Level 1:colcon.colcon_core.shell:create_environment_hook('my_robot_bringup', 'cmake_prefix_path')
[0.504s] INFO:colcon.colcon_core.shell:Creating environment hook '/home/j/jferber/tutorial/my_robot_ws/install/my_robot_bringup/share/my_robot_bringup/hook/cmake_prefix_path.ps1'
[0.509s] INFO:colcon.colcon_core.shell:Creating environment descriptor '/home/j/jferber/tutorial/my_robot_ws/install/my_robot_bringup/share/my_robot_bringup/hook/cmake_prefix_path.dsv'
[0.517s] INFO:colcon.colcon_core.shell:Creating environment hook '/home/j/jferber/tutorial/my_robot_ws/install/my_robot_bringup/share/my_robot_bringup/hook/cmake_prefix_path.sh'
[0.522s] Level 1:colcon.colcon_core.environment:checking '/home/j/jferber/tutorial/my_robot_ws/install/my_robot_bringup/bin'
[0.522s] Level 1:colcon.colcon_core.environment:checking '/home/j/jferber/tutorial/my_robot_ws/install/my_robot_bringup/lib/pkgconfig/my_robot_bringup.pc'
[0.522s] Level 1:colcon.colcon_core.environment:checking '/home/j/jferber/tutorial/my_robot_ws/install/my_robot_bringup/lib/python3.12/site-packages'
[0.522s] Level 1:colcon.colcon_core.environment:checking '/home/j/jferber/tutorial/my_robot_ws/install/my_robot_bringup/bin'
[0.522s] INFO:colcon.colcon_core.shell:Creating package script '/home/j/jferber/tutorial/my_robot_ws/install/my_robot_bringup/share/my_robot_bringup/package.ps1'
[0.527s] INFO:colcon.colcon_core.shell:Creating package descriptor '/home/j/jferber/tutorial/my_robot_ws/install/my_robot_bringup/share/my_robot_bringup/package.dsv'
[0.528s] INFO:colcon.colcon_core.shell:Creating package script '/home/j/jferber/tutorial/my_robot_ws/install/my_robot_bringup/share/my_robot_bringup/package.sh'
[0.534s] INFO:colcon.colcon_core.shell:Creating package script '/home/j/jferber/tutorial/my_robot_ws/install/my_robot_bringup/share/my_robot_bringup/package.bash'
[0.539s] INFO:colcon.colcon_core.shell:Creating package script '/home/j/jferber/tutorial/my_robot_ws/install/my_robot_bringup/share/my_robot_bringup/package.zsh'
[0.544s] Level 1:colcon.colcon_core.environment:create_file_with_runtime_dependencies(/home/j/jferber/tutorial/my_robot_ws/install/my_robot_bringup/share/colcon-core/packages/my_robot_bringup)
[0.550s] Level 1:colcon.colcon_core.environment:create_environment_scripts_only(my_robot_bringup)
[0.550s] Level 1:colcon.colcon_core.environment:checking '/home/j/jferber/tutorial/my_robot_ws/install/my_robot_bringup' for CMake module files
[0.552s] Level 1:colcon.colcon_core.environment:checking '/home/j/jferber/tutorial/my_robot_ws/install/my_robot_bringup' for CMake config files
[0.552s] Level 1:colcon.colcon_core.shell:create_environment_hook('my_robot_bringup', 'cmake_prefix_path')
[0.553s] INFO:colcon.colcon_core.shell:Creating environment hook '/home/j/jferber/tutorial/my_robot_ws/install/my_robot_bringup/share/my_robot_bringup/hook/cmake_prefix_path.ps1'
[0.562s] INFO:colcon.colcon_core.shell:Creating environment descriptor '/home/j/jferber/tutorial/my_robot_ws/install/my_robot_bringup/share/my_robot_bringup/hook/cmake_prefix_path.dsv'
[0.569s] INFO:colcon.colcon_core.shell:Creating environment hook '/home/j/jferber/tutorial/my_robot_ws/install/my_robot_bringup/share/my_robot_bringup/hook/cmake_prefix_path.sh'
[0.595s] Level 1:colcon.colcon_core.environment:checking '/home/j/jferber/tutorial/my_robot_ws/install/my_robot_bringup/bin'
[0.595s] Level 1:colcon.colcon_core.environment:checking '/home/j/jferber/tutorial/my_robot_ws/install/my_robot_bringup/lib/pkgconfig/my_robot_bringup.pc'
[0.595s] Level 1:colcon.colcon_core.environment:checking '/home/j/jferber/tutorial/my_robot_ws/install/my_robot_bringup/lib/python3.12/site-packages'
[0.595s] Level 1:colcon.colcon_core.environment:checking '/home/j/jferber/tutorial/my_robot_ws/install/my_robot_bringup/bin'
[0.595s] INFO:colcon.colcon_core.shell:Creating package script '/home/j/jferber/tutorial/my_robot_ws/install/my_robot_bringup/share/my_robot_bringup/package.ps1'
[0.601s] INFO:colcon.colcon_core.shell:Creating package descriptor '/home/j/jferber/tutorial/my_robot_ws/install/my_robot_bringup/share/my_robot_bringup/package.dsv'
[0.607s] INFO:colcon.colcon_core.shell:Creating package script '/home/j/jferber/tutorial/my_robot_ws/install/my_robot_bringup/share/my_robot_bringup/package.sh'
[0.614s] INFO:colcon.colcon_core.shell:Creating package script '/home/j/jferber/tutorial/my_robot_ws/install/my_robot_bringup/share/my_robot_bringup/package.bash'
[0.619s] INFO:colcon.colcon_core.shell:Creating package script '/home/j/jferber/tutorial/my_robot_ws/install/my_robot_bringup/share/my_robot_bringup/package.zsh'
[0.623s] Level 1:colcon.colcon_core.environment:create_file_with_runtime_dependencies(/home/j/jferber/tutorial/my_robot_ws/install/my_robot_bringup/share/colcon-core/packages/my_robot_bringup)
[0.634s] DEBUG:colcon.colcon_core.event_handler.log_command:Invoked command in '/home/j/jferber/tutorial/my_robot_ws/build/my_robot_description' returned '0': CMAKE_PREFIX_PATH=${CMAKE_PREFIX_PATH}:/home/j/jferber/tutorial/my_robot_ws/install/my_robot_control:/opt/ros/jazzy DEBUGINFOD_URLS=https://debuginfod.ubuntu.com /usr/bin/cmake --build /home/j/jferber/tutorial/my_robot_ws/build/my_robot_description -- -j32 -l32
[0.635s] DEBUG:colcon.colcon_core.event_handler.log_command:Invoking command in '/home/j/jferber/tutorial/my_robot_ws/build/my_robot_description': CMAKE_PREFIX_PATH=${CMAKE_PREFIX_PATH}:/home/j/jferber/tutorial/my_robot_ws/install/my_robot_control:/opt/ros/jazzy DEBUGINFOD_URLS=https://debuginfod.ubuntu.com /usr/bin/cmake --install /home/j/jferber/tutorial/my_robot_ws/build/my_robot_description
[0.677s] Level 1:colcon.colcon_core.environment:create_environment_scripts_only(my_robot_description)
[0.678s] DEBUG:colcon.colcon_core.event_handler.log_command:Invoked command in '/home/j/jferber/tutorial/my_robot_ws/build/my_robot_description' returned '0': CMAKE_PREFIX_PATH=${CMAKE_PREFIX_PATH}:/home/j/jferber/tutorial/my_robot_ws/install/my_robot_control:/opt/ros/jazzy DEBUGINFOD_URLS=https://debuginfod.ubuntu.com /usr/bin/cmake --install /home/j/jferber/tutorial/my_robot_ws/build/my_robot_description
[0.679s] Level 1:colcon.colcon_core.environment:checking '/home/j/jferber/tutorial/my_robot_ws/install/my_robot_description' for CMake module files
[0.685s] Level 1:colcon.colcon_core.environment:checking '/home/j/jferber/tutorial/my_robot_ws/install/my_robot_description' for CMake config files
[0.686s] Level 1:colcon.colcon_core.shell:create_environment_hook('my_robot_description', 'cmake_prefix_path')
[0.686s] INFO:colcon.colcon_core.shell:Creating environment hook '/home/j/jferber/tutorial/my_robot_ws/install/my_robot_description/share/my_robot_description/hook/cmake_prefix_path.ps1'
[0.693s] INFO:colcon.colcon_core.shell:Creating environment descriptor '/home/j/jferber/tutorial/my_robot_ws/install/my_robot_description/share/my_robot_description/hook/cmake_prefix_path.dsv'
[0.700s] INFO:colcon.colcon_core.shell:Creating environment hook '/home/j/jferber/tutorial/my_robot_ws/install/my_robot_description/share/my_robot_description/hook/cmake_prefix_path.sh'
[0.706s] Level 1:colcon.colcon_core.environment:checking '/home/j/jferber/tutorial/my_robot_ws/install/my_robot_description/bin'
[0.706s] Level 1:colcon.colcon_core.environment:checking '/home/j/jferber/tutorial/my_robot_ws/install/my_robot_description/lib/pkgconfig/my_robot_description.pc'
[0.706s] Level 1:colcon.colcon_core.environment:checking '/home/j/jferber/tutorial/my_robot_ws/install/my_robot_description/lib/python3.12/site-packages'
[0.706s] Level 1:colcon.colcon_core.environment:checking '/home/j/jferber/tutorial/my_robot_ws/install/my_robot_description/bin'
[0.706s] INFO:colcon.colcon_core.shell:Creating package script '/home/j/jferber/tutorial/my_robot_ws/install/my_robot_description/share/my_robot_description/package.ps1'
[0.710s] INFO:colcon.colcon_core.shell:Creating package descriptor '/home/j/jferber/tutorial/my_robot_ws/install/my_robot_description/share/my_robot_description/package.dsv'
[0.712s] INFO:colcon.colcon_core.shell:Creating package script '/home/j/jferber/tutorial/my_robot_ws/install/my_robot_description/share/my_robot_description/package.sh'
[0.717s] INFO:colcon.colcon_core.shell:Creating package script '/home/j/jferber/tutorial/my_robot_ws/install/my_robot_description/share/my_robot_description/package.bash'
[0.720s] INFO:colcon.colcon_core.shell:Creating package script '/home/j/jferber/tutorial/my_robot_ws/install/my_robot_description/share/my_robot_description/package.zsh'
[0.724s] Level 1:colcon.colcon_core.environment:create_file_with_runtime_dependencies(/home/j/jferber/tutorial/my_robot_ws/install/my_robot_description/share/colcon-core/packages/my_robot_description)
[0.725s] Level 1:colcon.colcon_core.environment:create_environment_scripts_only(my_robot_description)
[0.725s] Level 1:colcon.colcon_core.environment:checking '/home/j/jferber/tutorial/my_robot_ws/install/my_robot_description' for CMake module files
[0.727s] Level 1:colcon.colcon_core.environment:checking '/home/j/jferber/tutorial/my_robot_ws/install/my_robot_description' for CMake config files
[0.728s] Level 1:colcon.colcon_core.shell:create_environment_hook('my_robot_description', 'cmake_prefix_path')
[0.728s] INFO:colcon.colcon_core.shell:Creating environment hook '/home/j/jferber/tutorial/my_robot_ws/install/my_robot_description/share/my_robot_description/hook/cmake_prefix_path.ps1'
[0.732s] INFO:colcon.colcon_core.shell:Creating environment descriptor '/home/j/jferber/tutorial/my_robot_ws/install/my_robot_description/share/my_robot_description/hook/cmake_prefix_path.dsv'
[0.738s] INFO:colcon.colcon_core.shell:Creating environment hook '/home/j/jferber/tutorial/my_robot_ws/install/my_robot_description/share/my_robot_description/hook/cmake_prefix_path.sh'
[0.743s] Level 1:colcon.colcon_core.environment:checking '/home/j/jferber/tutorial/my_robot_ws/install/my_robot_description/bin'
[0.743s] Level 1:colcon.colcon_core.environment:checking '/home/j/jferber/tutorial/my_robot_ws/install/my_robot_description/lib/pkgconfig/my_robot_description.pc'
[0.743s] Level 1:colcon.colcon_core.environment:checking '/home/j/jferber/tutorial/my_robot_ws/install/my_robot_description/lib/python3.12/site-packages'
[0.743s] Level 1:colcon.colcon_core.environment:checking '/home/j/jferber/tutorial/my_robot_ws/install/my_robot_description/bin'
[0.744s] INFO:colcon.colcon_core.shell:Creating package script '/home/j/jferber/tutorial/my_robot_ws/install/my_robot_description/share/my_robot_description/package.ps1'
[0.748s] INFO:colcon.colcon_core.shell:Creating package descriptor '/home/j/jferber/tutorial/my_robot_ws/install/my_robot_description/share/my_robot_description/package.dsv'
[0.752s] INFO:colcon.colcon_core.shell:Creating package script '/home/j/jferber/tutorial/my_robot_ws/install/my_robot_description/share/my_robot_description/package.sh'
[0.852s] INFO:colcon.colcon_core.shell:Creating package script '/home/j/jferber/tutorial/my_robot_ws/install/my_robot_description/share/my_robot_description/package.bash'
[0.858s] INFO:colcon.colcon_core.shell:Creating package script '/home/j/jferber/tutorial/my_robot_ws/install/my_robot_description/share/my_robot_description/package.zsh'
[0.864s] Level 1:colcon.colcon_core.environment:create_file_with_runtime_dependencies(/home/j/jferber/tutorial/my_robot_ws/install/my_robot_description/share/colcon-core/packages/my_robot_description)
[0.901s] DEBUG:colcon.colcon_core.event_handler.log_command:Invoking command in '/home/j/jferber/tutorial/my_robot_ws/build/my_robot_control': DEBUGINFOD_URLS=https://debuginfod.ubuntu.com PYTHONPATH=/home/j/jferber/tutorial/my_robot_ws/build/my_robot_control/prefix_override:/usr/lib/python3/dist-packages/colcon_core/task/python/colcon_distutils_commands:/home/j/jferber/tutorial/my_robot_ws/install/my_robot_control/lib/python3.12/site-packages:${PYTHONPATH} /usr/bin/python3 -W ignore:setup.py install is deprecated -W ignore:easy_install command is deprecated setup.py develop --editable --build-directory /home/j/jferber/tutorial/my_robot_ws/build/my_robot_control/build --no-deps symlink_data
[1.421s] Level 1:colcon.colcon_core.shell:create_environment_hook('my_robot_control', 'pythonpath_develop')
[1.422s] INFO:colcon.colcon_core.shell:Creating environment hook '/home/j/jferber/tutorial/my_robot_ws/build/my_robot_control/share/my_robot_control/hook/pythonpath_develop.ps1'
[1.422s] DEBUG:colcon.colcon_core.event_handler.log_command:Invoked command in '/home/j/jferber/tutorial/my_robot_ws/build/my_robot_control' returned '0': DEBUGINFOD_URLS=https://debuginfod.ubuntu.com PYTHONPATH=/home/j/jferber/tutorial/my_robot_ws/build/my_robot_control/prefix_override:/usr/lib/python3/dist-packages/colcon_core/task/python/colcon_distutils_commands:/home/j/jferber/tutorial/my_robot_ws/install/my_robot_control/lib/python3.12/site-packages:${PYTHONPATH} /usr/bin/python3 -W ignore:setup.py install is deprecated -W ignore:easy_install command is deprecated setup.py develop --editable --build-directory /home/j/jferber/tutorial/my_robot_ws/build/my_robot_control/build --no-deps symlink_data
[1.429s] INFO:colcon.colcon_core.shell:Creating environment descriptor '/home/j/jferber/tutorial/my_robot_ws/build/my_robot_control/share/my_robot_control/hook/pythonpath_develop.dsv'
[1.434s] INFO:colcon.colcon_core.shell:Creating environment hook '/home/j/jferber/tutorial/my_robot_ws/build/my_robot_control/share/my_robot_control/hook/pythonpath_develop.sh'
[1.438s] Level 1:colcon.colcon_core.environment:checking '/home/j/jferber/tutorial/my_robot_ws/install/my_robot_control' for CMake module files
[1.440s] Level 1:colcon.colcon_core.environment:checking '/home/j/jferber/tutorial/my_robot_ws/install/my_robot_control' for CMake config files
[1.440s] Level 1:colcon.colcon_core.environment:checking '/home/j/jferber/tutorial/my_robot_ws/install/my_robot_control/lib'
[1.441s] Level 1:colcon.colcon_core.environment:checking '/home/j/jferber/tutorial/my_robot_ws/install/my_robot_control/bin'
[1.441s] Level 1:colcon.colcon_core.environment:checking '/home/j/jferber/tutorial/my_robot_ws/install/my_robot_control/lib/pkgconfig/my_robot_control.pc'
[1.441s] Level 1:colcon.colcon_core.environment:checking '/home/j/jferber/tutorial/my_robot_ws/install/my_robot_control/lib/python3.12/site-packages'
[1.441s] Level 1:colcon.colcon_core.shell:create_environment_hook('my_robot_control', 'pythonpath')
[1.442s] INFO:colcon.colcon_core.shell:Creating environment hook '/home/j/jferber/tutorial/my_robot_ws/install/my_robot_control/share/my_robot_control/hook/pythonpath.ps1'
[1.446s] INFO:colcon.colcon_core.shell:Creating environment descriptor '/home/j/jferber/tutorial/my_robot_ws/install/my_robot_control/share/my_robot_control/hook/pythonpath.dsv'
[1.451s] INFO:colcon.colcon_core.shell:Creating environment hook '/home/j/jferber/tutorial/my_robot_ws/install/my_robot_control/share/my_robot_control/hook/pythonpath.sh'
[1.458s] Level 1:colcon.colcon_core.environment:checking '/home/j/jferber/tutorial/my_robot_ws/install/my_robot_control/bin'
[1.458s] Level 1:colcon.colcon_core.environment:create_environment_scripts_only(my_robot_control)
[1.458s] INFO:colcon.colcon_core.shell:Creating package script '/home/j/jferber/tutorial/my_robot_ws/install/my_robot_control/share/my_robot_control/package.ps1'
[1.470s] INFO:colcon.colcon_core.shell:Creating package descriptor '/home/j/jferber/tutorial/my_robot_ws/install/my_robot_control/share/my_robot_control/package.dsv'
[1.475s] INFO:colcon.colcon_core.shell:Creating package script '/home/j/jferber/tutorial/my_robot_ws/install/my_robot_control/share/my_robot_control/package.sh'
[1.481s] INFO:colcon.colcon_core.shell:Creating package script '/home/j/jferber/tutorial/my_robot_ws/install/my_robot_control/share/my_robot_control/package.bash'
[1.487s] INFO:colcon.colcon_core.shell:Creating package script '/home/j/jferber/tutorial/my_robot_ws/install/my_robot_control/share/my_robot_control/package.zsh'
[1.494s] Level 1:colcon.colcon_core.environment:create_file_with_runtime_dependencies(/home/j/jferber/tutorial/my_robot_ws/install/my_robot_control/share/colcon-core/packages/my_robot_control)
[1.500s] DEBUG:colcon.colcon_parallel_executor.executor.parallel:closing loop
[1.501s] DEBUG:colcon.colcon_parallel_executor.executor.parallel:loop closed
[1.501s] DEBUG:colcon.colcon_parallel_executor.executor.parallel:run_until_complete finished with '0'
[1.502s] DEBUG:colcon.colcon_core.event_reactor:joining thread
[1.513s] INFO:colcon.colcon_core.plugin_system:Skipping extension 'colcon_notification.desktop_notification.notify_send': Could not find 'notify-send'
[1.513s] INFO:colcon.colcon_core.plugin_system:Skipping extension 'colcon_notification.desktop_notification.terminal_notifier': Not used on non-Darwin systems
[1.513s] INFO:colcon.colcon_core.plugin_system:Skipping extension 'colcon_notification.desktop_notification.win32': Not used on non-Windows systems
[1.513s] INFO:colcon.colcon_notification.desktop_notification:Sending desktop notification using 'notify2'
[1.513s] DEBUG:colcon.colcon_notification.desktop_notification.notify2:Failed to initialize notify2: org.freedesktop.DBus.Error.NotSupported: Unable to autolaunch a dbus-daemon without a $DISPLAY for X11
[1.513s] DEBUG:colcon.colcon_core.event_reactor:joined thread
[1.514s] INFO:colcon.colcon_core.shell:Creating prefix script '/home/j/jferber/tutorial/my_robot_ws/install/local_setup.ps1'
[1.519s] INFO:colcon.colcon_core.shell:Creating prefix util module '/home/j/jferber/tutorial/my_robot_ws/install/_local_setup_util_ps1.py'
[1.525s] INFO:colcon.colcon_core.shell:Creating prefix chain script '/home/j/jferber/tutorial/my_robot_ws/install/setup.ps1'
[1.531s] INFO:colcon.colcon_core.shell:Creating prefix script '/home/j/jferber/tutorial/my_robot_ws/install/local_setup.sh'
[1.536s] INFO:colcon.colcon_core.shell:Creating prefix util module '/home/j/jferber/tutorial/my_robot_ws/install/_local_setup_util_sh.py'
[1.542s] INFO:colcon.colcon_core.shell:Creating prefix chain script '/home/j/jferber/tutorial/my_robot_ws/install/setup.sh'
[1.548s] INFO:colcon.colcon_core.shell:Creating prefix script '/home/j/jferber/tutorial/my_robot_ws/install/local_setup.bash'
[1.554s] INFO:colcon.colcon_core.shell:Creating prefix chain script '/home/j/jferber/tutorial/my_robot_ws/install/setup.bash'
[1.560s] INFO:colcon.colcon_core.shell:Creating prefix script '/home/j/jferber/tutorial/my_robot_ws/install/local_setup.zsh'
[1.566s] INFO:colcon.colcon_core.shell:Creating prefix chain script '/home/j/jferber/tutorial/my_robot_ws/install/setup.zsh'
