[0.040s] Invoking command in '/home/j/jferber/tutorial/my_robot_ws/build/my_robot_bringup': CMAKE_PREFIX_PATH=${CMAKE_PREFIX_PATH}:/home/j/jferber/tutorial/my_robot_ws/install/my_robot_control:/opt/ros/jazzy DEBUGINFOD_URLS=https://debuginfod.ubuntu.com /usr/bin/cmake /home/j/jferber/tutorial/my_robot_ws/src/my_robot_bringup -DAMENT_CMAKE_SYMLINK_INSTALL=1 -DCMAKE_INSTALL_PREFIX=/home/j/jferber/tutorial/my_robot_ws/install/my_robot_bringup
[0.229s] -- The C compiler identification is GNU 13.3.0
[0.229s] -- The CXX compiler identification is GNU 13.3.0
[0.229s] -- Detecting C compiler ABI info
[0.428s] -- Detecting C compiler ABI info - done
[0.436s] -- Check for working C compiler: /usr/bin/cc - skipped
[0.436s] -- Detecting C compile features
[0.437s] -- Detecting C compile features - done
[0.455s] -- Detecting CXX compiler ABI info
[0.655s] -- Detecting CXX compiler ABI info - done
[0.664s] -- Check for working CXX compiler: /usr/bin/c++ - skipped
[0.665s] -- Detecting CXX compile features
[0.665s] -- Detecting CXX compile features - done
[0.676s] -- Found ament_cmake: 2.5.6 (/opt/ros/jazzy/share/ament_cmake/cmake)
[0.843s] -- Found Python3: /opt/conda/bin/python3 (found version "3.12.8") found components: Interpreter 
[0.922s] -- Override CMake install command with custom implementation using symlinks instead of copying resources
[1.000s] -- Found ament_lint_auto: 0.17.5 (/opt/ros/jazzy/share/ament_lint_auto/cmake)
[1.145s] -- Added test 'flake8' to check Python code syntax and style conventions
[1.145s] -- Configured 'flake8' exclude dirs and/or files: 
[1.147s] -- Added test 'lint_cmake' to check CMake code style
[1.149s] -- Added test 'pep257' to check Python code against some of the docstring style conventions in PEP 257
[1.154s] -- Added test 'xmllint' to check XML markup files
[1.168s] -- Configuring done (1.1s)
[1.205s] -- Generating done (0.0s)
[1.236s] -- Build files have been written to: /home/j/jferber/tutorial/my_robot_ws/build/my_robot_bringup
[1.242s] Invoked command in '/home/j/jferber/tutorial/my_robot_ws/build/my_robot_bringup' returned '0': CMAKE_PREFIX_PATH=${CMAKE_PREFIX_PATH}:/home/j/jferber/tutorial/my_robot_ws/install/my_robot_control:/opt/ros/jazzy DEBUGINFOD_URLS=https://debuginfod.ubuntu.com /usr/bin/cmake /home/j/jferber/tutorial/my_robot_ws/src/my_robot_bringup -DAMENT_CMAKE_SYMLINK_INSTALL=1 -DCMAKE_INSTALL_PREFIX=/home/j/jferber/tutorial/my_robot_ws/install/my_robot_bringup
[1.244s] Invoking command in '/home/j/jferber/tutorial/my_robot_ws/build/my_robot_bringup': CMAKE_PREFIX_PATH=${CMAKE_PREFIX_PATH}:/home/j/jferber/tutorial/my_robot_ws/install/my_robot_control:/opt/ros/jazzy DEBUGINFOD_URLS=https://debuginfod.ubuntu.com /usr/bin/cmake --build /home/j/jferber/tutorial/my_robot_ws/build/my_robot_bringup -- -j32 -l32
[1.307s] Invoked command in '/home/j/jferber/tutorial/my_robot_ws/build/my_robot_bringup' returned '0': CMAKE_PREFIX_PATH=${CMAKE_PREFIX_PATH}:/home/j/jferber/tutorial/my_robot_ws/install/my_robot_control:/opt/ros/jazzy DEBUGINFOD_URLS=https://debuginfod.ubuntu.com /usr/bin/cmake --build /home/j/jferber/tutorial/my_robot_ws/build/my_robot_bringup -- -j32 -l32
[1.323s] Invoking command in '/home/j/jferber/tutorial/my_robot_ws/build/my_robot_bringup': CMAKE_PREFIX_PATH=${CMAKE_PREFIX_PATH}:/home/j/jferber/tutorial/my_robot_ws/install/my_robot_control:/opt/ros/jazzy DEBUGINFOD_URLS=https://debuginfod.ubuntu.com /usr/bin/cmake --install /home/j/jferber/tutorial/my_robot_ws/build/my_robot_bringup
[1.335s] -- Install configuration: ""
[1.336s] -- Execute custom install script
[1.339s] -- Symlinking: /home/j/jferber/tutorial/my_robot_ws/install/my_robot_bringup/share/my_robot_bringup/launch/.ipynb_checkpoints/robot_vis.launch-checkpoint.py
[1.354s] -- Symlinking: /home/j/jferber/tutorial/my_robot_ws/install/my_robot_bringup/share/my_robot_bringup/launch/__pycache__/robot_vis.launch.cpython-312.pyc
[1.369s] -- Symlinking: /home/j/jferber/tutorial/my_robot_ws/install/my_robot_bringup/share/my_robot_bringup/launch/robot_vis.launch.py
[1.384s] -- Symlinking: /home/j/jferber/tutorial/my_robot_ws/install/my_robot_bringup/share/ament_index/resource_index/package_run_dependencies/my_robot_bringup
[1.404s] -- Symlinking: /home/j/jferber/tutorial/my_robot_ws/install/my_robot_bringup/share/ament_index/resource_index/parent_prefix_path/my_robot_bringup
[1.420s] -- Symlinking: /home/j/jferber/tutorial/my_robot_ws/install/my_robot_bringup/share/my_robot_bringup/environment/ament_prefix_path.sh
[1.434s] -- Symlinking: /home/j/jferber/tutorial/my_robot_ws/install/my_robot_bringup/share/my_robot_bringup/environment/ament_prefix_path.dsv
[1.450s] -- Symlinking: /home/j/jferber/tutorial/my_robot_ws/install/my_robot_bringup/share/my_robot_bringup/environment/path.sh
[1.462s] -- Symlinking: /home/j/jferber/tutorial/my_robot_ws/install/my_robot_bringup/share/my_robot_bringup/environment/path.dsv
[1.477s] -- Symlinking: /home/j/jferber/tutorial/my_robot_ws/install/my_robot_bringup/share/my_robot_bringup/local_setup.bash
[1.491s] -- Symlinking: /home/j/jferber/tutorial/my_robot_ws/install/my_robot_bringup/share/my_robot_bringup/local_setup.sh
[1.507s] -- Symlinking: /home/j/jferber/tutorial/my_robot_ws/install/my_robot_bringup/share/my_robot_bringup/local_setup.zsh
[1.523s] -- Symlinking: /home/j/jferber/tutorial/my_robot_ws/install/my_robot_bringup/share/my_robot_bringup/local_setup.dsv
[1.537s] -- Symlinking: /home/j/jferber/tutorial/my_robot_ws/install/my_robot_bringup/share/my_robot_bringup/package.dsv
[1.554s] -- Symlinking: /home/j/jferber/tutorial/my_robot_ws/install/my_robot_bringup/share/ament_index/resource_index/packages/my_robot_bringup
[1.569s] -- Symlinking: /home/j/jferber/tutorial/my_robot_ws/install/my_robot_bringup/share/my_robot_bringup/cmake/my_robot_bringupConfig.cmake
[1.586s] -- Symlinking: /home/j/jferber/tutorial/my_robot_ws/install/my_robot_bringup/share/my_robot_bringup/cmake/my_robot_bringupConfig-version.cmake
[1.600s] -- Symlinking: /home/j/jferber/tutorial/my_robot_ws/install/my_robot_bringup/share/my_robot_bringup/package.xml
[1.619s] Invoked command in '/home/j/jferber/tutorial/my_robot_ws/build/my_robot_bringup' returned '0': CMAKE_PREFIX_PATH=${CMAKE_PREFIX_PATH}:/home/j/jferber/tutorial/my_robot_ws/install/my_robot_control:/opt/ros/jazzy DEBUGINFOD_URLS=https://debuginfod.ubuntu.com /usr/bin/cmake --install /home/j/jferber/tutorial/my_robot_ws/build/my_robot_bringup
