[0.781s] Invoking command in '/home/j/jferber/tutorial/my_robot_ws/build/my_robot_description': CMAKE_PREFIX_PATH=${CMAKE_PREFIX_PATH}:/home/j/jferber/tutorial/my_robot_ws/install/my_robot_nav:/home/j/jferber/tutorial/my_robot_ws/install/my_robot_perception:/home/j/jferber/tutorial/my_robot_ws/install/my_robot_control:/opt/ros/jazzy DEBUGINFOD_URLS=https://debuginfod.ubuntu.com /usr/bin/cmake --build /home/j/jferber/tutorial/my_robot_ws/build/my_robot_description -- -j32 -l32
[0.986s] Invoked command in '/home/j/jferber/tutorial/my_robot_ws/build/my_robot_description' returned '0': CMAKE_PREFIX_PATH=${CMAKE_PREFIX_PATH}:/home/j/jferber/tutorial/my_robot_ws/install/my_robot_nav:/home/j/jferber/tutorial/my_robot_ws/install/my_robot_perception:/home/j/jferber/tutorial/my_robot_ws/install/my_robot_control:/opt/ros/jazzy DEBUGINFOD_URLS=https://debuginfod.ubuntu.com /usr/bin/cmake --build /home/j/jferber/tutorial/my_robot_ws/build/my_robot_description -- -j32 -l32
[0.987s] Invoking command in '/home/j/jferber/tutorial/my_robot_ws/build/my_robot_description': CMAKE_PREFIX_PATH=${CMAKE_PREFIX_PATH}:/home/j/jferber/tutorial/my_robot_ws/install/my_robot_nav:/home/j/jferber/tutorial/my_robot_ws/install/my_robot_perception:/home/j/jferber/tutorial/my_robot_ws/install/my_robot_control:/opt/ros/jazzy DEBUGINFOD_URLS=https://debuginfod.ubuntu.com /usr/bin/cmake --install /home/j/jferber/tutorial/my_robot_ws/build/my_robot_description
[1.004s] -- Install configuration: ""
[1.008s] -- Execute custom install script
[1.014s] -- Up-to-date symlink: /home/j/jferber/tutorial/my_robot_ws/install/my_robot_description/share/my_robot_description/urdf/.ipynb_checkpoints/my_robot.urdf-checkpoint.xacro
[1.014s] -- Up-to-date symlink: /home/j/jferber/tutorial/my_robot_ws/install/my_robot_description/share/my_robot_description/urdf/.ipynb_checkpoints/robot-checkpoint.gazebo
[1.014s] -- Up-to-date symlink: /home/j/jferber/tutorial/my_robot_ws/install/my_robot_description/share/my_robot_description/urdf/my_robot.urdf.xacro
[1.014s] -- Up-to-date symlink: /home/j/jferber/tutorial/my_robot_ws/install/my_robot_description/share/my_robot_description/urdf/robot.gazebo
[1.015s] -- Up-to-date symlink: /home/j/jferber/tutorial/my_robot_ws/install/my_robot_description/share/ament_index/resource_index/package_run_dependencies/my_robot_description
[1.015s] -- Up-to-date symlink: /home/j/jferber/tutorial/my_robot_ws/install/my_robot_description/share/ament_index/resource_index/parent_prefix_path/my_robot_description
[1.016s] -- Up-to-date symlink: /home/j/jferber/tutorial/my_robot_ws/install/my_robot_description/share/my_robot_description/environment/ament_prefix_path.sh
[1.017s] -- Up-to-date symlink: /home/j/jferber/tutorial/my_robot_ws/install/my_robot_description/share/my_robot_description/environment/ament_prefix_path.dsv
[1.017s] -- Up-to-date symlink: /home/j/jferber/tutorial/my_robot_ws/install/my_robot_description/share/my_robot_description/environment/path.sh
[1.018s] -- Up-to-date symlink: /home/j/jferber/tutorial/my_robot_ws/install/my_robot_description/share/my_robot_description/environment/path.dsv
[1.018s] -- Up-to-date symlink: /home/j/jferber/tutorial/my_robot_ws/install/my_robot_description/share/my_robot_description/local_setup.bash
[1.018s] -- Up-to-date symlink: /home/j/jferber/tutorial/my_robot_ws/install/my_robot_description/share/my_robot_description/local_setup.sh
[1.022s] -- Up-to-date symlink: /home/j/jferber/tutorial/my_robot_ws/install/my_robot_description/share/my_robot_description/local_setup.zsh
[1.022s] -- Up-to-date symlink: /home/j/jferber/tutorial/my_robot_ws/install/my_robot_description/share/my_robot_description/local_setup.dsv
[1.022s] -- Symlinking: /home/j/jferber/tutorial/my_robot_ws/install/my_robot_description/share/my_robot_description/package.dsv
[1.051s] -- Up-to-date symlink: /home/j/jferber/tutorial/my_robot_ws/install/my_robot_description/share/ament_index/resource_index/packages/my_robot_description
[1.053s] -- Up-to-date symlink: /home/j/jferber/tutorial/my_robot_ws/install/my_robot_description/share/my_robot_description/cmake/my_robot_descriptionConfig.cmake
[1.054s] -- Up-to-date symlink: /home/j/jferber/tutorial/my_robot_ws/install/my_robot_description/share/my_robot_description/cmake/my_robot_descriptionConfig-version.cmake
[1.054s] -- Up-to-date symlink: /home/j/jferber/tutorial/my_robot_ws/install/my_robot_description/share/my_robot_description/package.xml
[1.063s] Invoked command in '/home/j/jferber/tutorial/my_robot_ws/build/my_robot_description' returned '0': CMAKE_PREFIX_PATH=${CMAKE_PREFIX_PATH}:/home/j/jferber/tutorial/my_robot_ws/install/my_robot_nav:/home/j/jferber/tutorial/my_robot_ws/install/my_robot_perception:/home/j/jferber/tutorial/my_robot_ws/install/my_robot_control:/opt/ros/jazzy DEBUGINFOD_URLS=https://debuginfod.ubuntu.com /usr/bin/cmake --install /home/j/jferber/tutorial/my_robot_ws/build/my_robot_description
