-- Install configuration: ""
-- Execute custom install script
-- Up-to-date symlink: /home/j/jferber/tutorial/my_robot_ws/install/my_robot_bringup/share/my_robot_bringup/launch/.ipynb_checkpoints/robot_sim.launch-checkpoint.py
-- Up-to-date symlink: /home/j/jferber/tutorial/my_robot_ws/install/my_robot_bringup/share/my_robot_bringup/launch/.ipynb_checkpoints/robot_vis.launch-checkpoint.py
-- Up-to-date symlink: /home/j/jferber/tutorial/my_robot_ws/install/my_robot_bringup/share/my_robot_bringup/launch/.ipynb_checkpoints/sim.launch-checkpoint.py
-- Up-to-date symlink: /home/j/jferber/tutorial/my_robot_ws/install/my_robot_bringup/share/my_robot_bringup/launch/__pycache__/robot_sim.launch.cpython-312.pyc
-- Up-to-date symlink: /home/j/jferber/tutorial/my_robot_ws/install/my_robot_bringup/share/my_robot_bringup/launch/__pycache__/robot_vis.launch.cpython-312.pyc
-- Up-to-date symlink: /home/j/jferber/tutorial/my_robot_ws/install/my_robot_bringup/share/my_robot_bringup/launch/robot_sim.launch.py
-- Up-to-date symlink: /home/j/jferber/tutorial/my_robot_ws/install/my_robot_bringup/share/my_robot_bringup/launch/robot_vis.launch.py
-- Up-to-date symlink: /home/j/jferber/tutorial/my_robot_ws/install/my_robot_bringup/share/my_robot_bringup/launch/sim.launch.py
-- Up-to-date symlink: /home/j/jferber/tutorial/my_robot_ws/install/my_robot_bringup/share/my_robot_bringup/worlds/.ipynb_checkpoints/my_world-checkpoint.sdf
-- Symlinking: /home/j/jferber/tutorial/my_robot_ws/install/my_robot_bringup/share/my_robot_bringup/worlds/.ipynb_checkpoints/obstacle_world-checkpoint.sdf
-- Up-to-date symlink: /home/j/jferber/tutorial/my_robot_ws/install/my_robot_bringup/share/my_robot_bringup/worlds/.ipynb_checkpoints/wall_world-checkpoint.sdf
-- Up-to-date symlink: /home/j/jferber/tutorial/my_robot_ws/install/my_robot_bringup/share/my_robot_bringup/worlds/my_world.sdf
-- Symlinking: /home/j/jferber/tutorial/my_robot_ws/install/my_robot_bringup/share/my_robot_bringup/worlds/obstacle_world.sdf
-- Up-to-date symlink: /home/j/jferber/tutorial/my_robot_ws/install/my_robot_bringup/share/my_robot_bringup/worlds/wall_world.sdf
-- Up-to-date symlink: /home/j/jferber/tutorial/my_robot_ws/install/my_robot_bringup/share/my_robot_bringup/config/.ipynb_checkpoints/bridge-checkpoint.yaml
-- Up-to-date symlink: /home/j/jferber/tutorial/my_robot_ws/install/my_robot_bringup/share/my_robot_bringup/config/bridge.yaml
-- Up-to-date symlink: /home/j/jferber/tutorial/my_robot_ws/install/my_robot_bringup/share/ament_index/resource_index/package_run_dependencies/my_robot_bringup
-- Up-to-date symlink: /home/j/jferber/tutorial/my_robot_ws/install/my_robot_bringup/share/ament_index/resource_index/parent_prefix_path/my_robot_bringup
-- Up-to-date symlink: /home/j/jferber/tutorial/my_robot_ws/install/my_robot_bringup/share/my_robot_bringup/environment/ament_prefix_path.sh
-- Up-to-date symlink: /home/j/jferber/tutorial/my_robot_ws/install/my_robot_bringup/share/my_robot_bringup/environment/ament_prefix_path.dsv
-- Up-to-date symlink: /home/j/jferber/tutorial/my_robot_ws/install/my_robot_bringup/share/my_robot_bringup/environment/path.sh
-- Up-to-date symlink: /home/j/jferber/tutorial/my_robot_ws/install/my_robot_bringup/share/my_robot_bringup/environment/path.dsv
-- Up-to-date symlink: /home/j/jferber/tutorial/my_robot_ws/install/my_robot_bringup/share/my_robot_bringup/local_setup.bash
-- Up-to-date symlink: /home/j/jferber/tutorial/my_robot_ws/install/my_robot_bringup/share/my_robot_bringup/local_setup.sh
-- Up-to-date symlink: /home/j/jferber/tutorial/my_robot_ws/install/my_robot_bringup/share/my_robot_bringup/local_setup.zsh
-- Up-to-date symlink: /home/j/jferber/tutorial/my_robot_ws/install/my_robot_bringup/share/my_robot_bringup/local_setup.dsv
-- Symlinking: /home/j/jferber/tutorial/my_robot_ws/install/my_robot_bringup/share/my_robot_bringup/package.dsv
-- Up-to-date symlink: /home/j/jferber/tutorial/my_robot_ws/install/my_robot_bringup/share/ament_index/resource_index/packages/my_robot_bringup
-- Up-to-date symlink: /home/j/jferber/tutorial/my_robot_ws/install/my_robot_bringup/share/my_robot_bringup/cmake/my_robot_bringupConfig.cmake
-- Up-to-date symlink: /home/j/jferber/tutorial/my_robot_ws/install/my_robot_bringup/share/my_robot_bringup/cmake/my_robot_bringupConfig-version.cmake
-- Up-to-date symlink: /home/j/jferber/tutorial/my_robot_ws/install/my_robot_bringup/share/my_robot_bringup/package.xml
