running develop
running egg_info
creating my_robot_nav.egg-info
writing my_robot_nav.egg-info/PKG-INFO
writing dependency_links to my_robot_nav.egg-info/dependency_links.txt
writing entry points to my_robot_nav.egg-info/entry_points.txt
writing requirements to my_robot_nav.egg-info/requires.txt
writing top-level names to my_robot_nav.egg-info/top_level.txt
writing manifest file 'my_robot_nav.egg-info/SOURCES.txt'
reading manifest file 'my_robot_nav.egg-info/SOURCES.txt'
writing manifest file 'my_robot_nav.egg-info/SOURCES.txt'
running build_ext
Creating /home/j/jferber/tutorial/my_robot_ws/install/my_robot_nav/lib/python3.12/site-packages/my-robot-nav.egg-link (link to .)
Installing obstacle_nav script to /home/j/jferber/tutorial/my_robot_ws/install/my_robot_nav/lib/my_robot_nav

Installed /home/j/jferber/tutorial/my_robot_ws/build/my_robot_nav
running symlink_data
creating /home/j/jferber/tutorial/my_robot_ws/install/my_robot_nav/share/ament_index
creating /home/j/jferber/tutorial/my_robot_ws/install/my_robot_nav/share/ament_index/resource_index
creating /home/j/jferber/tutorial/my_robot_ws/install/my_robot_nav/share/ament_index/resource_index/packages
symbolically linking /home/j/jferber/tutorial/my_robot_ws/build/my_robot_nav/resource/my_robot_nav -> /home/j/jferber/tutorial/my_robot_ws/install/my_robot_nav/share/ament_index/resource_index/packages
symbolically linking /home/j/jferber/tutorial/my_robot_ws/build/my_robot_nav/package.xml -> /home/j/jferber/tutorial/my_robot_ws/install/my_robot_nav/share/my_robot_nav
