[1.080s] Invoking command in '/home/j/jferber/tutorial/my_robot_ws/build/my_robot_nav': AMENT_PREFIX_PATH=/home/j/jferber/tutorial/my_robot_ws/install/my_robot_perception:/home/j/jferber/tutorial/my_robot_ws/install/my_robot_interfaces:${AMENT_PREFIX_PATH} CMAKE_PREFIX_PATH=/home/j/jferber/tutorial/my_robot_ws/install/my_robot_interfaces:${CMAKE_PREFIX_PATH} DEBUGINFOD_URLS=https://debuginfod.ubuntu.com LD_LIBRARY_PATH=/home/j/jferber/tutorial/my_robot_ws/install/my_robot_interfaces/lib:${LD_LIBRARY_PATH} PYTHONPATH=/home/j/jferber/tutorial/my_robot_ws/build/my_robot_nav/prefix_override:/usr/lib/python3/dist-packages/colcon_core/task/python/colcon_distutils_commands:/home/j/jferber/tutorial/my_robot_ws/install/my_robot_nav/lib/python3.12/site-packages:/home/j/jferber/tutorial/my_robot_ws/build/my_robot_perception:/home/j/jferber/tutorial/my_robot_ws/install/my_robot_perception/lib/python3.12/site-packages:/home/j/jferber/tutorial/my_robot_ws/install/my_robot_interfaces/lib/python3.12/site-packages:${PYTHONPATH} /usr/bin/python3 -W ignore:setup.py install is deprecated -W ignore:easy_install command is deprecated setup.py develop --editable --build-directory /home/j/jferber/tutorial/my_robot_ws/build/my_robot_nav/build --no-deps symlink_data
[1.482s] running develop
[1.749s] running egg_info
[1.749s] creating my_robot_nav.egg-info
[1.774s] writing my_robot_nav.egg-info/PKG-INFO
[1.776s] writing dependency_links to my_robot_nav.egg-info/dependency_links.txt
[1.776s] writing entry points to my_robot_nav.egg-info/entry_points.txt
[1.776s] writing requirements to my_robot_nav.egg-info/requires.txt
[1.776s] writing top-level names to my_robot_nav.egg-info/top_level.txt
[1.777s] writing manifest file 'my_robot_nav.egg-info/SOURCES.txt'
[1.834s] reading manifest file 'my_robot_nav.egg-info/SOURCES.txt'
[1.839s] writing manifest file 'my_robot_nav.egg-info/SOURCES.txt'
[1.867s] running build_ext
[1.867s] Creating /home/j/jferber/tutorial/my_robot_ws/install/my_robot_nav/lib/python3.12/site-packages/my-robot-nav.egg-link (link to .)
[1.869s] Installing obstacle_nav script to /home/j/jferber/tutorial/my_robot_ws/install/my_robot_nav/lib/my_robot_nav
[1.870s] 
[1.871s] Installed /home/j/jferber/tutorial/my_robot_ws/build/my_robot_nav
[1.871s] running symlink_data
[1.871s] creating /home/j/jferber/tutorial/my_robot_ws/install/my_robot_nav/share/ament_index
[1.871s] creating /home/j/jferber/tutorial/my_robot_ws/install/my_robot_nav/share/ament_index/resource_index
[1.871s] creating /home/j/jferber/tutorial/my_robot_ws/install/my_robot_nav/share/ament_index/resource_index/packages
[1.873s] symbolically linking /home/j/jferber/tutorial/my_robot_ws/build/my_robot_nav/resource/my_robot_nav -> /home/j/jferber/tutorial/my_robot_ws/install/my_robot_nav/share/ament_index/resource_index/packages
[1.874s] symbolically linking /home/j/jferber/tutorial/my_robot_ws/build/my_robot_nav/package.xml -> /home/j/jferber/tutorial/my_robot_ws/install/my_robot_nav/share/my_robot_nav
[1.919s] Invoked command in '/home/j/jferber/tutorial/my_robot_ws/build/my_robot_nav' returned '0': AMENT_PREFIX_PATH=/home/j/jferber/tutorial/my_robot_ws/install/my_robot_perception:/home/j/jferber/tutorial/my_robot_ws/install/my_robot_interfaces:${AMENT_PREFIX_PATH} CMAKE_PREFIX_PATH=/home/j/jferber/tutorial/my_robot_ws/install/my_robot_interfaces:${CMAKE_PREFIX_PATH} DEBUGINFOD_URLS=https://debuginfod.ubuntu.com LD_LIBRARY_PATH=/home/j/jferber/tutorial/my_robot_ws/install/my_robot_interfaces/lib:${LD_LIBRARY_PATH} PYTHONPATH=/home/j/jferber/tutorial/my_robot_ws/build/my_robot_nav/prefix_override:/usr/lib/python3/dist-packages/colcon_core/task/python/colcon_distutils_commands:/home/j/jferber/tutorial/my_robot_ws/install/my_robot_nav/lib/python3.12/site-packages:/home/j/jferber/tutorial/my_robot_ws/build/my_robot_perception:/home/j/jferber/tutorial/my_robot_ws/install/my_robot_perception/lib/python3.12/site-packages:/home/j/jferber/tutorial/my_robot_ws/install/my_robot_interfaces/lib/python3.12/site-packages:${PYTHONPATH} /usr/bin/python3 -W ignore:setup.py install is deprecated -W ignore:easy_install command is deprecated setup.py develop --editable --build-directory /home/j/jferber/tutorial/my_robot_ws/build/my_robot_nav/build --no-deps symlink_data
