[0.826s] Invoking command in '/home/j/jferber/tutorial/my_robot_ws/build/my_robot_description': CMAKE_PREFIX_PATH=${CMAKE_PREFIX_PATH}:/opt/ros/jazzy DEBUGINFOD_URLS=https://debuginfod.ubuntu.com /usr/bin/cmake --build /home/j/jferber/tutorial/my_robot_ws/build/my_robot_description -- -j32 -l32
[1.094s] Invoked command in '/home/j/jferber/tutorial/my_robot_ws/build/my_robot_description' returned '0': CMAKE_PREFIX_PATH=${CMAKE_PREFIX_PATH}:/opt/ros/jazzy DEBUGINFOD_URLS=https://debuginfod.ubuntu.com /usr/bin/cmake --build /home/j/jferber/tutorial/my_robot_ws/build/my_robot_description -- -j32 -l32
[1.215s] Invoking command in '/home/j/jferber/tutorial/my_robot_ws/build/my_robot_description': CMAKE_PREFIX_PATH=${CMAKE_PREFIX_PATH}:/opt/ros/jazzy DEBUGINFOD_URLS=https://debuginfod.ubuntu.com /usr/bin/cmake --install /home/j/jferber/tutorial/my_robot_ws/build/my_robot_description
[1.269s] -- Install configuration: ""
[1.317s] -- Execute custom install script
[1.326s] -- Up-to-date symlink: /home/j/jferber/tutorial/my_robot_ws/install/my_robot_description/share/my_robot_description/urdf/.ipynb_checkpoints/my_robot.urdf-checkpoint.xacro
[1.327s] -- Up-to-date symlink: /home/j/jferber/tutorial/my_robot_ws/install/my_robot_description/share/my_robot_description/urdf/.ipynb_checkpoints/robot-checkpoint.gazebo
[1.327s] -- Up-to-date symlink: /home/j/jferber/tutorial/my_robot_ws/install/my_robot_description/share/my_robot_description/urdf/my_robot.urdf.xacro
[1.328s] -- Up-to-date symlink: /home/j/jferber/tutorial/my_robot_ws/install/my_robot_description/share/my_robot_description/urdf/robot.gazebo
[1.334s] -- Up-to-date symlink: /home/j/jferber/tutorial/my_robot_ws/install/my_robot_description/share/ament_index/resource_index/package_run_dependencies/my_robot_description
[1.336s] -- Up-to-date symlink: /home/j/jferber/tutorial/my_robot_ws/install/my_robot_description/share/ament_index/resource_index/parent_prefix_path/my_robot_description
[1.340s] -- Up-to-date symlink: /home/j/jferber/tutorial/my_robot_ws/install/my_robot_description/share/my_robot_description/environment/ament_prefix_path.sh
[1.340s] -- Up-to-date symlink: /home/j/jferber/tutorial/my_robot_ws/install/my_robot_description/share/my_robot_description/environment/ament_prefix_path.dsv
[1.341s] -- Up-to-date symlink: /home/j/jferber/tutorial/my_robot_ws/install/my_robot_description/share/my_robot_description/environment/path.sh
[1.342s] -- Up-to-date symlink: /home/j/jferber/tutorial/my_robot_ws/install/my_robot_description/share/my_robot_description/environment/path.dsv
[1.343s] -- Up-to-date symlink: /home/j/jferber/tutorial/my_robot_ws/install/my_robot_description/share/my_robot_description/local_setup.bash
[1.344s] -- Up-to-date symlink: /home/j/jferber/tutorial/my_robot_ws/install/my_robot_description/share/my_robot_description/local_setup.sh
[1.344s] -- Up-to-date symlink: /home/j/jferber/tutorial/my_robot_ws/install/my_robot_description/share/my_robot_description/local_setup.zsh
[1.345s] -- Up-to-date symlink: /home/j/jferber/tutorial/my_robot_ws/install/my_robot_description/share/my_robot_description/local_setup.dsv
[1.345s] -- Symlinking: /home/j/jferber/tutorial/my_robot_ws/install/my_robot_description/share/my_robot_description/package.dsv
[1.376s] -- Up-to-date symlink: /home/j/jferber/tutorial/my_robot_ws/install/my_robot_description/share/ament_index/resource_index/packages/my_robot_description
[1.379s] -- Up-to-date symlink: /home/j/jferber/tutorial/my_robot_ws/install/my_robot_description/share/my_robot_description/cmake/my_robot_descriptionConfig.cmake
[1.379s] -- Up-to-date symlink: /home/j/jferber/tutorial/my_robot_ws/install/my_robot_description/share/my_robot_description/cmake/my_robot_descriptionConfig-version.cmake
[1.380s] -- Up-to-date symlink: /home/j/jferber/tutorial/my_robot_ws/install/my_robot_description/share/my_robot_description/package.xml
[1.389s] Invoked command in '/home/j/jferber/tutorial/my_robot_ws/build/my_robot_description' returned '0': CMAKE_PREFIX_PATH=${CMAKE_PREFIX_PATH}:/opt/ros/jazzy DEBUGINFOD_URLS=https://debuginfod.ubuntu.com /usr/bin/cmake --install /home/j/jferber/tutorial/my_robot_ws/build/my_robot_description
