[0.136s] Invoking command in '/home/j/jferber/tutorial/my_robot_ws/build/my_robot_interfaces': CMAKE_PREFIX_PATH=${CMAKE_PREFIX_PATH}:/home/j/jferber/tutorial/my_robot_ws/install/my_robot_nav:/home/j/jferber/tutorial/my_robot_ws/install/my_robot_perception:/home/j/jferber/tutorial/my_robot_ws/install/my_robot_control:/opt/ros/jazzy DEBUGINFOD_URLS=https://debuginfod.ubuntu.com /usr/bin/cmake --build /home/j/jferber/tutorial/my_robot_ws/build/my_robot_interfaces -- -j32 -l32
[0.799s] [  2%] Built target my_robot_interfaces__rs
[0.800s] [  5%] Built target my_robot_interfaces__rosidl_generator_type_description
[0.800s] [  5%] Built target ament_cmake_python_symlink_my_robot_interfaces
[0.800s] [  8%] Built target my_robot_interfaces__cpp
[0.801s] [ 22%] Built target my_robot_interfaces__rosidl_generator_c
[0.801s] [ 31%] Built target my_robot_interfaces__rosidl_typesupport_c
[0.801s] [ 40%] Built target my_robot_interfaces__rosidl_typesupport_fastrtps_c
[0.802s] [ 68%] Built target my_robot_interfaces__rosidl_typesupport_introspection_c
[0.803s] [ 74%] Built target my_robot_interfaces__rosidl_typesupport_cpp
[0.803s] [ 74%] Built target my_robot_interfaces__rosidl_typesupport_fastrtps_cpp
[0.804s] [ 74%] Built target my_robot_interfaces__rosidl_typesupport_introspection_cpp
[0.804s] [ 74%] Built target my_robot_interfaces
[0.804s] [ 77%] Built target my_robot_interfaces__py
[0.804s] [ 82%] Built target my_robot_interfaces__rosidl_generator_py
[0.804s] running egg_info
[0.804s] [ 88%] Built target my_robot_interfaces_s__rosidl_typesupport_introspection_c
[0.804s] [ 94%] Built target my_robot_interfaces_s__rosidl_typesupport_c
[0.804s] [100%] Built target my_robot_interfaces_s__rosidl_typesupport_fastrtps_c
[0.804s] writing my_robot_interfaces.egg-info/PKG-INFO
[0.804s] writing dependency_links to my_robot_interfaces.egg-info/dependency_links.txt
[0.804s] writing top-level names to my_robot_interfaces.egg-info/top_level.txt
[0.817s] reading manifest file 'my_robot_interfaces.egg-info/SOURCES.txt'
[0.871s] writing manifest file 'my_robot_interfaces.egg-info/SOURCES.txt'
[0.926s] [100%] Built target ament_cmake_python_build_my_robot_interfaces_egg
[1.055s] Invoked command in '/home/j/jferber/tutorial/my_robot_ws/build/my_robot_interfaces' returned '0': CMAKE_PREFIX_PATH=${CMAKE_PREFIX_PATH}:/home/j/jferber/tutorial/my_robot_ws/install/my_robot_nav:/home/j/jferber/tutorial/my_robot_ws/install/my_robot_perception:/home/j/jferber/tutorial/my_robot_ws/install/my_robot_control:/opt/ros/jazzy DEBUGINFOD_URLS=https://debuginfod.ubuntu.com /usr/bin/cmake --build /home/j/jferber/tutorial/my_robot_ws/build/my_robot_interfaces -- -j32 -l32
[1.057s] Invoking command in '/home/j/jferber/tutorial/my_robot_ws/build/my_robot_interfaces': CMAKE_PREFIX_PATH=${CMAKE_PREFIX_PATH}:/home/j/jferber/tutorial/my_robot_ws/install/my_robot_nav:/home/j/jferber/tutorial/my_robot_ws/install/my_robot_perception:/home/j/jferber/tutorial/my_robot_ws/install/my_robot_control:/opt/ros/jazzy DEBUGINFOD_URLS=https://debuginfod.ubuntu.com /usr/bin/cmake --install /home/j/jferber/tutorial/my_robot_ws/build/my_robot_interfaces
[1.076s] -- Install configuration: ""
[1.079s] -- Execute custom install script
[1.082s] -- Up-to-date symlink: /home/j/jferber/tutorial/my_robot_ws/install/my_robot_interfaces/share/ament_index/resource_index/rosidl_interfaces/my_robot_interfaces
[1.083s] -- Up-to-date symlink: /home/j/jferber/tutorial/my_robot_ws/install/my_robot_interfaces/share/my_robot_interfaces/action/SetVelocity.json
[1.086s] -- Up-to-date symlink: /home/j/jferber/tutorial/my_robot_ws/install/my_robot_interfaces/include/my_robot_interfaces/my_robot_interfaces/action/detail/set_velocity__functions.h
[1.086s] -- Up-to-date symlink: /home/j/jferber/tutorial/my_robot_ws/install/my_robot_interfaces/include/my_robot_interfaces/my_robot_interfaces/action/detail/set_velocity__struct.h
[1.086s] -- Up-to-date symlink: /home/j/jferber/tutorial/my_robot_ws/install/my_robot_interfaces/include/my_robot_interfaces/my_robot_interfaces/action/detail/set_velocity__type_support.h
[1.087s] -- Up-to-date symlink: /home/j/jferber/tutorial/my_robot_ws/install/my_robot_interfaces/include/my_robot_interfaces/my_robot_interfaces/action/set_velocity.h
[1.087s] -- Up-to-date symlink: /home/j/jferber/tutorial/my_robot_ws/install/my_robot_interfaces/include/my_robot_interfaces/my_robot_interfaces/msg/rosidl_generator_c__visibility_control.h
[1.087s] -- Up-to-date symlink: /home/j/jferber/tutorial/my_robot_ws/install/my_robot_interfaces/share/my_robot_interfaces/environment/library_path.sh
[1.088s] -- Up-to-date symlink: /home/j/jferber/tutorial/my_robot_ws/install/my_robot_interfaces/share/my_robot_interfaces/environment/library_path.dsv
[1.089s] -- Up-to-date symlink: /home/j/jferber/tutorial/my_robot_ws/install/my_robot_interfaces/include/my_robot_interfaces/my_robot_interfaces/action/detail/set_velocity__rosidl_typesupport_fastrtps_c.h
[1.090s] -- Up-to-date symlink: /home/j/jferber/tutorial/my_robot_ws/install/my_robot_interfaces/include/my_robot_interfaces/my_robot_interfaces/msg/rosidl_typesupport_fastrtps_c__visibility_control.h
[1.091s] -- Up-to-date symlink: /home/j/jferber/tutorial/my_robot_ws/install/my_robot_interfaces/include/my_robot_interfaces/my_robot_interfaces/action/detail/set_velocity__rosidl_typesupport_introspection_c.h
[1.091s] -- Up-to-date symlink: /home/j/jferber/tutorial/my_robot_ws/install/my_robot_interfaces/include/my_robot_interfaces/my_robot_interfaces/msg/rosidl_typesupport_introspection_c__visibility_control.h
[1.094s] -- Up-to-date symlink: /home/j/jferber/tutorial/my_robot_ws/install/my_robot_interfaces/include/my_robot_interfaces/my_robot_interfaces/action/detail/set_velocity__builder.hpp
[1.094s] -- Up-to-date symlink: /home/j/jferber/tutorial/my_robot_ws/install/my_robot_interfaces/include/my_robot_interfaces/my_robot_interfaces/action/detail/set_velocity__struct.hpp
[1.094s] -- Up-to-date symlink: /home/j/jferber/tutorial/my_robot_ws/install/my_robot_interfaces/include/my_robot_interfaces/my_robot_interfaces/action/detail/set_velocity__traits.hpp
[1.094s] -- Up-to-date symlink: /home/j/jferber/tutorial/my_robot_ws/install/my_robot_interfaces/include/my_robot_interfaces/my_robot_interfaces/action/detail/set_velocity__type_support.hpp
[1.094s] -- Up-to-date symlink: /home/j/jferber/tutorial/my_robot_ws/install/my_robot_interfaces/include/my_robot_interfaces/my_robot_interfaces/action/set_velocity.hpp
[1.095s] -- Up-to-date symlink: /home/j/jferber/tutorial/my_robot_ws/install/my_robot_interfaces/include/my_robot_interfaces/my_robot_interfaces/msg/rosidl_generator_cpp__visibility_control.hpp
[1.097s] -- Up-to-date symlink: /home/j/jferber/tutorial/my_robot_ws/install/my_robot_interfaces/include/my_robot_interfaces/my_robot_interfaces/action/detail/set_velocity__rosidl_typesupport_fastrtps_cpp.hpp
[1.098s] -- Up-to-date symlink: /home/j/jferber/tutorial/my_robot_ws/install/my_robot_interfaces/include/my_robot_interfaces/my_robot_interfaces/msg/rosidl_typesupport_fastrtps_cpp__visibility_control.h
[1.099s] -- Up-to-date symlink: /home/j/jferber/tutorial/my_robot_ws/install/my_robot_interfaces/include/my_robot_interfaces/my_robot_interfaces/action/detail/set_velocity__rosidl_typesupport_introspection_cpp.hpp
[1.099s] -- Up-to-date symlink: /home/j/jferber/tutorial/my_robot_ws/install/my_robot_interfaces/share/my_robot_interfaces/environment/pythonpath.sh
[1.100s] -- Up-to-date symlink: /home/j/jferber/tutorial/my_robot_ws/install/my_robot_interfaces/share/my_robot_interfaces/environment/pythonpath.dsv
[1.101s] -- Up-to-date symlink: /home/j/jferber/tutorial/my_robot_ws/install/my_robot_interfaces/lib/python3.12/site-packages/my_robot_interfaces-0.0.1-py3.12.egg-info/PKG-INFO
[1.101s] -- Up-to-date symlink: /home/j/jferber/tutorial/my_robot_ws/install/my_robot_interfaces/lib/python3.12/site-packages/my_robot_interfaces-0.0.1-py3.12.egg-info/SOURCES.txt
[1.102s] -- Up-to-date symlink: /home/j/jferber/tutorial/my_robot_ws/install/my_robot_interfaces/lib/python3.12/site-packages/my_robot_interfaces-0.0.1-py3.12.egg-info/dependency_links.txt
[1.102s] -- Up-to-date symlink: /home/j/jferber/tutorial/my_robot_ws/install/my_robot_interfaces/lib/python3.12/site-packages/my_robot_interfaces-0.0.1-py3.12.egg-info/top_level.txt
[1.104s] -- Up-to-date symlink: /home/j/jferber/tutorial/my_robot_ws/install/my_robot_interfaces/lib/python3.12/site-packages/my_robot_interfaces/__init__.py
[1.105s] -- Up-to-date symlink: /home/j/jferber/tutorial/my_robot_ws/install/my_robot_interfaces/lib/python3.12/site-packages/my_robot_interfaces/_my_robot_interfaces_s.ep.rosidl_typesupport_c.c
[1.106s] -- Up-to-date symlink: /home/j/jferber/tutorial/my_robot_ws/install/my_robot_interfaces/lib/python3.12/site-packages/my_robot_interfaces/_my_robot_interfaces_s.ep.rosidl_typesupport_fastrtps_c.c
[1.110s] -- Up-to-date symlink: /home/j/jferber/tutorial/my_robot_ws/install/my_robot_interfaces/lib/python3.12/site-packages/my_robot_interfaces/_my_robot_interfaces_s.ep.rosidl_typesupport_introspection_c.c
[1.110s] -- Up-to-date symlink: /home/j/jferber/tutorial/my_robot_ws/install/my_robot_interfaces/lib/python3.12/site-packages/my_robot_interfaces/action/__init__.py
[1.110s] -- Up-to-date symlink: /home/j/jferber/tutorial/my_robot_ws/install/my_robot_interfaces/lib/python3.12/site-packages/my_robot_interfaces/action/_set_velocity.py
[1.110s] -- Up-to-date symlink: /home/j/jferber/tutorial/my_robot_ws/install/my_robot_interfaces/lib/python3.12/site-packages/my_robot_interfaces/action/_set_velocity_s.c
[1.110s] -- Up-to-date symlink: /home/j/jferber/tutorial/my_robot_ws/install/my_robot_interfaces/lib/python3.12/site-packages/my_robot_interfaces/my_robot_interfaces_s__rosidl_typesupport_c.so
[1.110s] -- Up-to-date symlink: /home/j/jferber/tutorial/my_robot_ws/install/my_robot_interfaces/lib/python3.12/site-packages/my_robot_interfaces/my_robot_interfaces_s__rosidl_typesupport_fastrtps_c.so
[1.111s] -- Up-to-date symlink: /home/j/jferber/tutorial/my_robot_ws/install/my_robot_interfaces/lib/python3.12/site-packages/my_robot_interfaces/my_robot_interfaces_s__rosidl_typesupport_introspection_c.so
[1.111s] -- Up-to-date symlink: /home/j/jferber/tutorial/my_robot_ws/install/my_robot_interfaces/lib/python3.12/site-packages/my_robot_interfaces/my_robot_interfaces_s__rosidl_typesupport_fastrtps_c.so
[1.111s] -- Up-to-date symlink: /home/j/jferber/tutorial/my_robot_ws/install/my_robot_interfaces/lib/python3.12/site-packages/my_robot_interfaces/my_robot_interfaces_s__rosidl_typesupport_introspection_c.so
[1.112s] -- Up-to-date symlink: /home/j/jferber/tutorial/my_robot_ws/install/my_robot_interfaces/lib/python3.12/site-packages/my_robot_interfaces/my_robot_interfaces_s__rosidl_typesupport_c.so
[1.113s] -- Up-to-date symlink: /home/j/jferber/tutorial/my_robot_ws/install/my_robot_interfaces/share/ament_index/resource_index/rust_packages/my_robot_interfaces
[1.114s] -- Up-to-date symlink: /home/j/jferber/tutorial/my_robot_ws/install/my_robot_interfaces/share/my_robot_interfaces/rust/Cargo.toml
[1.116s] -- Up-to-date symlink: /home/j/jferber/tutorial/my_robot_ws/install/my_robot_interfaces/share/my_robot_interfaces/rust/build.rs
[1.117s] -- Up-to-date symlink: /home/j/jferber/tutorial/my_robot_ws/install/my_robot_interfaces/share/my_robot_interfaces/rust/src/action.rs
[1.117s] -- Up-to-date symlink: /home/j/jferber/tutorial/my_robot_ws/install/my_robot_interfaces/share/my_robot_interfaces/rust/src/action/rmw.rs
[1.117s] -- Up-to-date symlink: /home/j/jferber/tutorial/my_robot_ws/install/my_robot_interfaces/share/my_robot_interfaces/rust/src/lib.rs
[1.117s] -- Up-to-date symlink: /home/j/jferber/tutorial/my_robot_ws/install/my_robot_interfaces/share/my_robot_interfaces/action/SetVelocity.idl
[1.117s] -- Up-to-date symlink: /home/j/jferber/tutorial/my_robot_ws/install/my_robot_interfaces/share/my_robot_interfaces/action/SetVelocity.action
[1.117s] -- Up-to-date symlink: /home/j/jferber/tutorial/my_robot_ws/install/my_robot_interfaces/share/ament_index/resource_index/package_run_dependencies/my_robot_interfaces
[1.118s] -- Up-to-date symlink: /home/j/jferber/tutorial/my_robot_ws/install/my_robot_interfaces/share/ament_index/resource_index/parent_prefix_path/my_robot_interfaces
[1.118s] -- Up-to-date symlink: /home/j/jferber/tutorial/my_robot_ws/install/my_robot_interfaces/share/my_robot_interfaces/environment/ament_prefix_path.sh
[1.118s] -- Up-to-date symlink: /home/j/jferber/tutorial/my_robot_ws/install/my_robot_interfaces/share/my_robot_interfaces/environment/ament_prefix_path.dsv
[1.119s] -- Up-to-date symlink: /home/j/jferber/tutorial/my_robot_ws/install/my_robot_interfaces/share/my_robot_interfaces/environment/path.sh
[1.119s] -- Up-to-date symlink: /home/j/jferber/tutorial/my_robot_ws/install/my_robot_interfaces/share/my_robot_interfaces/environment/path.dsv
[1.120s] -- Up-to-date symlink: /home/j/jferber/tutorial/my_robot_ws/install/my_robot_interfaces/share/my_robot_interfaces/local_setup.bash
[1.120s] -- Up-to-date symlink: /home/j/jferber/tutorial/my_robot_ws/install/my_robot_interfaces/share/my_robot_interfaces/local_setup.sh
[1.120s] -- Up-to-date symlink: /home/j/jferber/tutorial/my_robot_ws/install/my_robot_interfaces/share/my_robot_interfaces/local_setup.zsh
[1.121s] -- Up-to-date symlink: /home/j/jferber/tutorial/my_robot_ws/install/my_robot_interfaces/share/my_robot_interfaces/local_setup.dsv
[1.121s] -- Symlinking: /home/j/jferber/tutorial/my_robot_ws/install/my_robot_interfaces/share/my_robot_interfaces/package.dsv
[1.144s] -- Up-to-date symlink: /home/j/jferber/tutorial/my_robot_ws/install/my_robot_interfaces/share/ament_index/resource_index/packages/my_robot_interfaces
[1.145s] -- Up-to-date symlink: /home/j/jferber/tutorial/my_robot_ws/install/my_robot_interfaces/share/my_robot_interfaces/cmake/rosidl_cmake-extras.cmake
[1.145s] -- Up-to-date symlink: /home/j/jferber/tutorial/my_robot_ws/install/my_robot_interfaces/share/my_robot_interfaces/cmake/ament_cmake_export_dependencies-extras.cmake
[1.146s] -- Up-to-date symlink: /home/j/jferber/tutorial/my_robot_ws/install/my_robot_interfaces/share/my_robot_interfaces/cmake/ament_cmake_export_include_directories-extras.cmake
[1.146s] -- Up-to-date symlink: /home/j/jferber/tutorial/my_robot_ws/install/my_robot_interfaces/share/my_robot_interfaces/cmake/ament_cmake_export_libraries-extras.cmake
[1.147s] -- Up-to-date symlink: /home/j/jferber/tutorial/my_robot_ws/install/my_robot_interfaces/share/my_robot_interfaces/cmake/ament_cmake_export_targets-extras.cmake
[1.147s] -- Up-to-date symlink: /home/j/jferber/tutorial/my_robot_ws/install/my_robot_interfaces/share/my_robot_interfaces/cmake/rosidl_cmake_export_typesupport_targets-extras.cmake
[1.147s] -- Up-to-date symlink: /home/j/jferber/tutorial/my_robot_ws/install/my_robot_interfaces/share/my_robot_interfaces/cmake/rosidl_cmake_export_typesupport_libraries-extras.cmake
[1.148s] -- Up-to-date symlink: /home/j/jferber/tutorial/my_robot_ws/install/my_robot_interfaces/share/my_robot_interfaces/cmake/my_robot_interfacesConfig.cmake
[1.148s] -- Up-to-date symlink: /home/j/jferber/tutorial/my_robot_ws/install/my_robot_interfaces/share/my_robot_interfaces/cmake/my_robot_interfacesConfig-version.cmake
[1.149s] -- Up-to-date symlink: /home/j/jferber/tutorial/my_robot_ws/install/my_robot_interfaces/share/my_robot_interfaces/package.xml
[1.149s] -- Up-to-date: /home/j/jferber/tutorial/my_robot_ws/install/my_robot_interfaces/lib/libmy_robot_interfaces__rosidl_generator_c.so
[1.150s] -- Up-to-date: /home/j/jferber/tutorial/my_robot_ws/install/my_robot_interfaces/lib/libmy_robot_interfaces__rosidl_typesupport_fastrtps_c.so
[1.151s] -- Up-to-date: /home/j/jferber/tutorial/my_robot_ws/install/my_robot_interfaces/lib/libmy_robot_interfaces__rosidl_typesupport_introspection_c.so
[1.153s] -- Up-to-date: /home/j/jferber/tutorial/my_robot_ws/install/my_robot_interfaces/lib/libmy_robot_interfaces__rosidl_typesupport_c.so
[1.153s] -- Up-to-date: /home/j/jferber/tutorial/my_robot_ws/install/my_robot_interfaces/lib/libmy_robot_interfaces__rosidl_typesupport_fastrtps_cpp.so
[1.154s] -- Up-to-date: /home/j/jferber/tutorial/my_robot_ws/install/my_robot_interfaces/lib/libmy_robot_interfaces__rosidl_typesupport_introspection_cpp.so
[1.155s] -- Up-to-date: /home/j/jferber/tutorial/my_robot_ws/install/my_robot_interfaces/lib/libmy_robot_interfaces__rosidl_typesupport_cpp.so
[1.209s] Listing '/home/j/jferber/tutorial/my_robot_ws/install/my_robot_interfaces/lib/python3.12/site-packages/my_robot_interfaces'...
[1.209s] Listing '/home/j/jferber/tutorial/my_robot_ws/install/my_robot_interfaces/lib/python3.12/site-packages/my_robot_interfaces/action'...
[1.213s] -- Up-to-date: /home/j/jferber/tutorial/my_robot_ws/install/my_robot_interfaces/lib/libmy_robot_interfaces__rosidl_generator_py.so
[1.214s] -- Up-to-date: /home/j/jferber/tutorial/my_robot_ws/install/my_robot_interfaces/share/my_robot_interfaces/cmake/export_my_robot_interfaces__rosidl_generator_cExport.cmake
[1.214s] -- Up-to-date: /home/j/jferber/tutorial/my_robot_ws/install/my_robot_interfaces/share/my_robot_interfaces/cmake/export_my_robot_interfaces__rosidl_generator_cExport-noconfig.cmake
[1.214s] -- Up-to-date: /home/j/jferber/tutorial/my_robot_ws/install/my_robot_interfaces/share/my_robot_interfaces/cmake/export_my_robot_interfaces__rosidl_typesupport_fastrtps_cExport.cmake
[1.214s] -- Up-to-date: /home/j/jferber/tutorial/my_robot_ws/install/my_robot_interfaces/share/my_robot_interfaces/cmake/export_my_robot_interfaces__rosidl_typesupport_fastrtps_cExport-noconfig.cmake
[1.215s] -- Up-to-date: /home/j/jferber/tutorial/my_robot_ws/install/my_robot_interfaces/share/my_robot_interfaces/cmake/my_robot_interfaces__rosidl_typesupport_introspection_cExport.cmake
[1.217s] -- Up-to-date: /home/j/jferber/tutorial/my_robot_ws/install/my_robot_interfaces/share/my_robot_interfaces/cmake/my_robot_interfaces__rosidl_typesupport_introspection_cExport-noconfig.cmake
[1.217s] -- Up-to-date: /home/j/jferber/tutorial/my_robot_ws/install/my_robot_interfaces/share/my_robot_interfaces/cmake/my_robot_interfaces__rosidl_typesupport_cExport.cmake
[1.217s] -- Up-to-date: /home/j/jferber/tutorial/my_robot_ws/install/my_robot_interfaces/share/my_robot_interfaces/cmake/my_robot_interfaces__rosidl_typesupport_cExport-noconfig.cmake
[1.217s] -- Up-to-date: /home/j/jferber/tutorial/my_robot_ws/install/my_robot_interfaces/share/my_robot_interfaces/cmake/export_my_robot_interfaces__rosidl_generator_cppExport.cmake
[1.217s] -- Up-to-date: /home/j/jferber/tutorial/my_robot_ws/install/my_robot_interfaces/share/my_robot_interfaces/cmake/export_my_robot_interfaces__rosidl_typesupport_fastrtps_cppExport.cmake
[1.217s] -- Up-to-date: /home/j/jferber/tutorial/my_robot_ws/install/my_robot_interfaces/share/my_robot_interfaces/cmake/export_my_robot_interfaces__rosidl_typesupport_fastrtps_cppExport-noconfig.cmake
[1.218s] -- Up-to-date: /home/j/jferber/tutorial/my_robot_ws/install/my_robot_interfaces/share/my_robot_interfaces/cmake/my_robot_interfaces__rosidl_typesupport_introspection_cppExport.cmake
[1.218s] -- Up-to-date: /home/j/jferber/tutorial/my_robot_ws/install/my_robot_interfaces/share/my_robot_interfaces/cmake/my_robot_interfaces__rosidl_typesupport_introspection_cppExport-noconfig.cmake
[1.218s] -- Up-to-date: /home/j/jferber/tutorial/my_robot_ws/install/my_robot_interfaces/share/my_robot_interfaces/cmake/my_robot_interfaces__rosidl_typesupport_cppExport.cmake
[1.218s] -- Up-to-date: /home/j/jferber/tutorial/my_robot_ws/install/my_robot_interfaces/share/my_robot_interfaces/cmake/my_robot_interfaces__rosidl_typesupport_cppExport-noconfig.cmake
[1.218s] -- Up-to-date: /home/j/jferber/tutorial/my_robot_ws/install/my_robot_interfaces/share/my_robot_interfaces/cmake/export_my_robot_interfaces__rosidl_generator_pyExport.cmake
[1.218s] -- Up-to-date: /home/j/jferber/tutorial/my_robot_ws/install/my_robot_interfaces/share/my_robot_interfaces/cmake/export_my_robot_interfaces__rosidl_generator_pyExport-noconfig.cmake
[1.382s] Invoked command in '/home/j/jferber/tutorial/my_robot_ws/build/my_robot_interfaces' returned '0': CMAKE_PREFIX_PATH=${CMAKE_PREFIX_PATH}:/home/j/jferber/tutorial/my_robot_ws/install/my_robot_nav:/home/j/jferber/tutorial/my_robot_ws/install/my_robot_perception:/home/j/jferber/tutorial/my_robot_ws/install/my_robot_control:/opt/ros/jazzy DEBUGINFOD_URLS=https://debuginfod.ubuntu.com /usr/bin/cmake --install /home/j/jferber/tutorial/my_robot_ws/build/my_robot_interfaces
