[0.677s] Invoking command in '/home/j/jferber/tutorial/my_robot_ws/build/my_robot_description': CMAKE_PREFIX_PATH=${CMAKE_PREFIX_PATH}:/opt/ros/jazzy DEBUGINFOD_URLS=https://debuginfod.ubuntu.com /usr/bin/cmake --build /home/j/jferber/tutorial/my_robot_ws/build/my_robot_description -- -j32 -l32
[0.942s] Invoked command in '/home/j/jferber/tutorial/my_robot_ws/build/my_robot_description' returned '0': CMAKE_PREFIX_PATH=${CMAKE_PREFIX_PATH}:/opt/ros/jazzy DEBUGINFOD_URLS=https://debuginfod.ubuntu.com /usr/bin/cmake --build /home/j/jferber/tutorial/my_robot_ws/build/my_robot_description -- -j32 -l32
[1.018s] Invoking command in '/home/j/jferber/tutorial/my_robot_ws/build/my_robot_description': CMAKE_PREFIX_PATH=${CMAKE_PREFIX_PATH}:/opt/ros/jazzy DEBUGINFOD_URLS=https://debuginfod.ubuntu.com /usr/bin/cmake --install /home/j/jferber/tutorial/my_robot_ws/build/my_robot_description
[1.053s] -- Install configuration: ""
[1.079s] -- Execute custom install script
[1.089s] -- Up-to-date symlink: /home/j/jferber/tutorial/my_robot_ws/install/my_robot_description/share/my_robot_description/urdf/.ipynb_checkpoints/my_robot.urdf-checkpoint.xacro
[1.090s] -- Up-to-date symlink: /home/j/jferber/tutorial/my_robot_ws/install/my_robot_description/share/my_robot_description/urdf/.ipynb_checkpoints/robot-checkpoint.gazebo
[1.093s] -- Up-to-date symlink: /home/j/jferber/tutorial/my_robot_ws/install/my_robot_description/share/my_robot_description/urdf/my_robot.urdf.xacro
[1.093s] -- Up-to-date symlink: /home/j/jferber/tutorial/my_robot_ws/install/my_robot_description/share/my_robot_description/urdf/robot.gazebo
[1.099s] -- Up-to-date symlink: /home/j/jferber/tutorial/my_robot_ws/install/my_robot_description/share/ament_index/resource_index/package_run_dependencies/my_robot_description
[1.100s] -- Up-to-date symlink: /home/j/jferber/tutorial/my_robot_ws/install/my_robot_description/share/ament_index/resource_index/parent_prefix_path/my_robot_description
[1.102s] -- Up-to-date symlink: /home/j/jferber/tutorial/my_robot_ws/install/my_robot_description/share/my_robot_description/environment/ament_prefix_path.sh
[1.103s] -- Up-to-date symlink: /home/j/jferber/tutorial/my_robot_ws/install/my_robot_description/share/my_robot_description/environment/ament_prefix_path.dsv
[1.103s] -- Up-to-date symlink: /home/j/jferber/tutorial/my_robot_ws/install/my_robot_description/share/my_robot_description/environment/path.sh
[1.104s] -- Up-to-date symlink: /home/j/jferber/tutorial/my_robot_ws/install/my_robot_description/share/my_robot_description/environment/path.dsv
[1.104s] -- Up-to-date symlink: /home/j/jferber/tutorial/my_robot_ws/install/my_robot_description/share/my_robot_description/local_setup.bash
[1.105s] -- Up-to-date symlink: /home/j/jferber/tutorial/my_robot_ws/install/my_robot_description/share/my_robot_description/local_setup.sh
[1.106s] -- Up-to-date symlink: /home/j/jferber/tutorial/my_robot_ws/install/my_robot_description/share/my_robot_description/local_setup.zsh
[1.107s] -- Up-to-date symlink: /home/j/jferber/tutorial/my_robot_ws/install/my_robot_description/share/my_robot_description/local_setup.dsv
[1.107s] -- Symlinking: /home/j/jferber/tutorial/my_robot_ws/install/my_robot_description/share/my_robot_description/package.dsv
[1.123s] -- Up-to-date symlink: /home/j/jferber/tutorial/my_robot_ws/install/my_robot_description/share/ament_index/resource_index/packages/my_robot_description
[1.125s] -- Up-to-date symlink: /home/j/jferber/tutorial/my_robot_ws/install/my_robot_description/share/my_robot_description/cmake/my_robot_descriptionConfig.cmake
[1.125s] -- Up-to-date symlink: /home/j/jferber/tutorial/my_robot_ws/install/my_robot_description/share/my_robot_description/cmake/my_robot_descriptionConfig-version.cmake
[1.126s] -- Up-to-date symlink: /home/j/jferber/tutorial/my_robot_ws/install/my_robot_description/share/my_robot_description/package.xml
[1.166s] Invoked command in '/home/j/jferber/tutorial/my_robot_ws/build/my_robot_description' returned '0': CMAKE_PREFIX_PATH=${CMAKE_PREFIX_PATH}:/opt/ros/jazzy DEBUGINFOD_URLS=https://debuginfod.ubuntu.com /usr/bin/cmake --install /home/j/jferber/tutorial/my_robot_ws/build/my_robot_description
