[0.143s] DEBUG:colcon:Command line arguments: ['/usr/bin/colcon', 'build', '--symlink-install']
[0.143s] DEBUG:colcon:Parsed command line arguments: Namespace(log_base=None, log_level=None, verb_name='build', build_base='build', install_base='install', merge_install=False, symlink_install=True, test_result_base=None, continue_on_error=False, executor='parallel', parallel_workers=32, event_handlers=None, ignore_user_meta=False, metas=['./colcon.meta'], base_paths=['.'], packages_ignore=None, packages_ignore_regex=None, paths=None, packages_up_to=None, packages_up_to_regex=None, packages_above=None, packages_above_and_dependencies=None, packages_above_depth=None, packages_select_by_dep=None, packages_skip_by_dep=None, packages_skip_up_to=None, packages_select_build_failed=False, packages_skip_build_finished=False, packages_select_test_failures=False, packages_skip_test_passed=False, packages_select=None, packages_skip=None, packages_select_regex=None, packages_skip_regex=None, packages_start=None, packages_end=None, cmake_args=None, cmake_target=None, cmake_target_skip_unavailable=False, cmake_clean_cache=False, cmake_clean_first=False, cmake_force_configure=False, ament_cmake_args=None, catkin_cmake_args=None, catkin_skip_building_tests=False, mixin_files=None, mixin=None, verb_parser=<colcon_mixin.mixin.mixin_argument.MixinArgumentDecorator object at 0x7fd23ffc4da0>, verb_extension=<colcon_core.verb.build.BuildVerb object at 0x7fd240125430>, main=<bound method BuildVerb.main of <colcon_core.verb.build.BuildVerb object at 0x7fd240125430>>, mixin_verb=('build',))
[3.573s] Level 1:colcon.colcon_core.package_discovery:discover_packages(colcon_meta) check parameters
[3.573s] Level 1:colcon.colcon_core.package_discovery:discover_packages(recursive) check parameters
[3.573s] Level 1:colcon.colcon_core.package_discovery:discover_packages(ignore) check parameters
[3.573s] Level 1:colcon.colcon_core.package_discovery:discover_packages(path) check parameters
[3.574s] Level 1:colcon.colcon_core.package_discovery:discover_packages(colcon_meta) discover
[3.574s] Level 1:colcon.colcon_core.package_discovery:discover_packages(recursive) discover
[3.574s] INFO:colcon.colcon_core.package_discovery:Crawling recursively for packages in '/home/j/jferber/tutorial/my_robot_ws'
[3.574s] Level 1:colcon.colcon_core.package_identification:_identify(.) by extensions ['ignore', 'ignore_ament_install']
[3.574s] Level 1:colcon.colcon_core.package_identification:_identify(.) by extension 'ignore'
[3.574s] Level 1:colcon.colcon_core.package_identification:_identify(.) by extension 'ignore_ament_install'
[3.574s] Level 1:colcon.colcon_core.package_identification:_identify(.) by extensions ['colcon_pkg']
[3.574s] Level 1:colcon.colcon_core.package_identification:_identify(.) by extension 'colcon_pkg'
[3.574s] Level 1:colcon.colcon_core.package_identification:_identify(.) by extensions ['colcon_meta']
[3.574s] Level 1:colcon.colcon_core.package_identification:_identify(.) by extension 'colcon_meta'
[3.574s] Level 1:colcon.colcon_core.package_identification:_identify(.) by extensions ['ros']
[3.574s] Level 1:colcon.colcon_core.package_identification:_identify(.) by extension 'ros'
[3.605s] Level 1:colcon.colcon_core.package_identification:_identify(.) by extensions ['cmake', 'python']
[3.605s] Level 1:colcon.colcon_core.package_identification:_identify(.) by extension 'cmake'
[3.605s] Level 1:colcon.colcon_core.package_identification:_identify(.) by extension 'python'
[3.605s] Level 1:colcon.colcon_core.package_identification:_identify(.) by extensions ['python_setup_py']
[3.605s] Level 1:colcon.colcon_core.package_identification:_identify(.) by extension 'python_setup_py'
[3.605s] Level 1:colcon.colcon_core.package_identification:_identify(build) by extensions ['ignore', 'ignore_ament_install']
[3.605s] Level 1:colcon.colcon_core.package_identification:_identify(build) by extension 'ignore'
[3.605s] Level 1:colcon.colcon_core.package_identification:_identify(build) ignored
[3.606s] Level 1:colcon.colcon_core.package_identification:_identify(install) by extensions ['ignore', 'ignore_ament_install']
[3.606s] Level 1:colcon.colcon_core.package_identification:_identify(install) by extension 'ignore'
[3.606s] Level 1:colcon.colcon_core.package_identification:_identify(install) ignored
[3.607s] Level 1:colcon.colcon_core.package_identification:_identify(log) by extensions ['ignore', 'ignore_ament_install']
[3.607s] Level 1:colcon.colcon_core.package_identification:_identify(log) by extension 'ignore'
[3.607s] Level 1:colcon.colcon_core.package_identification:_identify(log) ignored
[3.607s] Level 1:colcon.colcon_core.package_identification:_identify(src) by extensions ['ignore', 'ignore_ament_install']
[3.607s] Level 1:colcon.colcon_core.package_identification:_identify(src) by extension 'ignore'
[3.607s] Level 1:colcon.colcon_core.package_identification:_identify(src) by extension 'ignore_ament_install'
[3.607s] Level 1:colcon.colcon_core.package_identification:_identify(src) by extensions ['colcon_pkg']
[3.607s] Level 1:colcon.colcon_core.package_identification:_identify(src) by extension 'colcon_pkg'
[3.607s] Level 1:colcon.colcon_core.package_identification:_identify(src) by extensions ['colcon_meta']
[3.607s] Level 1:colcon.colcon_core.package_identification:_identify(src) by extension 'colcon_meta'
[3.607s] Level 1:colcon.colcon_core.package_identification:_identify(src) by extensions ['ros']
[3.607s] Level 1:colcon.colcon_core.package_identification:_identify(src) by extension 'ros'
[3.607s] Level 1:colcon.colcon_core.package_identification:_identify(src) by extensions ['cmake', 'python']
[3.608s] Level 1:colcon.colcon_core.package_identification:_identify(src) by extension 'cmake'
[3.608s] Level 1:colcon.colcon_core.package_identification:_identify(src) by extension 'python'
[3.608s] Level 1:colcon.colcon_core.package_identification:_identify(src) by extensions ['python_setup_py']
[3.608s] Level 1:colcon.colcon_core.package_identification:_identify(src) by extension 'python_setup_py'
[3.608s] Level 1:colcon.colcon_core.package_identification:_identify(src/my_robot_bringup) by extensions ['ignore', 'ignore_ament_install']
[3.608s] Level 1:colcon.colcon_core.package_identification:_identify(src/my_robot_bringup) by extension 'ignore'
[3.608s] Level 1:colcon.colcon_core.package_identification:_identify(src/my_robot_bringup) by extension 'ignore_ament_install'
[3.608s] Level 1:colcon.colcon_core.package_identification:_identify(src/my_robot_bringup) by extensions ['colcon_pkg']
[3.608s] Level 1:colcon.colcon_core.package_identification:_identify(src/my_robot_bringup) by extension 'colcon_pkg'
[3.608s] Level 1:colcon.colcon_core.package_identification:_identify(src/my_robot_bringup) by extensions ['colcon_meta']
[3.608s] Level 1:colcon.colcon_core.package_identification:_identify(src/my_robot_bringup) by extension 'colcon_meta'
[3.608s] Level 1:colcon.colcon_core.package_identification:_identify(src/my_robot_bringup) by extensions ['ros']
[3.608s] Level 1:colcon.colcon_core.package_identification:_identify(src/my_robot_bringup) by extension 'ros'
[3.660s] DEBUG:colcon.colcon_core.package_identification:Package 'src/my_robot_bringup' with type 'ros.ament_cmake' and name 'my_robot_bringup'
[3.660s] Level 1:colcon.colcon_core.package_identification:_identify(src/my_robot_control) by extensions ['ignore', 'ignore_ament_install']
[3.660s] Level 1:colcon.colcon_core.package_identification:_identify(src/my_robot_control) by extension 'ignore'
[3.660s] Level 1:colcon.colcon_core.package_identification:_identify(src/my_robot_control) by extension 'ignore_ament_install'
[3.661s] Level 1:colcon.colcon_core.package_identification:_identify(src/my_robot_control) by extensions ['colcon_pkg']
[3.661s] Level 1:colcon.colcon_core.package_identification:_identify(src/my_robot_control) by extension 'colcon_pkg'
[3.661s] Level 1:colcon.colcon_core.package_identification:_identify(src/my_robot_control) by extensions ['colcon_meta']
[3.661s] Level 1:colcon.colcon_core.package_identification:_identify(src/my_robot_control) by extension 'colcon_meta'
[3.661s] Level 1:colcon.colcon_core.package_identification:_identify(src/my_robot_control) by extensions ['ros']
[3.661s] Level 1:colcon.colcon_core.package_identification:_identify(src/my_robot_control) by extension 'ros'
[3.663s] DEBUG:colcon.colcon_core.package_identification:Package 'src/my_robot_control' with type 'ros.ament_python' and name 'my_robot_control'
[3.663s] Level 1:colcon.colcon_core.package_identification:_identify(src/my_robot_description) by extensions ['ignore', 'ignore_ament_install']
[3.663s] Level 1:colcon.colcon_core.package_identification:_identify(src/my_robot_description) by extension 'ignore'
[3.663s] Level 1:colcon.colcon_core.package_identification:_identify(src/my_robot_description) by extension 'ignore_ament_install'
[3.663s] Level 1:colcon.colcon_core.package_identification:_identify(src/my_robot_description) by extensions ['colcon_pkg']
[3.663s] Level 1:colcon.colcon_core.package_identification:_identify(src/my_robot_description) by extension 'colcon_pkg'
[3.663s] Level 1:colcon.colcon_core.package_identification:_identify(src/my_robot_description) by extensions ['colcon_meta']
[3.663s] Level 1:colcon.colcon_core.package_identification:_identify(src/my_robot_description) by extension 'colcon_meta'
[3.663s] Level 1:colcon.colcon_core.package_identification:_identify(src/my_robot_description) by extensions ['ros']
[3.663s] Level 1:colcon.colcon_core.package_identification:_identify(src/my_robot_description) by extension 'ros'
[3.760s] DEBUG:colcon.colcon_core.package_identification:Package 'src/my_robot_description' with type 'ros.ament_cmake' and name 'my_robot_description'
[3.760s] Level 1:colcon.colcon_core.package_identification:_identify(src/my_robot_interfaces) by extensions ['ignore', 'ignore_ament_install']
[3.761s] Level 1:colcon.colcon_core.package_identification:_identify(src/my_robot_interfaces) by extension 'ignore'
[3.761s] Level 1:colcon.colcon_core.package_identification:_identify(src/my_robot_interfaces) by extension 'ignore_ament_install'
[3.761s] Level 1:colcon.colcon_core.package_identification:_identify(src/my_robot_interfaces) by extensions ['colcon_pkg']
[3.761s] Level 1:colcon.colcon_core.package_identification:_identify(src/my_robot_interfaces) by extension 'colcon_pkg'
[3.761s] Level 1:colcon.colcon_core.package_identification:_identify(src/my_robot_interfaces) by extensions ['colcon_meta']
[3.761s] Level 1:colcon.colcon_core.package_identification:_identify(src/my_robot_interfaces) by extension 'colcon_meta'
[3.761s] Level 1:colcon.colcon_core.package_identification:_identify(src/my_robot_interfaces) by extensions ['ros']
[3.761s] Level 1:colcon.colcon_core.package_identification:_identify(src/my_robot_interfaces) by extension 'ros'
[3.763s] DEBUG:colcon.colcon_core.package_identification:Package 'src/my_robot_interfaces' with type 'ros.ament_cmake' and name 'my_robot_interfaces'
[3.763s] Level 1:colcon.colcon_core.package_identification:_identify(src/my_robot_nav) by extensions ['ignore', 'ignore_ament_install']
[3.763s] Level 1:colcon.colcon_core.package_identification:_identify(src/my_robot_nav) by extension 'ignore'
[3.763s] Level 1:colcon.colcon_core.package_identification:_identify(src/my_robot_nav) by extension 'ignore_ament_install'
[3.763s] Level 1:colcon.colcon_core.package_identification:_identify(src/my_robot_nav) by extensions ['colcon_pkg']
[3.763s] Level 1:colcon.colcon_core.package_identification:_identify(src/my_robot_nav) by extension 'colcon_pkg'
[3.763s] Level 1:colcon.colcon_core.package_identification:_identify(src/my_robot_nav) by extensions ['colcon_meta']
[3.763s] Level 1:colcon.colcon_core.package_identification:_identify(src/my_robot_nav) by extension 'colcon_meta'
[3.763s] Level 1:colcon.colcon_core.package_identification:_identify(src/my_robot_nav) by extensions ['ros']
[3.763s] Level 1:colcon.colcon_core.package_identification:_identify(src/my_robot_nav) by extension 'ros'
[3.765s] DEBUG:colcon.colcon_core.package_identification:Package 'src/my_robot_nav' with type 'ros.ament_python' and name 'my_robot_nav'
[3.765s] Level 1:colcon.colcon_core.package_identification:_identify(src/my_robot_perception) by extensions ['ignore', 'ignore_ament_install']
[3.765s] Level 1:colcon.colcon_core.package_identification:_identify(src/my_robot_perception) by extension 'ignore'
[3.765s] Level 1:colcon.colcon_core.package_identification:_identify(src/my_robot_perception) by extension 'ignore_ament_install'
[3.766s] Level 1:colcon.colcon_core.package_identification:_identify(src/my_robot_perception) by extensions ['colcon_pkg']
[3.766s] Level 1:colcon.colcon_core.package_identification:_identify(src/my_robot_perception) by extension 'colcon_pkg'
[3.766s] Level 1:colcon.colcon_core.package_identification:_identify(src/my_robot_perception) by extensions ['colcon_meta']
[3.766s] Level 1:colcon.colcon_core.package_identification:_identify(src/my_robot_perception) by extension 'colcon_meta'
[3.766s] Level 1:colcon.colcon_core.package_identification:_identify(src/my_robot_perception) by extensions ['ros']
[3.766s] Level 1:colcon.colcon_core.package_identification:_identify(src/my_robot_perception) by extension 'ros'
[3.767s] DEBUG:colcon.colcon_core.package_identification:Package 'src/my_robot_perception' with type 'ros.ament_python' and name 'my_robot_perception'
[3.767s] Level 1:colcon.colcon_core.package_discovery:discover_packages(recursive) using defaults
[3.767s] Level 1:colcon.colcon_core.package_discovery:discover_packages(ignore) discover
[3.767s] Level 1:colcon.colcon_core.package_discovery:discover_packages(ignore) using defaults
[3.767s] Level 1:colcon.colcon_core.package_discovery:discover_packages(path) discover
[3.767s] Level 1:colcon.colcon_core.package_discovery:discover_packages(path) using defaults
[3.793s] Level 5:colcon.colcon_core.verb:set package 'my_robot_bringup' build argument 'cmake_args' from command line to 'None'
[3.793s] Level 5:colcon.colcon_core.verb:set package 'my_robot_bringup' build argument 'cmake_target' from command line to 'None'
[3.793s] Level 5:colcon.colcon_core.verb:set package 'my_robot_bringup' build argument 'cmake_target_skip_unavailable' from command line to 'False'
[3.793s] Level 5:colcon.colcon_core.verb:set package 'my_robot_bringup' build argument 'cmake_clean_cache' from command line to 'False'
[3.793s] Level 5:colcon.colcon_core.verb:set package 'my_robot_bringup' build argument 'cmake_clean_first' from command line to 'False'
[3.793s] Level 5:colcon.colcon_core.verb:set package 'my_robot_bringup' build argument 'cmake_force_configure' from command line to 'False'
[3.793s] Level 5:colcon.colcon_core.verb:set package 'my_robot_bringup' build argument 'ament_cmake_args' from command line to 'None'
[3.793s] Level 5:colcon.colcon_core.verb:set package 'my_robot_bringup' build argument 'catkin_cmake_args' from command line to 'None'
[3.793s] Level 5:colcon.colcon_core.verb:set package 'my_robot_bringup' build argument 'catkin_skip_building_tests' from command line to 'False'
[3.793s] DEBUG:colcon.colcon_core.verb:Building package 'my_robot_bringup' with the following arguments: {'ament_cmake_args': None, 'build_base': '/home/j/jferber/tutorial/my_robot_ws/build/my_robot_bringup', 'catkin_cmake_args': None, 'catkin_skip_building_tests': False, 'cmake_args': None, 'cmake_clean_cache': False, 'cmake_clean_first': False, 'cmake_force_configure': False, 'cmake_target': None, 'cmake_target_skip_unavailable': False, 'install_base': '/home/j/jferber/tutorial/my_robot_ws/install/my_robot_bringup', 'merge_install': False, 'path': '/home/j/jferber/tutorial/my_robot_ws/src/my_robot_bringup', 'symlink_install': True, 'test_result_base': None}
[3.793s] Level 5:colcon.colcon_core.verb:set package 'my_robot_control' build argument 'cmake_args' from command line to 'None'
[3.793s] Level 5:colcon.colcon_core.verb:set package 'my_robot_control' build argument 'cmake_target' from command line to 'None'
[3.793s] Level 5:colcon.colcon_core.verb:set package 'my_robot_control' build argument 'cmake_target_skip_unavailable' from command line to 'False'
[3.793s] Level 5:colcon.colcon_core.verb:set package 'my_robot_control' build argument 'cmake_clean_cache' from command line to 'False'
[3.793s] Level 5:colcon.colcon_core.verb:set package 'my_robot_control' build argument 'cmake_clean_first' from command line to 'False'
[3.793s] Level 5:colcon.colcon_core.verb:set package 'my_robot_control' build argument 'cmake_force_configure' from command line to 'False'
[3.793s] Level 5:colcon.colcon_core.verb:set package 'my_robot_control' build argument 'ament_cmake_args' from command line to 'None'
[3.793s] Level 5:colcon.colcon_core.verb:set package 'my_robot_control' build argument 'catkin_cmake_args' from command line to 'None'
[3.794s] Level 5:colcon.colcon_core.verb:set package 'my_robot_control' build argument 'catkin_skip_building_tests' from command line to 'False'
[3.794s] DEBUG:colcon.colcon_core.verb:Building package 'my_robot_control' with the following arguments: {'ament_cmake_args': None, 'build_base': '/home/j/jferber/tutorial/my_robot_ws/build/my_robot_control', 'catkin_cmake_args': None, 'catkin_skip_building_tests': False, 'cmake_args': None, 'cmake_clean_cache': False, 'cmake_clean_first': False, 'cmake_force_configure': False, 'cmake_target': None, 'cmake_target_skip_unavailable': False, 'install_base': '/home/j/jferber/tutorial/my_robot_ws/install/my_robot_control', 'merge_install': False, 'path': '/home/j/jferber/tutorial/my_robot_ws/src/my_robot_control', 'symlink_install': True, 'test_result_base': None}
[3.794s] Level 5:colcon.colcon_core.verb:set package 'my_robot_description' build argument 'cmake_args' from command line to 'None'
[3.794s] Level 5:colcon.colcon_core.verb:set package 'my_robot_description' build argument 'cmake_target' from command line to 'None'
[3.794s] Level 5:colcon.colcon_core.verb:set package 'my_robot_description' build argument 'cmake_target_skip_unavailable' from command line to 'False'
[3.794s] Level 5:colcon.colcon_core.verb:set package 'my_robot_description' build argument 'cmake_clean_cache' from command line to 'False'
[3.794s] Level 5:colcon.colcon_core.verb:set package 'my_robot_description' build argument 'cmake_clean_first' from command line to 'False'
[3.794s] Level 5:colcon.colcon_core.verb:set package 'my_robot_description' build argument 'cmake_force_configure' from command line to 'False'
[3.794s] Level 5:colcon.colcon_core.verb:set package 'my_robot_description' build argument 'ament_cmake_args' from command line to 'None'
[3.794s] Level 5:colcon.colcon_core.verb:set package 'my_robot_description' build argument 'catkin_cmake_args' from command line to 'None'
[3.794s] Level 5:colcon.colcon_core.verb:set package 'my_robot_description' build argument 'catkin_skip_building_tests' from command line to 'False'
[3.794s] DEBUG:colcon.colcon_core.verb:Building package 'my_robot_description' with the following arguments: {'ament_cmake_args': None, 'build_base': '/home/j/jferber/tutorial/my_robot_ws/build/my_robot_description', 'catkin_cmake_args': None, 'catkin_skip_building_tests': False, 'cmake_args': None, 'cmake_clean_cache': False, 'cmake_clean_first': False, 'cmake_force_configure': False, 'cmake_target': None, 'cmake_target_skip_unavailable': False, 'install_base': '/home/j/jferber/tutorial/my_robot_ws/install/my_robot_description', 'merge_install': False, 'path': '/home/j/jferber/tutorial/my_robot_ws/src/my_robot_description', 'symlink_install': True, 'test_result_base': None}
[3.794s] Level 5:colcon.colcon_core.verb:set package 'my_robot_interfaces' build argument 'cmake_args' from command line to 'None'
[3.794s] Level 5:colcon.colcon_core.verb:set package 'my_robot_interfaces' build argument 'cmake_target' from command line to 'None'
[3.794s] Level 5:colcon.colcon_core.verb:set package 'my_robot_interfaces' build argument 'cmake_target_skip_unavailable' from command line to 'False'
[3.794s] Level 5:colcon.colcon_core.verb:set package 'my_robot_interfaces' build argument 'cmake_clean_cache' from command line to 'False'
[3.794s] Level 5:colcon.colcon_core.verb:set package 'my_robot_interfaces' build argument 'cmake_clean_first' from command line to 'False'
[3.795s] Level 5:colcon.colcon_core.verb:set package 'my_robot_interfaces' build argument 'cmake_force_configure' from command line to 'False'
[3.795s] Level 5:colcon.colcon_core.verb:set package 'my_robot_interfaces' build argument 'ament_cmake_args' from command line to 'None'
[3.795s] Level 5:colcon.colcon_core.verb:set package 'my_robot_interfaces' build argument 'catkin_cmake_args' from command line to 'None'
[3.795s] Level 5:colcon.colcon_core.verb:set package 'my_robot_interfaces' build argument 'catkin_skip_building_tests' from command line to 'False'
[3.795s] DEBUG:colcon.colcon_core.verb:Building package 'my_robot_interfaces' with the following arguments: {'ament_cmake_args': None, 'build_base': '/home/j/jferber/tutorial/my_robot_ws/build/my_robot_interfaces', 'catkin_cmake_args': None, 'catkin_skip_building_tests': False, 'cmake_args': None, 'cmake_clean_cache': False, 'cmake_clean_first': False, 'cmake_force_configure': False, 'cmake_target': None, 'cmake_target_skip_unavailable': False, 'install_base': '/home/j/jferber/tutorial/my_robot_ws/install/my_robot_interfaces', 'merge_install': False, 'path': '/home/j/jferber/tutorial/my_robot_ws/src/my_robot_interfaces', 'symlink_install': True, 'test_result_base': None}
[3.795s] Level 5:colcon.colcon_core.verb:set package 'my_robot_perception' build argument 'cmake_args' from command line to 'None'
[3.795s] Level 5:colcon.colcon_core.verb:set package 'my_robot_perception' build argument 'cmake_target' from command line to 'None'
[3.795s] Level 5:colcon.colcon_core.verb:set package 'my_robot_perception' build argument 'cmake_target_skip_unavailable' from command line to 'False'
[3.795s] Level 5:colcon.colcon_core.verb:set package 'my_robot_perception' build argument 'cmake_clean_cache' from command line to 'False'
[3.795s] Level 5:colcon.colcon_core.verb:set package 'my_robot_perception' build argument 'cmake_clean_first' from command line to 'False'
[3.795s] Level 5:colcon.colcon_core.verb:set package 'my_robot_perception' build argument 'cmake_force_configure' from command line to 'False'
[3.795s] Level 5:colcon.colcon_core.verb:set package 'my_robot_perception' build argument 'ament_cmake_args' from command line to 'None'
[3.795s] Level 5:colcon.colcon_core.verb:set package 'my_robot_perception' build argument 'catkin_cmake_args' from command line to 'None'
[3.795s] Level 5:colcon.colcon_core.verb:set package 'my_robot_perception' build argument 'catkin_skip_building_tests' from command line to 'False'
[3.795s] DEBUG:colcon.colcon_core.verb:Building package 'my_robot_perception' with the following arguments: {'ament_cmake_args': None, 'build_base': '/home/j/jferber/tutorial/my_robot_ws/build/my_robot_perception', 'catkin_cmake_args': None, 'catkin_skip_building_tests': False, 'cmake_args': None, 'cmake_clean_cache': False, 'cmake_clean_first': False, 'cmake_force_configure': False, 'cmake_target': None, 'cmake_target_skip_unavailable': False, 'install_base': '/home/j/jferber/tutorial/my_robot_ws/install/my_robot_perception', 'merge_install': False, 'path': '/home/j/jferber/tutorial/my_robot_ws/src/my_robot_perception', 'symlink_install': True, 'test_result_base': None}
[3.796s] Level 5:colcon.colcon_core.verb:set package 'my_robot_nav' build argument 'cmake_args' from command line to 'None'
[3.796s] Level 5:colcon.colcon_core.verb:set package 'my_robot_nav' build argument 'cmake_target' from command line to 'None'
[3.796s] Level 5:colcon.colcon_core.verb:set package 'my_robot_nav' build argument 'cmake_target_skip_unavailable' from command line to 'False'
[3.796s] Level 5:colcon.colcon_core.verb:set package 'my_robot_nav' build argument 'cmake_clean_cache' from command line to 'False'
[3.796s] Level 5:colcon.colcon_core.verb:set package 'my_robot_nav' build argument 'cmake_clean_first' from command line to 'False'
[3.796s] Level 5:colcon.colcon_core.verb:set package 'my_robot_nav' build argument 'cmake_force_configure' from command line to 'False'
[3.796s] Level 5:colcon.colcon_core.verb:set package 'my_robot_nav' build argument 'ament_cmake_args' from command line to 'None'
[3.796s] Level 5:colcon.colcon_core.verb:set package 'my_robot_nav' build argument 'catkin_cmake_args' from command line to 'None'
[3.796s] Level 5:colcon.colcon_core.verb:set package 'my_robot_nav' build argument 'catkin_skip_building_tests' from command line to 'False'
[3.796s] DEBUG:colcon.colcon_core.verb:Building package 'my_robot_nav' with the following arguments: {'ament_cmake_args': None, 'build_base': '/home/j/jferber/tutorial/my_robot_ws/build/my_robot_nav', 'catkin_cmake_args': None, 'catkin_skip_building_tests': False, 'cmake_args': None, 'cmake_clean_cache': False, 'cmake_clean_first': False, 'cmake_force_configure': False, 'cmake_target': None, 'cmake_target_skip_unavailable': False, 'install_base': '/home/j/jferber/tutorial/my_robot_ws/install/my_robot_nav', 'merge_install': False, 'path': '/home/j/jferber/tutorial/my_robot_ws/src/my_robot_nav', 'symlink_install': True, 'test_result_base': None}
[3.796s] INFO:colcon.colcon_core.executor:Executing jobs using 'parallel' executor
[3.797s] DEBUG:colcon.colcon_parallel_executor.executor.parallel:run_until_complete
[3.798s] INFO:colcon.colcon_ros.task.ament_cmake.build:Building ROS package in '/home/j/jferber/tutorial/my_robot_ws/src/my_robot_interfaces' with build type 'ament_cmake'
[3.798s] INFO:colcon.colcon_cmake.task.cmake.build:Building CMake package in '/home/j/jferber/tutorial/my_robot_ws/src/my_robot_interfaces'
[3.801s] INFO:colcon.colcon_core.plugin_system:Skipping extension 'colcon_core.shell.bat': Not used on non-Windows systems
[3.801s] INFO:colcon.colcon_core.shell:Skip shell extension 'powershell' for command environment: Not usable outside of PowerShell
[3.801s] DEBUG:colcon.colcon_core.shell:Skip shell extension 'dsv' for command environment
[3.809s] INFO:colcon.colcon_ros.task.ament_python.build:Building ROS package in '/home/j/jferber/tutorial/my_robot_ws/src/my_robot_perception' with build type 'ament_python'
[3.809s] Level 1:colcon.colcon_core.shell:create_environment_hook('my_robot_perception', 'ament_prefix_path')
[3.810s] INFO:colcon.colcon_core.shell:Creating environment hook '/home/j/jferber/tutorial/my_robot_ws/install/my_robot_perception/share/my_robot_perception/hook/ament_prefix_path.ps1'
[3.813s] INFO:colcon.colcon_core.shell:Creating environment descriptor '/home/j/jferber/tutorial/my_robot_ws/install/my_robot_perception/share/my_robot_perception/hook/ament_prefix_path.dsv'
[3.814s] INFO:colcon.colcon_core.shell:Creating environment hook '/home/j/jferber/tutorial/my_robot_ws/install/my_robot_perception/share/my_robot_perception/hook/ament_prefix_path.sh'
[3.815s] INFO:colcon.colcon_core.shell:Skip shell extension 'powershell' for command environment: Not usable outside of PowerShell
[3.815s] DEBUG:colcon.colcon_core.shell:Skip shell extension 'dsv' for command environment
[3.821s] INFO:colcon.colcon_ros.task.ament_cmake.build:Building ROS package in '/home/j/jferber/tutorial/my_robot_ws/src/my_robot_bringup' with build type 'ament_cmake'
[3.821s] INFO:colcon.colcon_cmake.task.cmake.build:Building CMake package in '/home/j/jferber/tutorial/my_robot_ws/src/my_robot_bringup'
[3.821s] INFO:colcon.colcon_core.shell:Skip shell extension 'powershell' for command environment: Not usable outside of PowerShell
[3.821s] DEBUG:colcon.colcon_core.shell:Skip shell extension 'dsv' for command environment
[3.831s] INFO:colcon.colcon_ros.task.ament_python.build:Building ROS package in '/home/j/jferber/tutorial/my_robot_ws/src/my_robot_control' with build type 'ament_python'
[3.831s] Level 1:colcon.colcon_core.shell:create_environment_hook('my_robot_control', 'ament_prefix_path')
[3.831s] INFO:colcon.colcon_core.shell:Creating environment hook '/home/j/jferber/tutorial/my_robot_ws/install/my_robot_control/share/my_robot_control/hook/ament_prefix_path.ps1'
[3.838s] INFO:colcon.colcon_core.shell:Creating environment descriptor '/home/j/jferber/tutorial/my_robot_ws/install/my_robot_control/share/my_robot_control/hook/ament_prefix_path.dsv'
[3.845s] INFO:colcon.colcon_core.shell:Creating environment hook '/home/j/jferber/tutorial/my_robot_ws/install/my_robot_control/share/my_robot_control/hook/ament_prefix_path.sh'
[3.849s] INFO:colcon.colcon_core.shell:Skip shell extension 'powershell' for command environment: Not usable outside of PowerShell
[3.849s] DEBUG:colcon.colcon_core.shell:Skip shell extension 'dsv' for command environment
[3.858s] INFO:colcon.colcon_ros.task.ament_cmake.build:Building ROS package in '/home/j/jferber/tutorial/my_robot_ws/src/my_robot_description' with build type 'ament_cmake'
[3.858s] INFO:colcon.colcon_cmake.task.cmake.build:Building CMake package in '/home/j/jferber/tutorial/my_robot_ws/src/my_robot_description'
[3.858s] INFO:colcon.colcon_core.shell:Skip shell extension 'powershell' for command environment: Not usable outside of PowerShell
[3.858s] DEBUG:colcon.colcon_core.shell:Skip shell extension 'dsv' for command environment
[3.889s] DEBUG:colcon.colcon_core.event_handler.log_command:Invoking command in '/home/j/jferber/tutorial/my_robot_ws/build/my_robot_interfaces': CMAKE_PREFIX_PATH=${CMAKE_PREFIX_PATH}:/opt/ros/jazzy DEBUGINFOD_URLS=https://debuginfod.ubuntu.com /usr/bin/cmake /home/j/jferber/tutorial/my_robot_ws/src/my_robot_interfaces -DAMENT_CMAKE_SYMLINK_INSTALL=1 -DCMAKE_INSTALL_PREFIX=/home/j/jferber/tutorial/my_robot_ws/install/my_robot_interfaces
[4.146s] INFO:colcon.colcon_core.task.python.build:Building Python package in '/home/j/jferber/tutorial/my_robot_ws/src/my_robot_perception'
[4.147s] INFO:colcon.colcon_core.shell:Skip shell extension 'powershell' for command environment: Not usable outside of PowerShell
[4.147s] DEBUG:colcon.colcon_core.shell:Skip shell extension 'dsv' for command environment
[4.236s] DEBUG:colcon.colcon_core.event_handler.log_command:Invoking command in '/home/j/jferber/tutorial/my_robot_ws/build/my_robot_bringup': CMAKE_PREFIX_PATH=${CMAKE_PREFIX_PATH}:/opt/ros/jazzy DEBUGINFOD_URLS=https://debuginfod.ubuntu.com /usr/bin/cmake --build /home/j/jferber/tutorial/my_robot_ws/build/my_robot_bringup -- -j32 -l32
[4.505s] INFO:colcon.colcon_core.task.python.build:Building Python package in '/home/j/jferber/tutorial/my_robot_ws/src/my_robot_control'
[4.506s] INFO:colcon.colcon_core.shell:Skip shell extension 'powershell' for command environment: Not usable outside of PowerShell
[4.506s] DEBUG:colcon.colcon_core.shell:Skip shell extension 'dsv' for command environment
[4.638s] DEBUG:colcon.colcon_core.event_handler.log_command:Invoking command in '/home/j/jferber/tutorial/my_robot_ws/build/my_robot_description': CMAKE_PREFIX_PATH=${CMAKE_PREFIX_PATH}:/opt/ros/jazzy DEBUGINFOD_URLS=https://debuginfod.ubuntu.com /usr/bin/cmake --build /home/j/jferber/tutorial/my_robot_ws/build/my_robot_description -- -j32 -l32
[4.669s] DEBUG:colcon.colcon_core.event_handler.log_command:Invoked command in '/home/j/jferber/tutorial/my_robot_ws/build/my_robot_bringup' returned '0': CMAKE_PREFIX_PATH=${CMAKE_PREFIX_PATH}:/opt/ros/jazzy DEBUGINFOD_URLS=https://debuginfod.ubuntu.com /usr/bin/cmake --build /home/j/jferber/tutorial/my_robot_ws/build/my_robot_bringup -- -j32 -l32
[4.770s] DEBUG:colcon.colcon_core.event_handler.log_command:Invoking command in '/home/j/jferber/tutorial/my_robot_ws/build/my_robot_bringup': CMAKE_PREFIX_PATH=${CMAKE_PREFIX_PATH}:/opt/ros/jazzy DEBUGINFOD_URLS=https://debuginfod.ubuntu.com /usr/bin/cmake --install /home/j/jferber/tutorial/my_robot_ws/build/my_robot_bringup
[4.882s] DEBUG:colcon.colcon_core.event_handler.log_command:Invoked command in '/home/j/jferber/tutorial/my_robot_ws/build/my_robot_description' returned '0': CMAKE_PREFIX_PATH=${CMAKE_PREFIX_PATH}:/opt/ros/jazzy DEBUGINFOD_URLS=https://debuginfod.ubuntu.com /usr/bin/cmake --build /home/j/jferber/tutorial/my_robot_ws/build/my_robot_description -- -j32 -l32
[5.053s] DEBUG:colcon.colcon_core.event_handler.log_command:Invoking command in '/home/j/jferber/tutorial/my_robot_ws/build/my_robot_description': CMAKE_PREFIX_PATH=${CMAKE_PREFIX_PATH}:/opt/ros/jazzy DEBUGINFOD_URLS=https://debuginfod.ubuntu.com /usr/bin/cmake --install /home/j/jferber/tutorial/my_robot_ws/build/my_robot_description
[5.055s] Level 1:colcon.colcon_core.environment:create_environment_scripts_only(my_robot_bringup)
[5.057s] DEBUG:colcon.colcon_core.event_handler.log_command:Invoked command in '/home/j/jferber/tutorial/my_robot_ws/build/my_robot_bringup' returned '0': CMAKE_PREFIX_PATH=${CMAKE_PREFIX_PATH}:/opt/ros/jazzy DEBUGINFOD_URLS=https://debuginfod.ubuntu.com /usr/bin/cmake --install /home/j/jferber/tutorial/my_robot_ws/build/my_robot_bringup
[5.066s] Level 1:colcon.colcon_core.environment:checking '/home/j/jferber/tutorial/my_robot_ws/install/my_robot_bringup' for CMake module files
[5.069s] Level 1:colcon.colcon_core.environment:checking '/home/j/jferber/tutorial/my_robot_ws/install/my_robot_bringup' for CMake config files
[5.072s] Level 1:colcon.colcon_core.shell:create_environment_hook('my_robot_bringup', 'cmake_prefix_path')
[5.072s] INFO:colcon.colcon_core.shell:Creating environment hook '/home/j/jferber/tutorial/my_robot_ws/install/my_robot_bringup/share/my_robot_bringup/hook/cmake_prefix_path.ps1'
[5.085s] INFO:colcon.colcon_core.shell:Creating environment descriptor '/home/j/jferber/tutorial/my_robot_ws/install/my_robot_bringup/share/my_robot_bringup/hook/cmake_prefix_path.dsv'
[5.093s] INFO:colcon.colcon_core.shell:Creating environment hook '/home/j/jferber/tutorial/my_robot_ws/install/my_robot_bringup/share/my_robot_bringup/hook/cmake_prefix_path.sh'
[5.105s] Level 1:colcon.colcon_core.environment:checking '/home/j/jferber/tutorial/my_robot_ws/install/my_robot_bringup/bin'
[5.105s] Level 1:colcon.colcon_core.environment:checking '/home/j/jferber/tutorial/my_robot_ws/install/my_robot_bringup/lib/pkgconfig/my_robot_bringup.pc'
[5.105s] Level 1:colcon.colcon_core.environment:checking '/home/j/jferber/tutorial/my_robot_ws/install/my_robot_bringup/lib/python3.12/site-packages'
[5.106s] Level 1:colcon.colcon_core.environment:checking '/home/j/jferber/tutorial/my_robot_ws/install/my_robot_bringup/bin'
[5.106s] INFO:colcon.colcon_core.shell:Creating package script '/home/j/jferber/tutorial/my_robot_ws/install/my_robot_bringup/share/my_robot_bringup/package.ps1'
[5.113s] INFO:colcon.colcon_core.shell:Creating package descriptor '/home/j/jferber/tutorial/my_robot_ws/install/my_robot_bringup/share/my_robot_bringup/package.dsv'
[5.115s] INFO:colcon.colcon_core.shell:Creating package script '/home/j/jferber/tutorial/my_robot_ws/install/my_robot_bringup/share/my_robot_bringup/package.sh'
[5.126s] INFO:colcon.colcon_core.shell:Creating package script '/home/j/jferber/tutorial/my_robot_ws/install/my_robot_bringup/share/my_robot_bringup/package.bash'
[5.137s] INFO:colcon.colcon_core.shell:Creating package script '/home/j/jferber/tutorial/my_robot_ws/install/my_robot_bringup/share/my_robot_bringup/package.zsh'
[5.145s] Level 1:colcon.colcon_core.environment:create_file_with_runtime_dependencies(/home/j/jferber/tutorial/my_robot_ws/install/my_robot_bringup/share/colcon-core/packages/my_robot_bringup)
[5.154s] Level 1:colcon.colcon_core.environment:create_environment_scripts_only(my_robot_bringup)
[5.154s] Level 1:colcon.colcon_core.environment:checking '/home/j/jferber/tutorial/my_robot_ws/install/my_robot_bringup' for CMake module files
[5.157s] Level 1:colcon.colcon_core.environment:checking '/home/j/jferber/tutorial/my_robot_ws/install/my_robot_bringup' for CMake config files
[5.159s] Level 1:colcon.colcon_core.shell:create_environment_hook('my_robot_bringup', 'cmake_prefix_path')
[5.159s] INFO:colcon.colcon_core.shell:Creating environment hook '/home/j/jferber/tutorial/my_robot_ws/install/my_robot_bringup/share/my_robot_bringup/hook/cmake_prefix_path.ps1'
[5.177s] INFO:colcon.colcon_core.shell:Creating environment descriptor '/home/j/jferber/tutorial/my_robot_ws/install/my_robot_bringup/share/my_robot_bringup/hook/cmake_prefix_path.dsv'
[5.189s] INFO:colcon.colcon_core.shell:Creating environment hook '/home/j/jferber/tutorial/my_robot_ws/install/my_robot_bringup/share/my_robot_bringup/hook/cmake_prefix_path.sh'
[5.202s] Level 1:colcon.colcon_core.environment:checking '/home/j/jferber/tutorial/my_robot_ws/install/my_robot_bringup/bin'
[5.202s] Level 1:colcon.colcon_core.environment:checking '/home/j/jferber/tutorial/my_robot_ws/install/my_robot_bringup/lib/pkgconfig/my_robot_bringup.pc'
[5.202s] Level 1:colcon.colcon_core.environment:checking '/home/j/jferber/tutorial/my_robot_ws/install/my_robot_bringup/lib/python3.12/site-packages'
[5.203s] Level 1:colcon.colcon_core.environment:checking '/home/j/jferber/tutorial/my_robot_ws/install/my_robot_bringup/bin'
[5.203s] INFO:colcon.colcon_core.shell:Creating package script '/home/j/jferber/tutorial/my_robot_ws/install/my_robot_bringup/share/my_robot_bringup/package.ps1'
[5.337s] INFO:colcon.colcon_core.shell:Creating package descriptor '/home/j/jferber/tutorial/my_robot_ws/install/my_robot_bringup/share/my_robot_bringup/package.dsv'
[5.343s] INFO:colcon.colcon_core.shell:Creating package script '/home/j/jferber/tutorial/my_robot_ws/install/my_robot_bringup/share/my_robot_bringup/package.sh'
[5.347s] INFO:colcon.colcon_core.shell:Creating package script '/home/j/jferber/tutorial/my_robot_ws/install/my_robot_bringup/share/my_robot_bringup/package.bash'
[5.353s] INFO:colcon.colcon_core.shell:Creating package script '/home/j/jferber/tutorial/my_robot_ws/install/my_robot_bringup/share/my_robot_bringup/package.zsh'
[5.370s] Level 1:colcon.colcon_core.environment:create_file_with_runtime_dependencies(/home/j/jferber/tutorial/my_robot_ws/install/my_robot_bringup/share/colcon-core/packages/my_robot_bringup)
[5.388s] Level 1:colcon.colcon_core.environment:create_environment_scripts_only(my_robot_description)
[5.388s] Level 1:colcon.colcon_core.environment:checking '/home/j/jferber/tutorial/my_robot_ws/install/my_robot_description' for CMake module files
[5.391s] Level 1:colcon.colcon_core.environment:checking '/home/j/jferber/tutorial/my_robot_ws/install/my_robot_description' for CMake config files
[5.393s] Level 1:colcon.colcon_core.shell:create_environment_hook('my_robot_description', 'cmake_prefix_path')
[5.393s] INFO:colcon.colcon_core.shell:Creating environment hook '/home/j/jferber/tutorial/my_robot_ws/install/my_robot_description/share/my_robot_description/hook/cmake_prefix_path.ps1'
[5.394s] DEBUG:colcon.colcon_core.event_handler.log_command:Invoking command in '/home/j/jferber/tutorial/my_robot_ws/build/my_robot_perception': DEBUGINFOD_URLS=https://debuginfod.ubuntu.com PYTHONPATH=/home/j/jferber/tutorial/my_robot_ws/build/my_robot_perception/prefix_override:/usr/lib/python3/dist-packages/colcon_core/task/python/colcon_distutils_commands:/home/j/jferber/tutorial/my_robot_ws/install/my_robot_perception/lib/python3.12/site-packages:${PYTHONPATH} /usr/bin/python3 -W ignore:setup.py install is deprecated -W ignore:easy_install command is deprecated setup.py develop --editable --build-directory /home/j/jferber/tutorial/my_robot_ws/build/my_robot_perception/build --no-deps symlink_data
[5.402s] INFO:colcon.colcon_core.shell:Creating environment descriptor '/home/j/jferber/tutorial/my_robot_ws/install/my_robot_description/share/my_robot_description/hook/cmake_prefix_path.dsv'
[5.407s] INFO:colcon.colcon_core.shell:Creating environment hook '/home/j/jferber/tutorial/my_robot_ws/install/my_robot_description/share/my_robot_description/hook/cmake_prefix_path.sh'
[5.411s] Level 1:colcon.colcon_core.environment:checking '/home/j/jferber/tutorial/my_robot_ws/install/my_robot_description/bin'
[5.412s] Level 1:colcon.colcon_core.environment:checking '/home/j/jferber/tutorial/my_robot_ws/install/my_robot_description/lib/pkgconfig/my_robot_description.pc'
[5.412s] Level 1:colcon.colcon_core.environment:checking '/home/j/jferber/tutorial/my_robot_ws/install/my_robot_description/lib/python3.12/site-packages'
[5.413s] Level 1:colcon.colcon_core.environment:checking '/home/j/jferber/tutorial/my_robot_ws/install/my_robot_description/bin'
[5.413s] INFO:colcon.colcon_core.shell:Creating package script '/home/j/jferber/tutorial/my_robot_ws/install/my_robot_description/share/my_robot_description/package.ps1'
[5.418s] INFO:colcon.colcon_core.shell:Creating package descriptor '/home/j/jferber/tutorial/my_robot_ws/install/my_robot_description/share/my_robot_description/package.dsv'
[5.420s] INFO:colcon.colcon_core.shell:Creating package script '/home/j/jferber/tutorial/my_robot_ws/install/my_robot_description/share/my_robot_description/package.sh'
[5.426s] INFO:colcon.colcon_core.shell:Creating package script '/home/j/jferber/tutorial/my_robot_ws/install/my_robot_description/share/my_robot_description/package.bash'
[5.430s] INFO:colcon.colcon_core.shell:Creating package script '/home/j/jferber/tutorial/my_robot_ws/install/my_robot_description/share/my_robot_description/package.zsh'
[5.434s] Level 1:colcon.colcon_core.environment:create_file_with_runtime_dependencies(/home/j/jferber/tutorial/my_robot_ws/install/my_robot_description/share/colcon-core/packages/my_robot_description)
[5.437s] Level 1:colcon.colcon_core.environment:create_environment_scripts_only(my_robot_description)
[5.437s] Level 1:colcon.colcon_core.environment:checking '/home/j/jferber/tutorial/my_robot_ws/install/my_robot_description' for CMake module files
[5.439s] Level 1:colcon.colcon_core.environment:checking '/home/j/jferber/tutorial/my_robot_ws/install/my_robot_description' for CMake config files
[5.439s] Level 1:colcon.colcon_core.shell:create_environment_hook('my_robot_description', 'cmake_prefix_path')
[5.439s] INFO:colcon.colcon_core.shell:Creating environment hook '/home/j/jferber/tutorial/my_robot_ws/install/my_robot_description/share/my_robot_description/hook/cmake_prefix_path.ps1'
[5.446s] DEBUG:colcon.colcon_core.event_handler.log_command:Invoked command in '/home/j/jferber/tutorial/my_robot_ws/build/my_robot_description' returned '0': CMAKE_PREFIX_PATH=${CMAKE_PREFIX_PATH}:/opt/ros/jazzy DEBUGINFOD_URLS=https://debuginfod.ubuntu.com /usr/bin/cmake --install /home/j/jferber/tutorial/my_robot_ws/build/my_robot_description
[5.675s] INFO:colcon.colcon_core.shell:Creating environment descriptor '/home/j/jferber/tutorial/my_robot_ws/install/my_robot_description/share/my_robot_description/hook/cmake_prefix_path.dsv'
[5.682s] INFO:colcon.colcon_core.shell:Creating environment hook '/home/j/jferber/tutorial/my_robot_ws/install/my_robot_description/share/my_robot_description/hook/cmake_prefix_path.sh'
[5.688s] Level 1:colcon.colcon_core.environment:checking '/home/j/jferber/tutorial/my_robot_ws/install/my_robot_description/bin'
[5.688s] Level 1:colcon.colcon_core.environment:checking '/home/j/jferber/tutorial/my_robot_ws/install/my_robot_description/lib/pkgconfig/my_robot_description.pc'
[5.688s] Level 1:colcon.colcon_core.environment:checking '/home/j/jferber/tutorial/my_robot_ws/install/my_robot_description/lib/python3.12/site-packages'
[5.689s] Level 1:colcon.colcon_core.environment:checking '/home/j/jferber/tutorial/my_robot_ws/install/my_robot_description/bin'
[5.689s] INFO:colcon.colcon_core.shell:Creating package script '/home/j/jferber/tutorial/my_robot_ws/install/my_robot_description/share/my_robot_description/package.ps1'
[5.695s] INFO:colcon.colcon_core.shell:Creating package descriptor '/home/j/jferber/tutorial/my_robot_ws/install/my_robot_description/share/my_robot_description/package.dsv'
[5.699s] INFO:colcon.colcon_core.shell:Creating package script '/home/j/jferber/tutorial/my_robot_ws/install/my_robot_description/share/my_robot_description/package.sh'
[5.704s] INFO:colcon.colcon_core.shell:Creating package script '/home/j/jferber/tutorial/my_robot_ws/install/my_robot_description/share/my_robot_description/package.bash'
[6.309s] INFO:colcon.colcon_core.shell:Creating package script '/home/j/jferber/tutorial/my_robot_ws/install/my_robot_description/share/my_robot_description/package.zsh'
[6.315s] Level 1:colcon.colcon_core.environment:create_file_with_runtime_dependencies(/home/j/jferber/tutorial/my_robot_ws/install/my_robot_description/share/colcon-core/packages/my_robot_description)
[6.320s] Level 1:colcon.colcon_core.shell:create_environment_hook('my_robot_perception', 'pythonpath_develop')
[6.320s] INFO:colcon.colcon_core.shell:Creating environment hook '/home/j/jferber/tutorial/my_robot_ws/build/my_robot_perception/share/my_robot_perception/hook/pythonpath_develop.ps1'
[6.325s] INFO:colcon.colcon_core.shell:Creating environment descriptor '/home/j/jferber/tutorial/my_robot_ws/build/my_robot_perception/share/my_robot_perception/hook/pythonpath_develop.dsv'
[6.326s] INFO:colcon.colcon_core.shell:Creating environment hook '/home/j/jferber/tutorial/my_robot_ws/build/my_robot_perception/share/my_robot_perception/hook/pythonpath_develop.sh'
[6.328s] Level 1:colcon.colcon_core.environment:checking '/home/j/jferber/tutorial/my_robot_ws/install/my_robot_perception' for CMake module files
[6.329s] DEBUG:colcon.colcon_core.event_handler.log_command:Invoking command in '/home/j/jferber/tutorial/my_robot_ws/build/my_robot_control': DEBUGINFOD_URLS=https://debuginfod.ubuntu.com PYTHONPATH=/home/j/jferber/tutorial/my_robot_ws/build/my_robot_control/prefix_override:/usr/lib/python3/dist-packages/colcon_core/task/python/colcon_distutils_commands:/home/j/jferber/tutorial/my_robot_ws/install/my_robot_control/lib/python3.12/site-packages:${PYTHONPATH} /usr/bin/python3 -W ignore:setup.py install is deprecated -W ignore:easy_install command is deprecated setup.py develop --editable --build-directory /home/j/jferber/tutorial/my_robot_ws/build/my_robot_control/build --no-deps symlink_data
[6.332s] DEBUG:colcon.colcon_core.event_handler.log_command:Invoked command in '/home/j/jferber/tutorial/my_robot_ws/build/my_robot_perception' returned '0': DEBUGINFOD_URLS=https://debuginfod.ubuntu.com PYTHONPATH=/home/j/jferber/tutorial/my_robot_ws/build/my_robot_perception/prefix_override:/usr/lib/python3/dist-packages/colcon_core/task/python/colcon_distutils_commands:/home/j/jferber/tutorial/my_robot_ws/install/my_robot_perception/lib/python3.12/site-packages:${PYTHONPATH} /usr/bin/python3 -W ignore:setup.py install is deprecated -W ignore:easy_install command is deprecated setup.py develop --editable --build-directory /home/j/jferber/tutorial/my_robot_ws/build/my_robot_perception/build --no-deps symlink_data
[6.333s] Level 1:colcon.colcon_core.environment:checking '/home/j/jferber/tutorial/my_robot_ws/install/my_robot_perception' for CMake config files
[6.339s] Level 1:colcon.colcon_core.environment:checking '/home/j/jferber/tutorial/my_robot_ws/install/my_robot_perception/lib'
[6.340s] Level 1:colcon.colcon_core.environment:checking '/home/j/jferber/tutorial/my_robot_ws/install/my_robot_perception/bin'
[6.340s] Level 1:colcon.colcon_core.environment:checking '/home/j/jferber/tutorial/my_robot_ws/install/my_robot_perception/lib/pkgconfig/my_robot_perception.pc'
[6.342s] Level 1:colcon.colcon_core.environment:checking '/home/j/jferber/tutorial/my_robot_ws/install/my_robot_perception/lib/python3.12/site-packages'
[6.342s] Level 1:colcon.colcon_core.shell:create_environment_hook('my_robot_perception', 'pythonpath')
[6.342s] INFO:colcon.colcon_core.shell:Creating environment hook '/home/j/jferber/tutorial/my_robot_ws/install/my_robot_perception/share/my_robot_perception/hook/pythonpath.ps1'
[6.344s] INFO:colcon.colcon_core.shell:Creating environment descriptor '/home/j/jferber/tutorial/my_robot_ws/install/my_robot_perception/share/my_robot_perception/hook/pythonpath.dsv'
[6.344s] INFO:colcon.colcon_core.shell:Creating environment hook '/home/j/jferber/tutorial/my_robot_ws/install/my_robot_perception/share/my_robot_perception/hook/pythonpath.sh'
[6.346s] Level 1:colcon.colcon_core.environment:checking '/home/j/jferber/tutorial/my_robot_ws/install/my_robot_perception/bin'
[6.346s] Level 1:colcon.colcon_core.environment:create_environment_scripts_only(my_robot_perception)
[6.346s] INFO:colcon.colcon_core.shell:Creating package script '/home/j/jferber/tutorial/my_robot_ws/install/my_robot_perception/share/my_robot_perception/package.ps1'
[6.347s] INFO:colcon.colcon_core.shell:Creating package descriptor '/home/j/jferber/tutorial/my_robot_ws/install/my_robot_perception/share/my_robot_perception/package.dsv'
[6.348s] INFO:colcon.colcon_core.shell:Creating package script '/home/j/jferber/tutorial/my_robot_ws/install/my_robot_perception/share/my_robot_perception/package.sh'
[6.349s] INFO:colcon.colcon_core.shell:Creating package script '/home/j/jferber/tutorial/my_robot_ws/install/my_robot_perception/share/my_robot_perception/package.bash'
[6.350s] INFO:colcon.colcon_core.shell:Creating package script '/home/j/jferber/tutorial/my_robot_ws/install/my_robot_perception/share/my_robot_perception/package.zsh'
[6.351s] Level 1:colcon.colcon_core.environment:create_file_with_runtime_dependencies(/home/j/jferber/tutorial/my_robot_ws/install/my_robot_perception/share/colcon-core/packages/my_robot_perception)
[7.269s] Level 1:colcon.colcon_core.shell:create_environment_hook('my_robot_control', 'pythonpath_develop')
[7.270s] INFO:colcon.colcon_core.shell:Creating environment hook '/home/j/jferber/tutorial/my_robot_ws/build/my_robot_control/share/my_robot_control/hook/pythonpath_develop.ps1'
[7.272s] DEBUG:colcon.colcon_core.event_handler.log_command:Invoked command in '/home/j/jferber/tutorial/my_robot_ws/build/my_robot_control' returned '0': DEBUGINFOD_URLS=https://debuginfod.ubuntu.com PYTHONPATH=/home/j/jferber/tutorial/my_robot_ws/build/my_robot_control/prefix_override:/usr/lib/python3/dist-packages/colcon_core/task/python/colcon_distutils_commands:/home/j/jferber/tutorial/my_robot_ws/install/my_robot_control/lib/python3.12/site-packages:${PYTHONPATH} /usr/bin/python3 -W ignore:setup.py install is deprecated -W ignore:easy_install command is deprecated setup.py develop --editable --build-directory /home/j/jferber/tutorial/my_robot_ws/build/my_robot_control/build --no-deps symlink_data
[7.278s] INFO:colcon.colcon_core.shell:Creating environment descriptor '/home/j/jferber/tutorial/my_robot_ws/build/my_robot_control/share/my_robot_control/hook/pythonpath_develop.dsv'
[7.284s] INFO:colcon.colcon_core.shell:Creating environment hook '/home/j/jferber/tutorial/my_robot_ws/build/my_robot_control/share/my_robot_control/hook/pythonpath_develop.sh'
[7.290s] Level 1:colcon.colcon_core.environment:checking '/home/j/jferber/tutorial/my_robot_ws/install/my_robot_control' for CMake module files
[7.294s] Level 1:colcon.colcon_core.environment:checking '/home/j/jferber/tutorial/my_robot_ws/install/my_robot_control' for CMake config files
[7.294s] Level 1:colcon.colcon_core.environment:checking '/home/j/jferber/tutorial/my_robot_ws/install/my_robot_control/lib'
[7.295s] Level 1:colcon.colcon_core.environment:checking '/home/j/jferber/tutorial/my_robot_ws/install/my_robot_control/bin'
[7.295s] Level 1:colcon.colcon_core.environment:checking '/home/j/jferber/tutorial/my_robot_ws/install/my_robot_control/lib/pkgconfig/my_robot_control.pc'
[7.295s] Level 1:colcon.colcon_core.environment:checking '/home/j/jferber/tutorial/my_robot_ws/install/my_robot_control/lib/python3.12/site-packages'
[7.295s] Level 1:colcon.colcon_core.shell:create_environment_hook('my_robot_control', 'pythonpath')
[7.295s] INFO:colcon.colcon_core.shell:Creating environment hook '/home/j/jferber/tutorial/my_robot_ws/install/my_robot_control/share/my_robot_control/hook/pythonpath.ps1'
[7.302s] INFO:colcon.colcon_core.shell:Creating environment descriptor '/home/j/jferber/tutorial/my_robot_ws/install/my_robot_control/share/my_robot_control/hook/pythonpath.dsv'
[7.309s] INFO:colcon.colcon_core.shell:Creating environment hook '/home/j/jferber/tutorial/my_robot_ws/install/my_robot_control/share/my_robot_control/hook/pythonpath.sh'
[7.314s] Level 1:colcon.colcon_core.environment:checking '/home/j/jferber/tutorial/my_robot_ws/install/my_robot_control/bin'
[7.314s] Level 1:colcon.colcon_core.environment:create_environment_scripts_only(my_robot_control)
[7.315s] INFO:colcon.colcon_core.shell:Creating package script '/home/j/jferber/tutorial/my_robot_ws/install/my_robot_control/share/my_robot_control/package.ps1'
[7.320s] INFO:colcon.colcon_core.shell:Creating package descriptor '/home/j/jferber/tutorial/my_robot_ws/install/my_robot_control/share/my_robot_control/package.dsv'
[7.326s] INFO:colcon.colcon_core.shell:Creating package script '/home/j/jferber/tutorial/my_robot_ws/install/my_robot_control/share/my_robot_control/package.sh'
[7.330s] INFO:colcon.colcon_core.shell:Creating package script '/home/j/jferber/tutorial/my_robot_ws/install/my_robot_control/share/my_robot_control/package.bash'
[7.335s] INFO:colcon.colcon_core.shell:Creating package script '/home/j/jferber/tutorial/my_robot_ws/install/my_robot_control/share/my_robot_control/package.zsh'
[7.340s] Level 1:colcon.colcon_core.environment:create_file_with_runtime_dependencies(/home/j/jferber/tutorial/my_robot_ws/install/my_robot_control/share/colcon-core/packages/my_robot_control)
[15.848s] DEBUG:colcon.colcon_core.event_handler.log_command:Invoked command in '/home/j/jferber/tutorial/my_robot_ws/build/my_robot_interfaces' returned '0': CMAKE_PREFIX_PATH=${CMAKE_PREFIX_PATH}:/opt/ros/jazzy DEBUGINFOD_URLS=https://debuginfod.ubuntu.com /usr/bin/cmake /home/j/jferber/tutorial/my_robot_ws/src/my_robot_interfaces -DAMENT_CMAKE_SYMLINK_INSTALL=1 -DCMAKE_INSTALL_PREFIX=/home/j/jferber/tutorial/my_robot_ws/install/my_robot_interfaces
[15.852s] DEBUG:colcon.colcon_core.event_handler.log_command:Invoking command in '/home/j/jferber/tutorial/my_robot_ws/build/my_robot_interfaces': CMAKE_PREFIX_PATH=${CMAKE_PREFIX_PATH}:/opt/ros/jazzy DEBUGINFOD_URLS=https://debuginfod.ubuntu.com /usr/bin/cmake --build /home/j/jferber/tutorial/my_robot_ws/build/my_robot_interfaces -- -j32 -l32
[21.699s] DEBUG:colcon.colcon_core.event_handler.log_command:Invoked command in '/home/j/jferber/tutorial/my_robot_ws/build/my_robot_interfaces' returned '0': CMAKE_PREFIX_PATH=${CMAKE_PREFIX_PATH}:/opt/ros/jazzy DEBUGINFOD_URLS=https://debuginfod.ubuntu.com /usr/bin/cmake --build /home/j/jferber/tutorial/my_robot_ws/build/my_robot_interfaces -- -j32 -l32
[21.705s] DEBUG:colcon.colcon_core.event_handler.log_command:Invoking command in '/home/j/jferber/tutorial/my_robot_ws/build/my_robot_interfaces': CMAKE_PREFIX_PATH=${CMAKE_PREFIX_PATH}:/opt/ros/jazzy DEBUGINFOD_URLS=https://debuginfod.ubuntu.com /usr/bin/cmake --install /home/j/jferber/tutorial/my_robot_ws/build/my_robot_interfaces
[23.377s] Level 1:colcon.colcon_core.environment:create_environment_scripts_only(my_robot_interfaces)
[23.377s] Level 1:colcon.colcon_core.environment:checking '/home/j/jferber/tutorial/my_robot_ws/install/my_robot_interfaces' for CMake module files
[23.379s] DEBUG:colcon.colcon_core.event_handler.log_command:Invoked command in '/home/j/jferber/tutorial/my_robot_ws/build/my_robot_interfaces' returned '0': CMAKE_PREFIX_PATH=${CMAKE_PREFIX_PATH}:/opt/ros/jazzy DEBUGINFOD_URLS=https://debuginfod.ubuntu.com /usr/bin/cmake --install /home/j/jferber/tutorial/my_robot_ws/build/my_robot_interfaces
[23.383s] Level 1:colcon.colcon_core.environment:checking '/home/j/jferber/tutorial/my_robot_ws/install/my_robot_interfaces' for CMake config files
[23.389s] Level 1:colcon.colcon_core.shell:create_environment_hook('my_robot_interfaces', 'cmake_prefix_path')
[23.389s] INFO:colcon.colcon_core.shell:Creating environment hook '/home/j/jferber/tutorial/my_robot_ws/install/my_robot_interfaces/share/my_robot_interfaces/hook/cmake_prefix_path.ps1'
[23.391s] INFO:colcon.colcon_core.shell:Creating environment descriptor '/home/j/jferber/tutorial/my_robot_ws/install/my_robot_interfaces/share/my_robot_interfaces/hook/cmake_prefix_path.dsv'
[23.392s] INFO:colcon.colcon_core.shell:Creating environment hook '/home/j/jferber/tutorial/my_robot_ws/install/my_robot_interfaces/share/my_robot_interfaces/hook/cmake_prefix_path.sh'
[23.393s] Level 1:colcon.colcon_core.environment:checking '/home/j/jferber/tutorial/my_robot_ws/install/my_robot_interfaces/lib'
[23.394s] Level 1:colcon.colcon_core.shell:create_environment_hook('my_robot_interfaces', 'ld_library_path_lib')
[23.394s] INFO:colcon.colcon_core.shell:Creating environment hook '/home/j/jferber/tutorial/my_robot_ws/install/my_robot_interfaces/share/my_robot_interfaces/hook/ld_library_path_lib.ps1'
[23.395s] INFO:colcon.colcon_core.shell:Creating environment descriptor '/home/j/jferber/tutorial/my_robot_ws/install/my_robot_interfaces/share/my_robot_interfaces/hook/ld_library_path_lib.dsv'
[23.396s] INFO:colcon.colcon_core.shell:Creating environment hook '/home/j/jferber/tutorial/my_robot_ws/install/my_robot_interfaces/share/my_robot_interfaces/hook/ld_library_path_lib.sh'
[23.397s] Level 1:colcon.colcon_core.environment:checking '/home/j/jferber/tutorial/my_robot_ws/install/my_robot_interfaces/bin'
[23.397s] Level 1:colcon.colcon_core.environment:checking '/home/j/jferber/tutorial/my_robot_ws/install/my_robot_interfaces/lib/pkgconfig/my_robot_interfaces.pc'
[23.398s] Level 1:colcon.colcon_core.environment:checking '/home/j/jferber/tutorial/my_robot_ws/install/my_robot_interfaces/lib/python3.12/site-packages'
[23.398s] Level 1:colcon.colcon_core.shell:create_environment_hook('my_robot_interfaces', 'pythonpath')
[23.398s] INFO:colcon.colcon_core.shell:Creating environment hook '/home/j/jferber/tutorial/my_robot_ws/install/my_robot_interfaces/share/my_robot_interfaces/hook/pythonpath.ps1'
[23.399s] INFO:colcon.colcon_core.shell:Creating environment descriptor '/home/j/jferber/tutorial/my_robot_ws/install/my_robot_interfaces/share/my_robot_interfaces/hook/pythonpath.dsv'
[23.400s] INFO:colcon.colcon_core.shell:Creating environment hook '/home/j/jferber/tutorial/my_robot_ws/install/my_robot_interfaces/share/my_robot_interfaces/hook/pythonpath.sh'
[23.401s] Level 1:colcon.colcon_core.environment:checking '/home/j/jferber/tutorial/my_robot_ws/install/my_robot_interfaces/bin'
[23.401s] INFO:colcon.colcon_core.shell:Creating package script '/home/j/jferber/tutorial/my_robot_ws/install/my_robot_interfaces/share/my_robot_interfaces/package.ps1'
[23.402s] INFO:colcon.colcon_core.shell:Creating package descriptor '/home/j/jferber/tutorial/my_robot_ws/install/my_robot_interfaces/share/my_robot_interfaces/package.dsv'
[23.404s] INFO:colcon.colcon_core.shell:Creating package script '/home/j/jferber/tutorial/my_robot_ws/install/my_robot_interfaces/share/my_robot_interfaces/package.sh'
[23.404s] INFO:colcon.colcon_core.shell:Creating package script '/home/j/jferber/tutorial/my_robot_ws/install/my_robot_interfaces/share/my_robot_interfaces/package.bash'
[23.405s] INFO:colcon.colcon_core.shell:Creating package script '/home/j/jferber/tutorial/my_robot_ws/install/my_robot_interfaces/share/my_robot_interfaces/package.zsh'
[23.406s] Level 1:colcon.colcon_core.environment:create_file_with_runtime_dependencies(/home/j/jferber/tutorial/my_robot_ws/install/my_robot_interfaces/share/colcon-core/packages/my_robot_interfaces)
[23.409s] Level 1:colcon.colcon_core.environment:create_environment_scripts_only(my_robot_interfaces)
[23.409s] Level 1:colcon.colcon_core.environment:checking '/home/j/jferber/tutorial/my_robot_ws/install/my_robot_interfaces' for CMake module files
[23.414s] Level 1:colcon.colcon_core.environment:checking '/home/j/jferber/tutorial/my_robot_ws/install/my_robot_interfaces' for CMake config files
[23.419s] Level 1:colcon.colcon_core.shell:create_environment_hook('my_robot_interfaces', 'cmake_prefix_path')
[23.419s] INFO:colcon.colcon_core.shell:Creating environment hook '/home/j/jferber/tutorial/my_robot_ws/install/my_robot_interfaces/share/my_robot_interfaces/hook/cmake_prefix_path.ps1'
[23.427s] INFO:colcon.colcon_core.shell:Creating environment descriptor '/home/j/jferber/tutorial/my_robot_ws/install/my_robot_interfaces/share/my_robot_interfaces/hook/cmake_prefix_path.dsv'
[23.436s] INFO:colcon.colcon_core.shell:Creating environment hook '/home/j/jferber/tutorial/my_robot_ws/install/my_robot_interfaces/share/my_robot_interfaces/hook/cmake_prefix_path.sh'
[23.450s] Level 1:colcon.colcon_core.environment:checking '/home/j/jferber/tutorial/my_robot_ws/install/my_robot_interfaces/lib'
[23.450s] Level 1:colcon.colcon_core.shell:create_environment_hook('my_robot_interfaces', 'ld_library_path_lib')
[23.450s] INFO:colcon.colcon_core.shell:Creating environment hook '/home/j/jferber/tutorial/my_robot_ws/install/my_robot_interfaces/share/my_robot_interfaces/hook/ld_library_path_lib.ps1'
[23.460s] INFO:colcon.colcon_core.shell:Creating environment descriptor '/home/j/jferber/tutorial/my_robot_ws/install/my_robot_interfaces/share/my_robot_interfaces/hook/ld_library_path_lib.dsv'
[23.469s] INFO:colcon.colcon_core.shell:Creating environment hook '/home/j/jferber/tutorial/my_robot_ws/install/my_robot_interfaces/share/my_robot_interfaces/hook/ld_library_path_lib.sh'
[23.477s] Level 1:colcon.colcon_core.environment:checking '/home/j/jferber/tutorial/my_robot_ws/install/my_robot_interfaces/bin'
[23.478s] Level 1:colcon.colcon_core.environment:checking '/home/j/jferber/tutorial/my_robot_ws/install/my_robot_interfaces/lib/pkgconfig/my_robot_interfaces.pc'
[23.478s] Level 1:colcon.colcon_core.environment:checking '/home/j/jferber/tutorial/my_robot_ws/install/my_robot_interfaces/lib/python3.12/site-packages'
[23.478s] Level 1:colcon.colcon_core.shell:create_environment_hook('my_robot_interfaces', 'pythonpath')
[23.478s] INFO:colcon.colcon_core.shell:Creating environment hook '/home/j/jferber/tutorial/my_robot_ws/install/my_robot_interfaces/share/my_robot_interfaces/hook/pythonpath.ps1'
[23.489s] INFO:colcon.colcon_core.shell:Creating environment descriptor '/home/j/jferber/tutorial/my_robot_ws/install/my_robot_interfaces/share/my_robot_interfaces/hook/pythonpath.dsv'
[23.508s] INFO:colcon.colcon_core.shell:Creating environment hook '/home/j/jferber/tutorial/my_robot_ws/install/my_robot_interfaces/share/my_robot_interfaces/hook/pythonpath.sh'
[23.519s] Level 1:colcon.colcon_core.environment:checking '/home/j/jferber/tutorial/my_robot_ws/install/my_robot_interfaces/bin'
[23.519s] INFO:colcon.colcon_core.shell:Creating package script '/home/j/jferber/tutorial/my_robot_ws/install/my_robot_interfaces/share/my_robot_interfaces/package.ps1'
[23.528s] INFO:colcon.colcon_core.shell:Creating package descriptor '/home/j/jferber/tutorial/my_robot_ws/install/my_robot_interfaces/share/my_robot_interfaces/package.dsv'
[23.538s] INFO:colcon.colcon_core.shell:Creating package script '/home/j/jferber/tutorial/my_robot_ws/install/my_robot_interfaces/share/my_robot_interfaces/package.sh'
[23.546s] INFO:colcon.colcon_core.shell:Creating package script '/home/j/jferber/tutorial/my_robot_ws/install/my_robot_interfaces/share/my_robot_interfaces/package.bash'
[23.556s] INFO:colcon.colcon_core.shell:Creating package script '/home/j/jferber/tutorial/my_robot_ws/install/my_robot_interfaces/share/my_robot_interfaces/package.zsh'
[23.563s] Level 1:colcon.colcon_core.environment:create_file_with_runtime_dependencies(/home/j/jferber/tutorial/my_robot_ws/install/my_robot_interfaces/share/colcon-core/packages/my_robot_interfaces)
[23.571s] INFO:colcon.colcon_ros.task.ament_python.build:Building ROS package in '/home/j/jferber/tutorial/my_robot_ws/src/my_robot_nav' with build type 'ament_python'
[23.571s] Level 1:colcon.colcon_core.shell:create_environment_hook('my_robot_nav', 'ament_prefix_path')
[23.571s] INFO:colcon.colcon_core.shell:Creating environment hook '/home/j/jferber/tutorial/my_robot_ws/install/my_robot_nav/share/my_robot_nav/hook/ament_prefix_path.ps1'
[23.575s] INFO:colcon.colcon_core.shell:Creating environment descriptor '/home/j/jferber/tutorial/my_robot_ws/install/my_robot_nav/share/my_robot_nav/hook/ament_prefix_path.dsv'
[23.576s] INFO:colcon.colcon_core.shell:Creating environment hook '/home/j/jferber/tutorial/my_robot_ws/install/my_robot_nav/share/my_robot_nav/hook/ament_prefix_path.sh'
[23.578s] INFO:colcon.colcon_core.shell:Skip shell extension 'powershell' for command environment: Not usable outside of PowerShell
[23.578s] DEBUG:colcon.colcon_core.shell:Skip shell extension 'dsv' for command environment
[23.873s] INFO:colcon.colcon_core.task.python.build:Building Python package in '/home/j/jferber/tutorial/my_robot_ws/src/my_robot_nav'
[23.873s] INFO:colcon.colcon_core.shell:Skip shell extension 'powershell' for command environment: Not usable outside of PowerShell
[23.873s] DEBUG:colcon.colcon_core.shell:Skip shell extension 'dsv' for command environment
[24.654s] DEBUG:colcon.colcon_core.event_handler.log_command:Invoking command in '/home/j/jferber/tutorial/my_robot_ws/build/my_robot_nav': AMENT_PREFIX_PATH=/home/j/jferber/tutorial/my_robot_ws/install/my_robot_perception:/home/j/jferber/tutorial/my_robot_ws/install/my_robot_interfaces:${AMENT_PREFIX_PATH} CMAKE_PREFIX_PATH=/home/j/jferber/tutorial/my_robot_ws/install/my_robot_interfaces:${CMAKE_PREFIX_PATH} DEBUGINFOD_URLS=https://debuginfod.ubuntu.com LD_LIBRARY_PATH=/home/j/jferber/tutorial/my_robot_ws/install/my_robot_interfaces/lib:${LD_LIBRARY_PATH} PYTHONPATH=/home/j/jferber/tutorial/my_robot_ws/build/my_robot_nav/prefix_override:/usr/lib/python3/dist-packages/colcon_core/task/python/colcon_distutils_commands:/home/j/jferber/tutorial/my_robot_ws/install/my_robot_nav/lib/python3.12/site-packages:/home/j/jferber/tutorial/my_robot_ws/build/my_robot_perception:/home/j/jferber/tutorial/my_robot_ws/install/my_robot_perception/lib/python3.12/site-packages:/home/j/jferber/tutorial/my_robot_ws/install/my_robot_interfaces/lib/python3.12/site-packages:${PYTHONPATH} /usr/bin/python3 -W ignore:setup.py install is deprecated -W ignore:easy_install command is deprecated setup.py develop --editable --build-directory /home/j/jferber/tutorial/my_robot_ws/build/my_robot_nav/build --no-deps symlink_data
[25.491s] Level 1:colcon.colcon_core.shell:create_environment_hook('my_robot_nav', 'pythonpath_develop')
[25.491s] INFO:colcon.colcon_core.shell:Creating environment hook '/home/j/jferber/tutorial/my_robot_ws/build/my_robot_nav/share/my_robot_nav/hook/pythonpath_develop.ps1'
[25.493s] DEBUG:colcon.colcon_core.event_handler.log_command:Invoked command in '/home/j/jferber/tutorial/my_robot_ws/build/my_robot_nav' returned '0': AMENT_PREFIX_PATH=/home/j/jferber/tutorial/my_robot_ws/install/my_robot_perception:/home/j/jferber/tutorial/my_robot_ws/install/my_robot_interfaces:${AMENT_PREFIX_PATH} CMAKE_PREFIX_PATH=/home/j/jferber/tutorial/my_robot_ws/install/my_robot_interfaces:${CMAKE_PREFIX_PATH} DEBUGINFOD_URLS=https://debuginfod.ubuntu.com LD_LIBRARY_PATH=/home/j/jferber/tutorial/my_robot_ws/install/my_robot_interfaces/lib:${LD_LIBRARY_PATH} PYTHONPATH=/home/j/jferber/tutorial/my_robot_ws/build/my_robot_nav/prefix_override:/usr/lib/python3/dist-packages/colcon_core/task/python/colcon_distutils_commands:/home/j/jferber/tutorial/my_robot_ws/install/my_robot_nav/lib/python3.12/site-packages:/home/j/jferber/tutorial/my_robot_ws/build/my_robot_perception:/home/j/jferber/tutorial/my_robot_ws/install/my_robot_perception/lib/python3.12/site-packages:/home/j/jferber/tutorial/my_robot_ws/install/my_robot_interfaces/lib/python3.12/site-packages:${PYTHONPATH} /usr/bin/python3 -W ignore:setup.py install is deprecated -W ignore:easy_install command is deprecated setup.py develop --editable --build-directory /home/j/jferber/tutorial/my_robot_ws/build/my_robot_nav/build --no-deps symlink_data
[25.494s] INFO:colcon.colcon_core.shell:Creating environment descriptor '/home/j/jferber/tutorial/my_robot_ws/build/my_robot_nav/share/my_robot_nav/hook/pythonpath_develop.dsv'
[25.495s] INFO:colcon.colcon_core.shell:Creating environment hook '/home/j/jferber/tutorial/my_robot_ws/build/my_robot_nav/share/my_robot_nav/hook/pythonpath_develop.sh'
[25.496s] Level 1:colcon.colcon_core.environment:checking '/home/j/jferber/tutorial/my_robot_ws/install/my_robot_nav' for CMake module files
[25.498s] Level 1:colcon.colcon_core.environment:checking '/home/j/jferber/tutorial/my_robot_ws/install/my_robot_nav' for CMake config files
[25.504s] Level 1:colcon.colcon_core.environment:checking '/home/j/jferber/tutorial/my_robot_ws/install/my_robot_nav/lib'
[25.505s] Level 1:colcon.colcon_core.environment:checking '/home/j/jferber/tutorial/my_robot_ws/install/my_robot_nav/bin'
[25.505s] Level 1:colcon.colcon_core.environment:checking '/home/j/jferber/tutorial/my_robot_ws/install/my_robot_nav/lib/pkgconfig/my_robot_nav.pc'
[25.505s] Level 1:colcon.colcon_core.environment:checking '/home/j/jferber/tutorial/my_robot_ws/install/my_robot_nav/lib/python3.12/site-packages'
[25.505s] Level 1:colcon.colcon_core.shell:create_environment_hook('my_robot_nav', 'pythonpath')
[25.505s] INFO:colcon.colcon_core.shell:Creating environment hook '/home/j/jferber/tutorial/my_robot_ws/install/my_robot_nav/share/my_robot_nav/hook/pythonpath.ps1'
[25.507s] INFO:colcon.colcon_core.shell:Creating environment descriptor '/home/j/jferber/tutorial/my_robot_ws/install/my_robot_nav/share/my_robot_nav/hook/pythonpath.dsv'
[25.508s] INFO:colcon.colcon_core.shell:Creating environment hook '/home/j/jferber/tutorial/my_robot_ws/install/my_robot_nav/share/my_robot_nav/hook/pythonpath.sh'
[25.509s] Level 1:colcon.colcon_core.environment:checking '/home/j/jferber/tutorial/my_robot_ws/install/my_robot_nav/bin'
[25.509s] Level 1:colcon.colcon_core.environment:create_environment_scripts_only(my_robot_nav)
[25.509s] INFO:colcon.colcon_core.shell:Creating package script '/home/j/jferber/tutorial/my_robot_ws/install/my_robot_nav/share/my_robot_nav/package.ps1'
[25.510s] INFO:colcon.colcon_core.shell:Creating package descriptor '/home/j/jferber/tutorial/my_robot_ws/install/my_robot_nav/share/my_robot_nav/package.dsv'
[25.512s] INFO:colcon.colcon_core.shell:Creating package script '/home/j/jferber/tutorial/my_robot_ws/install/my_robot_nav/share/my_robot_nav/package.sh'
[25.514s] INFO:colcon.colcon_core.shell:Creating package script '/home/j/jferber/tutorial/my_robot_ws/install/my_robot_nav/share/my_robot_nav/package.bash'
[25.514s] INFO:colcon.colcon_core.shell:Creating package script '/home/j/jferber/tutorial/my_robot_ws/install/my_robot_nav/share/my_robot_nav/package.zsh'
[25.515s] Level 1:colcon.colcon_core.environment:create_file_with_runtime_dependencies(/home/j/jferber/tutorial/my_robot_ws/install/my_robot_nav/share/colcon-core/packages/my_robot_nav)
[25.527s] DEBUG:colcon.colcon_parallel_executor.executor.parallel:closing loop
[25.527s] DEBUG:colcon.colcon_parallel_executor.executor.parallel:loop closed
[25.528s] DEBUG:colcon.colcon_parallel_executor.executor.parallel:run_until_complete finished with '0'
[25.528s] DEBUG:colcon.colcon_core.event_reactor:joining thread
[25.538s] INFO:colcon.colcon_core.plugin_system:Skipping extension 'colcon_notification.desktop_notification.notify_send': Could not find 'notify-send'
[25.538s] INFO:colcon.colcon_core.plugin_system:Skipping extension 'colcon_notification.desktop_notification.terminal_notifier': Not used on non-Darwin systems
[25.538s] INFO:colcon.colcon_core.plugin_system:Skipping extension 'colcon_notification.desktop_notification.win32': Not used on non-Windows systems
[25.539s] INFO:colcon.colcon_notification.desktop_notification:Sending desktop notification using 'notify2'
[25.539s] DEBUG:colcon.colcon_notification.desktop_notification.notify2:Failed to initialize notify2: org.freedesktop.DBus.Error.NotSupported: Unable to autolaunch a dbus-daemon without a $DISPLAY for X11
[25.539s] DEBUG:colcon.colcon_core.event_reactor:joined thread
[25.539s] INFO:colcon.colcon_core.shell:Creating prefix script '/home/j/jferber/tutorial/my_robot_ws/install/local_setup.ps1'
[25.545s] INFO:colcon.colcon_core.shell:Creating prefix util module '/home/j/jferber/tutorial/my_robot_ws/install/_local_setup_util_ps1.py'
[25.551s] INFO:colcon.colcon_core.shell:Creating prefix chain script '/home/j/jferber/tutorial/my_robot_ws/install/setup.ps1'
[25.563s] INFO:colcon.colcon_core.shell:Creating prefix script '/home/j/jferber/tutorial/my_robot_ws/install/local_setup.sh'
[25.569s] INFO:colcon.colcon_core.shell:Creating prefix util module '/home/j/jferber/tutorial/my_robot_ws/install/_local_setup_util_sh.py'
[25.583s] INFO:colcon.colcon_core.shell:Creating prefix chain script '/home/j/jferber/tutorial/my_robot_ws/install/setup.sh'
[25.601s] INFO:colcon.colcon_core.shell:Creating prefix script '/home/j/jferber/tutorial/my_robot_ws/install/local_setup.bash'
[25.658s] INFO:colcon.colcon_core.shell:Creating prefix chain script '/home/j/jferber/tutorial/my_robot_ws/install/setup.bash'
[25.668s] INFO:colcon.colcon_core.shell:Creating prefix script '/home/j/jferber/tutorial/my_robot_ws/install/local_setup.zsh'
[25.677s] INFO:colcon.colcon_core.shell:Creating prefix chain script '/home/j/jferber/tutorial/my_robot_ws/install/setup.zsh'
