[4.811s] Invoking command in '/home/j/jferber/tutorial/my_robot_ws/build/my_robot_bringup': CMAKE_PREFIX_PATH=${CMAKE_PREFIX_PATH}:/home/j/jferber/tutorial/my_robot_ws/install/my_robot_nav:/home/j/jferber/tutorial/my_robot_ws/install/my_robot_perception:/home/j/jferber/tutorial/my_robot_ws/install/my_robot_control:/opt/ros/jazzy /usr/bin/cmake --build /home/j/jferber/tutorial/my_robot_ws/build/my_robot_bringup -- -j32 -l32
[6.057s] Invoked command in '/home/j/jferber/tutorial/my_robot_ws/build/my_robot_bringup' returned '0': CMAKE_PREFIX_PATH=${CMAKE_PREFIX_PATH}:/home/j/jferber/tutorial/my_robot_ws/install/my_robot_nav:/home/j/jferber/tutorial/my_robot_ws/install/my_robot_perception:/home/j/jferber/tutorial/my_robot_ws/install/my_robot_control:/opt/ros/jazzy /usr/bin/cmake --build /home/j/jferber/tutorial/my_robot_ws/build/my_robot_bringup -- -j32 -l32
[6.077s] Invoking command in '/home/j/jferber/tutorial/my_robot_ws/build/my_robot_bringup': CMAKE_PREFIX_PATH=${CMAKE_PREFIX_PATH}:/home/j/jferber/tutorial/my_robot_ws/install/my_robot_nav:/home/j/jferber/tutorial/my_robot_ws/install/my_robot_perception:/home/j/jferber/tutorial/my_robot_ws/install/my_robot_control:/opt/ros/jazzy /usr/bin/cmake --install /home/j/jferber/tutorial/my_robot_ws/build/my_robot_bringup
[8.031s] -- Install configuration: ""
[8.031s] -- Execute custom install script
[8.032s] -- Up-to-date symlink: /home/j/jferber/tutorial/my_robot_ws/install/my_robot_bringup/share/my_robot_bringup/launch/.ipynb_checkpoints/robot_sim.launch-checkpoint.py
[8.032s] -- Up-to-date symlink: /home/j/jferber/tutorial/my_robot_ws/install/my_robot_bringup/share/my_robot_bringup/launch/.ipynb_checkpoints/robot_vis.launch-checkpoint.py
[8.032s] -- Up-to-date symlink: /home/j/jferber/tutorial/my_robot_ws/install/my_robot_bringup/share/my_robot_bringup/launch/.ipynb_checkpoints/sim.launch-checkpoint.py
[8.032s] -- Symlinking: /home/j/jferber/tutorial/my_robot_ws/install/my_robot_bringup/share/my_robot_bringup/launch/__pycache__/robot_sim.launch.cpython-312.pyc
[8.032s] -- Up-to-date symlink: /home/j/jferber/tutorial/my_robot_ws/install/my_robot_bringup/share/my_robot_bringup/launch/__pycache__/robot_vis.launch.cpython-312.pyc
[8.032s] -- Up-to-date symlink: /home/j/jferber/tutorial/my_robot_ws/install/my_robot_bringup/share/my_robot_bringup/launch/robot_sim.launch.py
[8.032s] -- Up-to-date symlink: /home/j/jferber/tutorial/my_robot_ws/install/my_robot_bringup/share/my_robot_bringup/launch/robot_vis.launch.py
[8.032s] -- Up-to-date symlink: /home/j/jferber/tutorial/my_robot_ws/install/my_robot_bringup/share/my_robot_bringup/launch/sim.launch.py
[8.032s] -- Up-to-date symlink: /home/j/jferber/tutorial/my_robot_ws/install/my_robot_bringup/share/my_robot_bringup/worlds/.ipynb_checkpoints/my_world-checkpoint.sdf
[8.032s] -- Up-to-date symlink: /home/j/jferber/tutorial/my_robot_ws/install/my_robot_bringup/share/my_robot_bringup/worlds/.ipynb_checkpoints/obstacle_‎world-checkpoint.sdf‎
[8.032s] -- Up-to-date symlink: /home/j/jferber/tutorial/my_robot_ws/install/my_robot_bringup/share/my_robot_bringup/worlds/.ipynb_checkpoints/wall_world-checkpoint.sdf
[8.033s] -- Up-to-date symlink: /home/j/jferber/tutorial/my_robot_ws/install/my_robot_bringup/share/my_robot_bringup/worlds/my_world.sdf
[8.033s] -- Up-to-date symlink: /home/j/jferber/tutorial/my_robot_ws/install/my_robot_bringup/share/my_robot_bringup/worlds/obstacle_‎world.sdf‎
[8.033s] -- Up-to-date symlink: /home/j/jferber/tutorial/my_robot_ws/install/my_robot_bringup/share/my_robot_bringup/worlds/wall_world.sdf
[8.033s] -- Up-to-date symlink: /home/j/jferber/tutorial/my_robot_ws/install/my_robot_bringup/share/my_robot_bringup/config/.ipynb_checkpoints/bridge-checkpoint.yaml
[8.033s] -- Up-to-date symlink: /home/j/jferber/tutorial/my_robot_ws/install/my_robot_bringup/share/my_robot_bringup/config/bridge.yaml
[8.033s] -- Up-to-date symlink: /home/j/jferber/tutorial/my_robot_ws/install/my_robot_bringup/share/ament_index/resource_index/package_run_dependencies/my_robot_bringup
[8.033s] -- Up-to-date symlink: /home/j/jferber/tutorial/my_robot_ws/install/my_robot_bringup/share/ament_index/resource_index/parent_prefix_path/my_robot_bringup
[8.033s] -- Up-to-date symlink: /home/j/jferber/tutorial/my_robot_ws/install/my_robot_bringup/share/my_robot_bringup/environment/ament_prefix_path.sh
[8.033s] -- Up-to-date symlink: /home/j/jferber/tutorial/my_robot_ws/install/my_robot_bringup/share/my_robot_bringup/environment/ament_prefix_path.dsv
[8.033s] -- Up-to-date symlink: /home/j/jferber/tutorial/my_robot_ws/install/my_robot_bringup/share/my_robot_bringup/environment/path.sh
[8.033s] -- Up-to-date symlink: /home/j/jferber/tutorial/my_robot_ws/install/my_robot_bringup/share/my_robot_bringup/environment/path.dsv
[8.033s] -- Up-to-date symlink: /home/j/jferber/tutorial/my_robot_ws/install/my_robot_bringup/share/my_robot_bringup/local_setup.bash
[8.034s] -- Up-to-date symlink: /home/j/jferber/tutorial/my_robot_ws/install/my_robot_bringup/share/my_robot_bringup/local_setup.sh
[8.034s] -- Up-to-date symlink: /home/j/jferber/tutorial/my_robot_ws/install/my_robot_bringup/share/my_robot_bringup/local_setup.zsh
[8.034s] -- Up-to-date symlink: /home/j/jferber/tutorial/my_robot_ws/install/my_robot_bringup/share/my_robot_bringup/local_setup.dsv
[8.034s] -- Symlinking: /home/j/jferber/tutorial/my_robot_ws/install/my_robot_bringup/share/my_robot_bringup/package.dsv
[8.034s] -- Up-to-date symlink: /home/j/jferber/tutorial/my_robot_ws/install/my_robot_bringup/share/ament_index/resource_index/packages/my_robot_bringup
[8.034s] -- Up-to-date symlink: /home/j/jferber/tutorial/my_robot_ws/install/my_robot_bringup/share/my_robot_bringup/cmake/my_robot_bringupConfig.cmake
[8.034s] -- Up-to-date symlink: /home/j/jferber/tutorial/my_robot_ws/install/my_robot_bringup/share/my_robot_bringup/cmake/my_robot_bringupConfig-version.cmake
[8.034s] -- Up-to-date symlink: /home/j/jferber/tutorial/my_robot_ws/install/my_robot_bringup/share/my_robot_bringup/package.xml
[9.422s] Invoked command in '/home/j/jferber/tutorial/my_robot_ws/build/my_robot_bringup' returned '0': CMAKE_PREFIX_PATH=${CMAKE_PREFIX_PATH}:/home/j/jferber/tutorial/my_robot_ws/install/my_robot_nav:/home/j/jferber/tutorial/my_robot_ws/install/my_robot_perception:/home/j/jferber/tutorial/my_robot_ws/install/my_robot_control:/opt/ros/jazzy /usr/bin/cmake --install /home/j/jferber/tutorial/my_robot_ws/build/my_robot_bringup
