[0.093s] DEBUG:colcon:Command line arguments: ['/usr/bin/colcon', 'build', '--symlink-install']
[0.093s] DEBUG:colcon:Parsed command line arguments: Namespace(log_base=None, log_level=None, verb_name='build', build_base='build', install_base='install', merge_install=False, symlink_install=True, test_result_base=None, continue_on_error=False, executor='parallel', parallel_workers=32, event_handlers=None, ignore_user_meta=False, metas=['./colcon.meta'], base_paths=['.'], packages_ignore=None, packages_ignore_regex=None, paths=None, packages_up_to=None, packages_up_to_regex=None, packages_above=None, packages_above_and_dependencies=None, packages_above_depth=None, packages_select_by_dep=None, packages_skip_by_dep=None, packages_skip_up_to=None, packages_select_build_failed=False, packages_skip_build_finished=False, packages_select_test_failures=False, packages_skip_test_passed=False, packages_select=None, packages_skip=None, packages_select_regex=None, packages_skip_regex=None, packages_start=None, packages_end=None, cmake_args=None, cmake_target=None, cmake_target_skip_unavailable=False, cmake_clean_cache=False, cmake_clean_first=False, cmake_force_configure=False, ament_cmake_args=None, catkin_cmake_args=None, catkin_skip_building_tests=False, mixin_files=None, mixin=None, verb_parser=<colcon_mixin.mixin.mixin_argument.MixinArgumentDecorator object at 0x7f6872500560>, verb_extension=<colcon_core.verb.build.BuildVerb object at 0x7f6872660ad0>, main=<bound method BuildVerb.main of <colcon_core.verb.build.BuildVerb object at 0x7f6872660ad0>>, mixin_verb=('build',))
[0.127s] Level 1:colcon.colcon_core.package_discovery:discover_packages(colcon_meta) check parameters
[0.127s] Level 1:colcon.colcon_core.package_discovery:discover_packages(recursive) check parameters
[0.127s] Level 1:colcon.colcon_core.package_discovery:discover_packages(ignore) check parameters
[0.128s] Level 1:colcon.colcon_core.package_discovery:discover_packages(path) check parameters
[0.128s] Level 1:colcon.colcon_core.package_discovery:discover_packages(colcon_meta) discover
[0.128s] Level 1:colcon.colcon_core.package_discovery:discover_packages(recursive) discover
[0.128s] INFO:colcon.colcon_core.package_discovery:Crawling recursively for packages in '/home/j/jferber/tutorial/my_robot_ws'
[0.128s] Level 1:colcon.colcon_core.package_identification:_identify(.) by extensions ['ignore', 'ignore_ament_install']
[0.128s] Level 1:colcon.colcon_core.package_identification:_identify(.) by extension 'ignore'
[0.128s] Level 1:colcon.colcon_core.package_identification:_identify(.) by extension 'ignore_ament_install'
[0.128s] Level 1:colcon.colcon_core.package_identification:_identify(.) by extensions ['colcon_pkg']
[0.128s] Level 1:colcon.colcon_core.package_identification:_identify(.) by extension 'colcon_pkg'
[0.128s] Level 1:colcon.colcon_core.package_identification:_identify(.) by extensions ['colcon_meta']
[0.128s] Level 1:colcon.colcon_core.package_identification:_identify(.) by extension 'colcon_meta'
[0.128s] Level 1:colcon.colcon_core.package_identification:_identify(.) by extensions ['ros']
[0.128s] Level 1:colcon.colcon_core.package_identification:_identify(.) by extension 'ros'
[0.149s] Level 1:colcon.colcon_core.package_identification:_identify(.) by extensions ['cmake', 'python']
[0.149s] Level 1:colcon.colcon_core.package_identification:_identify(.) by extension 'cmake'
[0.149s] Level 1:colcon.colcon_core.package_identification:_identify(.) by extension 'python'
[0.149s] Level 1:colcon.colcon_core.package_identification:_identify(.) by extensions ['python_setup_py']
[0.149s] Level 1:colcon.colcon_core.package_identification:_identify(.) by extension 'python_setup_py'
[0.149s] Level 1:colcon.colcon_core.package_identification:_identify(build) by extensions ['ignore', 'ignore_ament_install']
[0.149s] Level 1:colcon.colcon_core.package_identification:_identify(build) by extension 'ignore'
[0.149s] Level 1:colcon.colcon_core.package_identification:_identify(build) ignored
[0.150s] Level 1:colcon.colcon_core.package_identification:_identify(install) by extensions ['ignore', 'ignore_ament_install']
[0.150s] Level 1:colcon.colcon_core.package_identification:_identify(install) by extension 'ignore'
[0.150s] Level 1:colcon.colcon_core.package_identification:_identify(install) ignored
[0.150s] Level 1:colcon.colcon_core.package_identification:_identify(log) by extensions ['ignore', 'ignore_ament_install']
[0.150s] Level 1:colcon.colcon_core.package_identification:_identify(log) by extension 'ignore'
[0.151s] Level 1:colcon.colcon_core.package_identification:_identify(log) ignored
[0.151s] Level 1:colcon.colcon_core.package_identification:_identify(src) by extensions ['ignore', 'ignore_ament_install']
[0.151s] Level 1:colcon.colcon_core.package_identification:_identify(src) by extension 'ignore'
[0.151s] Level 1:colcon.colcon_core.package_identification:_identify(src) by extension 'ignore_ament_install'
[0.151s] Level 1:colcon.colcon_core.package_identification:_identify(src) by extensions ['colcon_pkg']
[0.151s] Level 1:colcon.colcon_core.package_identification:_identify(src) by extension 'colcon_pkg'
[0.151s] Level 1:colcon.colcon_core.package_identification:_identify(src) by extensions ['colcon_meta']
[0.151s] Level 1:colcon.colcon_core.package_identification:_identify(src) by extension 'colcon_meta'
[0.151s] Level 1:colcon.colcon_core.package_identification:_identify(src) by extensions ['ros']
[0.151s] Level 1:colcon.colcon_core.package_identification:_identify(src) by extension 'ros'
[0.151s] Level 1:colcon.colcon_core.package_identification:_identify(src) by extensions ['cmake', 'python']
[0.151s] Level 1:colcon.colcon_core.package_identification:_identify(src) by extension 'cmake'
[0.151s] Level 1:colcon.colcon_core.package_identification:_identify(src) by extension 'python'
[0.151s] Level 1:colcon.colcon_core.package_identification:_identify(src) by extensions ['python_setup_py']
[0.151s] Level 1:colcon.colcon_core.package_identification:_identify(src) by extension 'python_setup_py'
[0.151s] Level 1:colcon.colcon_core.package_identification:_identify(src/my_robot_bringup) by extensions ['ignore', 'ignore_ament_install']
[0.151s] Level 1:colcon.colcon_core.package_identification:_identify(src/my_robot_bringup) by extension 'ignore'
[0.151s] Level 1:colcon.colcon_core.package_identification:_identify(src/my_robot_bringup) by extension 'ignore_ament_install'
[0.151s] Level 1:colcon.colcon_core.package_identification:_identify(src/my_robot_bringup) by extensions ['colcon_pkg']
[0.151s] Level 1:colcon.colcon_core.package_identification:_identify(src/my_robot_bringup) by extension 'colcon_pkg'
[0.151s] Level 1:colcon.colcon_core.package_identification:_identify(src/my_robot_bringup) by extensions ['colcon_meta']
[0.151s] Level 1:colcon.colcon_core.package_identification:_identify(src/my_robot_bringup) by extension 'colcon_meta'
[0.151s] Level 1:colcon.colcon_core.package_identification:_identify(src/my_robot_bringup) by extensions ['ros']
[0.151s] Level 1:colcon.colcon_core.package_identification:_identify(src/my_robot_bringup) by extension 'ros'
[0.154s] DEBUG:colcon.colcon_core.package_identification:Package 'src/my_robot_bringup' with type 'ros.ament_cmake' and name 'my_robot_bringup'
[0.154s] Level 1:colcon.colcon_core.package_identification:_identify(src/my_robot_control) by extensions ['ignore', 'ignore_ament_install']
[0.154s] Level 1:colcon.colcon_core.package_identification:_identify(src/my_robot_control) by extension 'ignore'
[0.154s] Level 1:colcon.colcon_core.package_identification:_identify(src/my_robot_control) by extension 'ignore_ament_install'
[0.154s] Level 1:colcon.colcon_core.package_identification:_identify(src/my_robot_control) by extensions ['colcon_pkg']
[0.154s] Level 1:colcon.colcon_core.package_identification:_identify(src/my_robot_control) by extension 'colcon_pkg'
[0.154s] Level 1:colcon.colcon_core.package_identification:_identify(src/my_robot_control) by extensions ['colcon_meta']
[0.154s] Level 1:colcon.colcon_core.package_identification:_identify(src/my_robot_control) by extension 'colcon_meta'
[0.154s] Level 1:colcon.colcon_core.package_identification:_identify(src/my_robot_control) by extensions ['ros']
[0.154s] Level 1:colcon.colcon_core.package_identification:_identify(src/my_robot_control) by extension 'ros'
[0.155s] DEBUG:colcon.colcon_core.package_identification:Package 'src/my_robot_control' with type 'ros.ament_python' and name 'my_robot_control'
[0.155s] Level 1:colcon.colcon_core.package_identification:_identify(src/my_robot_description) by extensions ['ignore', 'ignore_ament_install']
[0.155s] Level 1:colcon.colcon_core.package_identification:_identify(src/my_robot_description) by extension 'ignore'
[0.155s] Level 1:colcon.colcon_core.package_identification:_identify(src/my_robot_description) by extension 'ignore_ament_install'
[0.155s] Level 1:colcon.colcon_core.package_identification:_identify(src/my_robot_description) by extensions ['colcon_pkg']
[0.155s] Level 1:colcon.colcon_core.package_identification:_identify(src/my_robot_description) by extension 'colcon_pkg'
[0.155s] Level 1:colcon.colcon_core.package_identification:_identify(src/my_robot_description) by extensions ['colcon_meta']
[0.155s] Level 1:colcon.colcon_core.package_identification:_identify(src/my_robot_description) by extension 'colcon_meta'
[0.155s] Level 1:colcon.colcon_core.package_identification:_identify(src/my_robot_description) by extensions ['ros']
[0.155s] Level 1:colcon.colcon_core.package_identification:_identify(src/my_robot_description) by extension 'ros'
[0.156s] DEBUG:colcon.colcon_core.package_identification:Package 'src/my_robot_description' with type 'ros.ament_cmake' and name 'my_robot_description'
[0.156s] Level 1:colcon.colcon_core.package_discovery:discover_packages(recursive) using defaults
[0.156s] Level 1:colcon.colcon_core.package_discovery:discover_packages(ignore) discover
[0.156s] Level 1:colcon.colcon_core.package_discovery:discover_packages(ignore) using defaults
[0.156s] Level 1:colcon.colcon_core.package_discovery:discover_packages(path) discover
[0.156s] Level 1:colcon.colcon_core.package_discovery:discover_packages(path) using defaults
[0.280s] Level 5:colcon.colcon_core.verb:set package 'my_robot_bringup' build argument 'cmake_args' from command line to 'None'
[0.281s] Level 5:colcon.colcon_core.verb:set package 'my_robot_bringup' build argument 'cmake_target' from command line to 'None'
[0.281s] Level 5:colcon.colcon_core.verb:set package 'my_robot_bringup' build argument 'cmake_target_skip_unavailable' from command line to 'False'
[0.281s] Level 5:colcon.colcon_core.verb:set package 'my_robot_bringup' build argument 'cmake_clean_cache' from command line to 'False'
[0.281s] Level 5:colcon.colcon_core.verb:set package 'my_robot_bringup' build argument 'cmake_clean_first' from command line to 'False'
[0.281s] Level 5:colcon.colcon_core.verb:set package 'my_robot_bringup' build argument 'cmake_force_configure' from command line to 'False'
[0.281s] Level 5:colcon.colcon_core.verb:set package 'my_robot_bringup' build argument 'ament_cmake_args' from command line to 'None'
[0.281s] Level 5:colcon.colcon_core.verb:set package 'my_robot_bringup' build argument 'catkin_cmake_args' from command line to 'None'
[0.281s] Level 5:colcon.colcon_core.verb:set package 'my_robot_bringup' build argument 'catkin_skip_building_tests' from command line to 'False'
[0.281s] DEBUG:colcon.colcon_core.verb:Building package 'my_robot_bringup' with the following arguments: {'ament_cmake_args': None, 'build_base': '/home/j/jferber/tutorial/my_robot_ws/build/my_robot_bringup', 'catkin_cmake_args': None, 'catkin_skip_building_tests': False, 'cmake_args': None, 'cmake_clean_cache': False, 'cmake_clean_first': False, 'cmake_force_configure': False, 'cmake_target': None, 'cmake_target_skip_unavailable': False, 'install_base': '/home/j/jferber/tutorial/my_robot_ws/install/my_robot_bringup', 'merge_install': False, 'path': '/home/j/jferber/tutorial/my_robot_ws/src/my_robot_bringup', 'symlink_install': True, 'test_result_base': None}
[0.281s] Level 5:colcon.colcon_core.verb:set package 'my_robot_control' build argument 'cmake_args' from command line to 'None'
[0.281s] Level 5:colcon.colcon_core.verb:set package 'my_robot_control' build argument 'cmake_target' from command line to 'None'
[0.281s] Level 5:colcon.colcon_core.verb:set package 'my_robot_control' build argument 'cmake_target_skip_unavailable' from command line to 'False'
[0.281s] Level 5:colcon.colcon_core.verb:set package 'my_robot_control' build argument 'cmake_clean_cache' from command line to 'False'
[0.281s] Level 5:colcon.colcon_core.verb:set package 'my_robot_control' build argument 'cmake_clean_first' from command line to 'False'
[0.281s] Level 5:colcon.colcon_core.verb:set package 'my_robot_control' build argument 'cmake_force_configure' from command line to 'False'
[0.281s] Level 5:colcon.colcon_core.verb:set package 'my_robot_control' build argument 'ament_cmake_args' from command line to 'None'
[0.281s] Level 5:colcon.colcon_core.verb:set package 'my_robot_control' build argument 'catkin_cmake_args' from command line to 'None'
[0.281s] Level 5:colcon.colcon_core.verb:set package 'my_robot_control' build argument 'catkin_skip_building_tests' from command line to 'False'
[0.281s] DEBUG:colcon.colcon_core.verb:Building package 'my_robot_control' with the following arguments: {'ament_cmake_args': None, 'build_base': '/home/j/jferber/tutorial/my_robot_ws/build/my_robot_control', 'catkin_cmake_args': None, 'catkin_skip_building_tests': False, 'cmake_args': None, 'cmake_clean_cache': False, 'cmake_clean_first': False, 'cmake_force_configure': False, 'cmake_target': None, 'cmake_target_skip_unavailable': False, 'install_base': '/home/j/jferber/tutorial/my_robot_ws/install/my_robot_control', 'merge_install': False, 'path': '/home/j/jferber/tutorial/my_robot_ws/src/my_robot_control', 'symlink_install': True, 'test_result_base': None}
[0.281s] Level 5:colcon.colcon_core.verb:set package 'my_robot_description' build argument 'cmake_args' from command line to 'None'
[0.281s] Level 5:colcon.colcon_core.verb:set package 'my_robot_description' build argument 'cmake_target' from command line to 'None'
[0.281s] Level 5:colcon.colcon_core.verb:set package 'my_robot_description' build argument 'cmake_target_skip_unavailable' from command line to 'False'
[0.281s] Level 5:colcon.colcon_core.verb:set package 'my_robot_description' build argument 'cmake_clean_cache' from command line to 'False'
[0.281s] Level 5:colcon.colcon_core.verb:set package 'my_robot_description' build argument 'cmake_clean_first' from command line to 'False'
[0.282s] Level 5:colcon.colcon_core.verb:set package 'my_robot_description' build argument 'cmake_force_configure' from command line to 'False'
[0.282s] Level 5:colcon.colcon_core.verb:set package 'my_robot_description' build argument 'ament_cmake_args' from command line to 'None'
[0.282s] Level 5:colcon.colcon_core.verb:set package 'my_robot_description' build argument 'catkin_cmake_args' from command line to 'None'
[0.282s] Level 5:colcon.colcon_core.verb:set package 'my_robot_description' build argument 'catkin_skip_building_tests' from command line to 'False'
[0.282s] DEBUG:colcon.colcon_core.verb:Building package 'my_robot_description' with the following arguments: {'ament_cmake_args': None, 'build_base': '/home/j/jferber/tutorial/my_robot_ws/build/my_robot_description', 'catkin_cmake_args': None, 'catkin_skip_building_tests': False, 'cmake_args': None, 'cmake_clean_cache': False, 'cmake_clean_first': False, 'cmake_force_configure': False, 'cmake_target': None, 'cmake_target_skip_unavailable': False, 'install_base': '/home/j/jferber/tutorial/my_robot_ws/install/my_robot_description', 'merge_install': False, 'path': '/home/j/jferber/tutorial/my_robot_ws/src/my_robot_description', 'symlink_install': True, 'test_result_base': None}
[0.282s] INFO:colcon.colcon_core.executor:Executing jobs using 'parallel' executor
[0.283s] DEBUG:colcon.colcon_parallel_executor.executor.parallel:run_until_complete
[0.284s] INFO:colcon.colcon_ros.task.ament_cmake.build:Building ROS package in '/home/j/jferber/tutorial/my_robot_ws/src/my_robot_bringup' with build type 'ament_cmake'
[0.284s] INFO:colcon.colcon_cmake.task.cmake.build:Building CMake package in '/home/j/jferber/tutorial/my_robot_ws/src/my_robot_bringup'
[0.287s] INFO:colcon.colcon_core.plugin_system:Skipping extension 'colcon_core.shell.bat': Not used on non-Windows systems
[0.287s] INFO:colcon.colcon_core.shell:Skip shell extension 'powershell' for command environment: Not usable outside of PowerShell
[0.287s] DEBUG:colcon.colcon_core.shell:Skip shell extension 'dsv' for command environment
[0.297s] INFO:colcon.colcon_ros.task.ament_python.build:Building ROS package in '/home/j/jferber/tutorial/my_robot_ws/src/my_robot_control' with build type 'ament_python'
[0.297s] Level 1:colcon.colcon_core.shell:create_environment_hook('my_robot_control', 'ament_prefix_path')
[0.297s] INFO:colcon.colcon_core.shell:Creating environment hook '/home/j/jferber/tutorial/my_robot_ws/install/my_robot_control/share/my_robot_control/hook/ament_prefix_path.ps1'
[0.303s] INFO:colcon.colcon_core.shell:Creating environment descriptor '/home/j/jferber/tutorial/my_robot_ws/install/my_robot_control/share/my_robot_control/hook/ament_prefix_path.dsv'
[0.307s] INFO:colcon.colcon_core.shell:Creating environment hook '/home/j/jferber/tutorial/my_robot_ws/install/my_robot_control/share/my_robot_control/hook/ament_prefix_path.sh'
[0.312s] INFO:colcon.colcon_core.shell:Skip shell extension 'powershell' for command environment: Not usable outside of PowerShell
[0.312s] DEBUG:colcon.colcon_core.shell:Skip shell extension 'dsv' for command environment
[0.321s] INFO:colcon.colcon_ros.task.ament_cmake.build:Building ROS package in '/home/j/jferber/tutorial/my_robot_ws/src/my_robot_description' with build type 'ament_cmake'
[0.321s] INFO:colcon.colcon_cmake.task.cmake.build:Building CMake package in '/home/j/jferber/tutorial/my_robot_ws/src/my_robot_description'
[0.322s] INFO:colcon.colcon_core.shell:Skip shell extension 'powershell' for command environment: Not usable outside of PowerShell
[0.322s] DEBUG:colcon.colcon_core.shell:Skip shell extension 'dsv' for command environment
[0.369s] DEBUG:colcon.colcon_core.event_handler.log_command:Invoking command in '/home/j/jferber/tutorial/my_robot_ws/build/my_robot_bringup': CMAKE_PREFIX_PATH=${CMAKE_PREFIX_PATH}:/home/j/jferber/tutorial/my_robot_ws/install/my_robot_control:/opt/ros/jazzy DEBUGINFOD_URLS=https://debuginfod.ubuntu.com /usr/bin/cmake --build /home/j/jferber/tutorial/my_robot_ws/build/my_robot_bringup -- -j32 -l32
[0.543s] INFO:colcon.colcon_core.task.python.build:Building Python package in '/home/j/jferber/tutorial/my_robot_ws/src/my_robot_control'
[0.544s] INFO:colcon.colcon_core.shell:Skip shell extension 'powershell' for command environment: Not usable outside of PowerShell
[0.544s] DEBUG:colcon.colcon_core.shell:Skip shell extension 'dsv' for command environment
[0.559s] DEBUG:colcon.colcon_core.event_handler.log_command:Invoked command in '/home/j/jferber/tutorial/my_robot_ws/build/my_robot_bringup' returned '0': CMAKE_PREFIX_PATH=${CMAKE_PREFIX_PATH}:/home/j/jferber/tutorial/my_robot_ws/install/my_robot_control:/opt/ros/jazzy DEBUGINFOD_URLS=https://debuginfod.ubuntu.com /usr/bin/cmake --build /home/j/jferber/tutorial/my_robot_ws/build/my_robot_bringup -- -j32 -l32
[0.575s] DEBUG:colcon.colcon_core.event_handler.log_command:Invoking command in '/home/j/jferber/tutorial/my_robot_ws/build/my_robot_bringup': CMAKE_PREFIX_PATH=${CMAKE_PREFIX_PATH}:/home/j/jferber/tutorial/my_robot_ws/install/my_robot_control:/opt/ros/jazzy DEBUGINFOD_URLS=https://debuginfod.ubuntu.com /usr/bin/cmake --install /home/j/jferber/tutorial/my_robot_ws/build/my_robot_bringup
[0.596s] DEBUG:colcon.colcon_core.event_handler.log_command:Invoking command in '/home/j/jferber/tutorial/my_robot_ws/build/my_robot_description': CMAKE_PREFIX_PATH=${CMAKE_PREFIX_PATH}:/home/j/jferber/tutorial/my_robot_ws/install/my_robot_control:/opt/ros/jazzy DEBUGINFOD_URLS=https://debuginfod.ubuntu.com /usr/bin/cmake --build /home/j/jferber/tutorial/my_robot_ws/build/my_robot_description -- -j32 -l32
[0.621s] Level 1:colcon.colcon_core.environment:create_environment_scripts_only(my_robot_bringup)
[0.622s] DEBUG:colcon.colcon_core.event_handler.log_command:Invoked command in '/home/j/jferber/tutorial/my_robot_ws/build/my_robot_bringup' returned '0': CMAKE_PREFIX_PATH=${CMAKE_PREFIX_PATH}:/home/j/jferber/tutorial/my_robot_ws/install/my_robot_control:/opt/ros/jazzy DEBUGINFOD_URLS=https://debuginfod.ubuntu.com /usr/bin/cmake --install /home/j/jferber/tutorial/my_robot_ws/build/my_robot_bringup
[0.625s] Level 1:colcon.colcon_core.environment:checking '/home/j/jferber/tutorial/my_robot_ws/install/my_robot_bringup' for CMake module files
[0.627s] Level 1:colcon.colcon_core.environment:checking '/home/j/jferber/tutorial/my_robot_ws/install/my_robot_bringup' for CMake config files
[0.628s] Level 1:colcon.colcon_core.shell:create_environment_hook('my_robot_bringup', 'cmake_prefix_path')
[0.628s] INFO:colcon.colcon_core.shell:Creating environment hook '/home/j/jferber/tutorial/my_robot_ws/install/my_robot_bringup/share/my_robot_bringup/hook/cmake_prefix_path.ps1'
[0.636s] INFO:colcon.colcon_core.shell:Creating environment descriptor '/home/j/jferber/tutorial/my_robot_ws/install/my_robot_bringup/share/my_robot_bringup/hook/cmake_prefix_path.dsv'
[0.641s] INFO:colcon.colcon_core.shell:Creating environment hook '/home/j/jferber/tutorial/my_robot_ws/install/my_robot_bringup/share/my_robot_bringup/hook/cmake_prefix_path.sh'
[0.646s] Level 1:colcon.colcon_core.environment:checking '/home/j/jferber/tutorial/my_robot_ws/install/my_robot_bringup/bin'
[0.647s] Level 1:colcon.colcon_core.environment:checking '/home/j/jferber/tutorial/my_robot_ws/install/my_robot_bringup/lib/pkgconfig/my_robot_bringup.pc'
[0.647s] Level 1:colcon.colcon_core.environment:checking '/home/j/jferber/tutorial/my_robot_ws/install/my_robot_bringup/lib/python3.12/site-packages'
[0.647s] Level 1:colcon.colcon_core.environment:checking '/home/j/jferber/tutorial/my_robot_ws/install/my_robot_bringup/bin'
[0.647s] INFO:colcon.colcon_core.shell:Creating package script '/home/j/jferber/tutorial/my_robot_ws/install/my_robot_bringup/share/my_robot_bringup/package.ps1'
[0.652s] INFO:colcon.colcon_core.shell:Creating package descriptor '/home/j/jferber/tutorial/my_robot_ws/install/my_robot_bringup/share/my_robot_bringup/package.dsv'
[0.654s] INFO:colcon.colcon_core.shell:Creating package script '/home/j/jferber/tutorial/my_robot_ws/install/my_robot_bringup/share/my_robot_bringup/package.sh'
[0.660s] INFO:colcon.colcon_core.shell:Creating package script '/home/j/jferber/tutorial/my_robot_ws/install/my_robot_bringup/share/my_robot_bringup/package.bash'
[0.664s] INFO:colcon.colcon_core.shell:Creating package script '/home/j/jferber/tutorial/my_robot_ws/install/my_robot_bringup/share/my_robot_bringup/package.zsh'
[0.668s] Level 1:colcon.colcon_core.environment:create_file_with_runtime_dependencies(/home/j/jferber/tutorial/my_robot_ws/install/my_robot_bringup/share/colcon-core/packages/my_robot_bringup)
[0.672s] Level 1:colcon.colcon_core.environment:create_environment_scripts_only(my_robot_bringup)
[0.672s] Level 1:colcon.colcon_core.environment:checking '/home/j/jferber/tutorial/my_robot_ws/install/my_robot_bringup' for CMake module files
[0.674s] Level 1:colcon.colcon_core.environment:checking '/home/j/jferber/tutorial/my_robot_ws/install/my_robot_bringup' for CMake config files
[0.674s] Level 1:colcon.colcon_core.shell:create_environment_hook('my_robot_bringup', 'cmake_prefix_path')
[0.674s] INFO:colcon.colcon_core.shell:Creating environment hook '/home/j/jferber/tutorial/my_robot_ws/install/my_robot_bringup/share/my_robot_bringup/hook/cmake_prefix_path.ps1'
[0.871s] INFO:colcon.colcon_core.shell:Creating environment descriptor '/home/j/jferber/tutorial/my_robot_ws/install/my_robot_bringup/share/my_robot_bringup/hook/cmake_prefix_path.dsv'
[0.878s] INFO:colcon.colcon_core.shell:Creating environment hook '/home/j/jferber/tutorial/my_robot_ws/install/my_robot_bringup/share/my_robot_bringup/hook/cmake_prefix_path.sh'
[0.883s] Level 1:colcon.colcon_core.environment:checking '/home/j/jferber/tutorial/my_robot_ws/install/my_robot_bringup/bin'
[0.883s] Level 1:colcon.colcon_core.environment:checking '/home/j/jferber/tutorial/my_robot_ws/install/my_robot_bringup/lib/pkgconfig/my_robot_bringup.pc'
[0.884s] Level 1:colcon.colcon_core.environment:checking '/home/j/jferber/tutorial/my_robot_ws/install/my_robot_bringup/lib/python3.12/site-packages'
[0.884s] Level 1:colcon.colcon_core.environment:checking '/home/j/jferber/tutorial/my_robot_ws/install/my_robot_bringup/bin'
[0.884s] INFO:colcon.colcon_core.shell:Creating package script '/home/j/jferber/tutorial/my_robot_ws/install/my_robot_bringup/share/my_robot_bringup/package.ps1'
[0.889s] INFO:colcon.colcon_core.shell:Creating package descriptor '/home/j/jferber/tutorial/my_robot_ws/install/my_robot_bringup/share/my_robot_bringup/package.dsv'
[0.894s] INFO:colcon.colcon_core.shell:Creating package script '/home/j/jferber/tutorial/my_robot_ws/install/my_robot_bringup/share/my_robot_bringup/package.sh'
[0.899s] INFO:colcon.colcon_core.shell:Creating package script '/home/j/jferber/tutorial/my_robot_ws/install/my_robot_bringup/share/my_robot_bringup/package.bash'
[0.904s] INFO:colcon.colcon_core.shell:Creating package script '/home/j/jferber/tutorial/my_robot_ws/install/my_robot_bringup/share/my_robot_bringup/package.zsh'
[0.912s] Level 1:colcon.colcon_core.environment:create_file_with_runtime_dependencies(/home/j/jferber/tutorial/my_robot_ws/install/my_robot_bringup/share/colcon-core/packages/my_robot_bringup)
[0.929s] DEBUG:colcon.colcon_core.event_handler.log_command:Invoked command in '/home/j/jferber/tutorial/my_robot_ws/build/my_robot_description' returned '0': CMAKE_PREFIX_PATH=${CMAKE_PREFIX_PATH}:/home/j/jferber/tutorial/my_robot_ws/install/my_robot_control:/opt/ros/jazzy DEBUGINFOD_URLS=https://debuginfod.ubuntu.com /usr/bin/cmake --build /home/j/jferber/tutorial/my_robot_ws/build/my_robot_description -- -j32 -l32
[0.930s] DEBUG:colcon.colcon_core.event_handler.log_command:Invoking command in '/home/j/jferber/tutorial/my_robot_ws/build/my_robot_description': CMAKE_PREFIX_PATH=${CMAKE_PREFIX_PATH}:/home/j/jferber/tutorial/my_robot_ws/install/my_robot_control:/opt/ros/jazzy DEBUGINFOD_URLS=https://debuginfod.ubuntu.com /usr/bin/cmake --install /home/j/jferber/tutorial/my_robot_ws/build/my_robot_description
[0.974s] Level 1:colcon.colcon_core.environment:create_environment_scripts_only(my_robot_description)
[0.975s] Level 1:colcon.colcon_core.environment:checking '/home/j/jferber/tutorial/my_robot_ws/install/my_robot_description' for CMake module files
[0.976s] DEBUG:colcon.colcon_core.event_handler.log_command:Invoked command in '/home/j/jferber/tutorial/my_robot_ws/build/my_robot_description' returned '0': CMAKE_PREFIX_PATH=${CMAKE_PREFIX_PATH}:/home/j/jferber/tutorial/my_robot_ws/install/my_robot_control:/opt/ros/jazzy DEBUGINFOD_URLS=https://debuginfod.ubuntu.com /usr/bin/cmake --install /home/j/jferber/tutorial/my_robot_ws/build/my_robot_description
[0.978s] Level 1:colcon.colcon_core.environment:checking '/home/j/jferber/tutorial/my_robot_ws/install/my_robot_description' for CMake config files
[0.978s] Level 1:colcon.colcon_core.shell:create_environment_hook('my_robot_description', 'cmake_prefix_path')
[0.978s] INFO:colcon.colcon_core.shell:Creating environment hook '/home/j/jferber/tutorial/my_robot_ws/install/my_robot_description/share/my_robot_description/hook/cmake_prefix_path.ps1'
[0.985s] INFO:colcon.colcon_core.shell:Creating environment descriptor '/home/j/jferber/tutorial/my_robot_ws/install/my_robot_description/share/my_robot_description/hook/cmake_prefix_path.dsv'
[0.989s] INFO:colcon.colcon_core.shell:Creating environment hook '/home/j/jferber/tutorial/my_robot_ws/install/my_robot_description/share/my_robot_description/hook/cmake_prefix_path.sh'
[0.993s] Level 1:colcon.colcon_core.environment:checking '/home/j/jferber/tutorial/my_robot_ws/install/my_robot_description/bin'
[0.993s] Level 1:colcon.colcon_core.environment:checking '/home/j/jferber/tutorial/my_robot_ws/install/my_robot_description/lib/pkgconfig/my_robot_description.pc'
[0.993s] Level 1:colcon.colcon_core.environment:checking '/home/j/jferber/tutorial/my_robot_ws/install/my_robot_description/lib/python3.12/site-packages'
[0.993s] Level 1:colcon.colcon_core.environment:checking '/home/j/jferber/tutorial/my_robot_ws/install/my_robot_description/bin'
[0.993s] INFO:colcon.colcon_core.shell:Creating package script '/home/j/jferber/tutorial/my_robot_ws/install/my_robot_description/share/my_robot_description/package.ps1'
[0.999s] INFO:colcon.colcon_core.shell:Creating package descriptor '/home/j/jferber/tutorial/my_robot_ws/install/my_robot_description/share/my_robot_description/package.dsv'
[1.000s] INFO:colcon.colcon_core.shell:Creating package script '/home/j/jferber/tutorial/my_robot_ws/install/my_robot_description/share/my_robot_description/package.sh'
[1.005s] INFO:colcon.colcon_core.shell:Creating package script '/home/j/jferber/tutorial/my_robot_ws/install/my_robot_description/share/my_robot_description/package.bash'
[1.009s] INFO:colcon.colcon_core.shell:Creating package script '/home/j/jferber/tutorial/my_robot_ws/install/my_robot_description/share/my_robot_description/package.zsh'
[1.014s] Level 1:colcon.colcon_core.environment:create_file_with_runtime_dependencies(/home/j/jferber/tutorial/my_robot_ws/install/my_robot_description/share/colcon-core/packages/my_robot_description)
[1.016s] Level 1:colcon.colcon_core.environment:create_environment_scripts_only(my_robot_description)
[1.017s] Level 1:colcon.colcon_core.environment:checking '/home/j/jferber/tutorial/my_robot_ws/install/my_robot_description' for CMake module files
[1.018s] Level 1:colcon.colcon_core.environment:checking '/home/j/jferber/tutorial/my_robot_ws/install/my_robot_description' for CMake config files
[1.018s] Level 1:colcon.colcon_core.shell:create_environment_hook('my_robot_description', 'cmake_prefix_path')
[1.018s] INFO:colcon.colcon_core.shell:Creating environment hook '/home/j/jferber/tutorial/my_robot_ws/install/my_robot_description/share/my_robot_description/hook/cmake_prefix_path.ps1'
[1.031s] INFO:colcon.colcon_core.shell:Creating environment descriptor '/home/j/jferber/tutorial/my_robot_ws/install/my_robot_description/share/my_robot_description/hook/cmake_prefix_path.dsv'
[1.037s] INFO:colcon.colcon_core.shell:Creating environment hook '/home/j/jferber/tutorial/my_robot_ws/install/my_robot_description/share/my_robot_description/hook/cmake_prefix_path.sh'
[1.044s] Level 1:colcon.colcon_core.environment:checking '/home/j/jferber/tutorial/my_robot_ws/install/my_robot_description/bin'
[1.044s] Level 1:colcon.colcon_core.environment:checking '/home/j/jferber/tutorial/my_robot_ws/install/my_robot_description/lib/pkgconfig/my_robot_description.pc'
[1.044s] Level 1:colcon.colcon_core.environment:checking '/home/j/jferber/tutorial/my_robot_ws/install/my_robot_description/lib/python3.12/site-packages'
[1.044s] Level 1:colcon.colcon_core.environment:checking '/home/j/jferber/tutorial/my_robot_ws/install/my_robot_description/bin'
[1.045s] INFO:colcon.colcon_core.shell:Creating package script '/home/j/jferber/tutorial/my_robot_ws/install/my_robot_description/share/my_robot_description/package.ps1'
[1.049s] INFO:colcon.colcon_core.shell:Creating package descriptor '/home/j/jferber/tutorial/my_robot_ws/install/my_robot_description/share/my_robot_description/package.dsv'
[1.059s] INFO:colcon.colcon_core.shell:Creating package script '/home/j/jferber/tutorial/my_robot_ws/install/my_robot_description/share/my_robot_description/package.sh'
[1.083s] INFO:colcon.colcon_core.shell:Creating package script '/home/j/jferber/tutorial/my_robot_ws/install/my_robot_description/share/my_robot_description/package.bash'
[1.089s] INFO:colcon.colcon_core.shell:Creating package script '/home/j/jferber/tutorial/my_robot_ws/install/my_robot_description/share/my_robot_description/package.zsh'
[1.096s] Level 1:colcon.colcon_core.environment:create_file_with_runtime_dependencies(/home/j/jferber/tutorial/my_robot_ws/install/my_robot_description/share/colcon-core/packages/my_robot_description)
[1.109s] DEBUG:colcon.colcon_core.event_handler.log_command:Invoking command in '/home/j/jferber/tutorial/my_robot_ws/build/my_robot_control': DEBUGINFOD_URLS=https://debuginfod.ubuntu.com PYTHONPATH=/home/j/jferber/tutorial/my_robot_ws/build/my_robot_control/prefix_override:/usr/lib/python3/dist-packages/colcon_core/task/python/colcon_distutils_commands:/home/j/jferber/tutorial/my_robot_ws/install/my_robot_control/lib/python3.12/site-packages:${PYTHONPATH} /usr/bin/python3 -W ignore:setup.py install is deprecated -W ignore:easy_install command is deprecated setup.py develop --editable --build-directory /home/j/jferber/tutorial/my_robot_ws/build/my_robot_control/build --no-deps symlink_data
[1.657s] Level 1:colcon.colcon_core.shell:create_environment_hook('my_robot_control', 'pythonpath_develop')
[1.658s] INFO:colcon.colcon_core.shell:Creating environment hook '/home/j/jferber/tutorial/my_robot_ws/build/my_robot_control/share/my_robot_control/hook/pythonpath_develop.ps1'
[1.659s] DEBUG:colcon.colcon_core.event_handler.log_command:Invoked command in '/home/j/jferber/tutorial/my_robot_ws/build/my_robot_control' returned '0': DEBUGINFOD_URLS=https://debuginfod.ubuntu.com PYTHONPATH=/home/j/jferber/tutorial/my_robot_ws/build/my_robot_control/prefix_override:/usr/lib/python3/dist-packages/colcon_core/task/python/colcon_distutils_commands:/home/j/jferber/tutorial/my_robot_ws/install/my_robot_control/lib/python3.12/site-packages:${PYTHONPATH} /usr/bin/python3 -W ignore:setup.py install is deprecated -W ignore:easy_install command is deprecated setup.py develop --editable --build-directory /home/j/jferber/tutorial/my_robot_ws/build/my_robot_control/build --no-deps symlink_data
[1.674s] INFO:colcon.colcon_core.shell:Creating environment descriptor '/home/j/jferber/tutorial/my_robot_ws/build/my_robot_control/share/my_robot_control/hook/pythonpath_develop.dsv'
[1.681s] INFO:colcon.colcon_core.shell:Creating environment hook '/home/j/jferber/tutorial/my_robot_ws/build/my_robot_control/share/my_robot_control/hook/pythonpath_develop.sh'
[1.687s] Level 1:colcon.colcon_core.environment:checking '/home/j/jferber/tutorial/my_robot_ws/install/my_robot_control' for CMake module files
[1.688s] Level 1:colcon.colcon_core.environment:checking '/home/j/jferber/tutorial/my_robot_ws/install/my_robot_control' for CMake config files
[1.688s] Level 1:colcon.colcon_core.environment:checking '/home/j/jferber/tutorial/my_robot_ws/install/my_robot_control/lib'
[1.689s] Level 1:colcon.colcon_core.environment:checking '/home/j/jferber/tutorial/my_robot_ws/install/my_robot_control/bin'
[1.689s] Level 1:colcon.colcon_core.environment:checking '/home/j/jferber/tutorial/my_robot_ws/install/my_robot_control/lib/pkgconfig/my_robot_control.pc'
[1.689s] Level 1:colcon.colcon_core.environment:checking '/home/j/jferber/tutorial/my_robot_ws/install/my_robot_control/lib/python3.12/site-packages'
[1.689s] Level 1:colcon.colcon_core.shell:create_environment_hook('my_robot_control', 'pythonpath')
[1.689s] INFO:colcon.colcon_core.shell:Creating environment hook '/home/j/jferber/tutorial/my_robot_ws/install/my_robot_control/share/my_robot_control/hook/pythonpath.ps1'
[1.694s] INFO:colcon.colcon_core.shell:Creating environment descriptor '/home/j/jferber/tutorial/my_robot_ws/install/my_robot_control/share/my_robot_control/hook/pythonpath.dsv'
[1.697s] INFO:colcon.colcon_core.shell:Creating environment hook '/home/j/jferber/tutorial/my_robot_ws/install/my_robot_control/share/my_robot_control/hook/pythonpath.sh'
[1.702s] Level 1:colcon.colcon_core.environment:checking '/home/j/jferber/tutorial/my_robot_ws/install/my_robot_control/bin'
[1.702s] Level 1:colcon.colcon_core.environment:create_environment_scripts_only(my_robot_control)
[1.702s] INFO:colcon.colcon_core.shell:Creating package script '/home/j/jferber/tutorial/my_robot_ws/install/my_robot_control/share/my_robot_control/package.ps1'
[1.707s] INFO:colcon.colcon_core.shell:Creating package descriptor '/home/j/jferber/tutorial/my_robot_ws/install/my_robot_control/share/my_robot_control/package.dsv'
[1.711s] INFO:colcon.colcon_core.shell:Creating package script '/home/j/jferber/tutorial/my_robot_ws/install/my_robot_control/share/my_robot_control/package.sh'
[1.715s] INFO:colcon.colcon_core.shell:Creating package script '/home/j/jferber/tutorial/my_robot_ws/install/my_robot_control/share/my_robot_control/package.bash'
[1.722s] INFO:colcon.colcon_core.shell:Creating package script '/home/j/jferber/tutorial/my_robot_ws/install/my_robot_control/share/my_robot_control/package.zsh'
[1.728s] Level 1:colcon.colcon_core.environment:create_file_with_runtime_dependencies(/home/j/jferber/tutorial/my_robot_ws/install/my_robot_control/share/colcon-core/packages/my_robot_control)
[1.735s] DEBUG:colcon.colcon_parallel_executor.executor.parallel:closing loop
[1.735s] DEBUG:colcon.colcon_parallel_executor.executor.parallel:loop closed
[1.735s] DEBUG:colcon.colcon_parallel_executor.executor.parallel:run_until_complete finished with '0'
[1.735s] DEBUG:colcon.colcon_core.event_reactor:joining thread
[1.748s] INFO:colcon.colcon_core.plugin_system:Skipping extension 'colcon_notification.desktop_notification.notify_send': Could not find 'notify-send'
[1.748s] INFO:colcon.colcon_core.plugin_system:Skipping extension 'colcon_notification.desktop_notification.terminal_notifier': Not used on non-Darwin systems
[1.748s] INFO:colcon.colcon_core.plugin_system:Skipping extension 'colcon_notification.desktop_notification.win32': Not used on non-Windows systems
[1.748s] INFO:colcon.colcon_notification.desktop_notification:Sending desktop notification using 'notify2'
[1.748s] DEBUG:colcon.colcon_notification.desktop_notification.notify2:Failed to initialize notify2: org.freedesktop.DBus.Error.NotSupported: Unable to autolaunch a dbus-daemon without a $DISPLAY for X11
[1.748s] DEBUG:colcon.colcon_core.event_reactor:joined thread
[1.748s] INFO:colcon.colcon_core.shell:Creating prefix script '/home/j/jferber/tutorial/my_robot_ws/install/local_setup.ps1'
[1.753s] INFO:colcon.colcon_core.shell:Creating prefix util module '/home/j/jferber/tutorial/my_robot_ws/install/_local_setup_util_ps1.py'
[1.758s] INFO:colcon.colcon_core.shell:Creating prefix chain script '/home/j/jferber/tutorial/my_robot_ws/install/setup.ps1'
[1.765s] INFO:colcon.colcon_core.shell:Creating prefix script '/home/j/jferber/tutorial/my_robot_ws/install/local_setup.sh'
[1.770s] INFO:colcon.colcon_core.shell:Creating prefix util module '/home/j/jferber/tutorial/my_robot_ws/install/_local_setup_util_sh.py'
[1.774s] INFO:colcon.colcon_core.shell:Creating prefix chain script '/home/j/jferber/tutorial/my_robot_ws/install/setup.sh'
[1.777s] INFO:colcon.colcon_core.shell:Creating prefix script '/home/j/jferber/tutorial/my_robot_ws/install/local_setup.bash'
[1.782s] INFO:colcon.colcon_core.shell:Creating prefix chain script '/home/j/jferber/tutorial/my_robot_ws/install/setup.bash'
[1.788s] INFO:colcon.colcon_core.shell:Creating prefix script '/home/j/jferber/tutorial/my_robot_ws/install/local_setup.zsh'
[1.792s] INFO:colcon.colcon_core.shell:Creating prefix chain script '/home/j/jferber/tutorial/my_robot_ws/install/setup.zsh'
