running develop
running egg_info
creating my_robot_perception.egg-info
writing my_robot_perception.egg-info/PKG-INFO
writing dependency_links to my_robot_perception.egg-info/dependency_links.txt
writing entry points to my_robot_perception.egg-info/entry_points.txt
writing requirements to my_robot_perception.egg-info/requires.txt
writing top-level names to my_robot_perception.egg-info/top_level.txt
writing manifest file 'my_robot_perception.egg-info/SOURCES.txt'
reading manifest file 'my_robot_perception.egg-info/SOURCES.txt'
writing manifest file 'my_robot_perception.egg-info/SOURCES.txt'
running build_ext
Creating /home/j/jferber/tutorial/my_robot_ws/install/my_robot_perception/lib/python3.12/site-packages/my-robot-perception.egg-link (link to .)
Installing goal_checker_node script to /home/j/jferber/tutorial/my_robot_ws/install/my_robot_perception/lib/my_robot_perception
Installing scan_to_pointcloud_node script to /home/j/jferber/tutorial/my_robot_ws/install/my_robot_perception/lib/my_robot_perception

Installed /home/j/jferber/tutorial/my_robot_ws/build/my_robot_perception
running symlink_data
creating /home/j/jferber/tutorial/my_robot_ws/install/my_robot_perception/share/ament_index
creating /home/j/jferber/tutorial/my_robot_ws/install/my_robot_perception/share/ament_index/resource_index
creating /home/j/jferber/tutorial/my_robot_ws/install/my_robot_perception/share/ament_index/resource_index/packages
symbolically linking /home/j/jferber/tutorial/my_robot_ws/build/my_robot_perception/resource/my_robot_perception -> /home/j/jferber/tutorial/my_robot_ws/install/my_robot_perception/share/ament_index/resource_index/packages
symbolically linking /home/j/jferber/tutorial/my_robot_ws/build/my_robot_perception/package.xml -> /home/j/jferber/tutorial/my_robot_ws/install/my_robot_perception/share/my_robot_perception
