[1.584s] Invoking command in '/home/j/jferber/tutorial/my_robot_ws/build/my_robot_perception': DEBUGINFOD_URLS=https://debuginfod.ubuntu.com PYTHONPATH=/home/j/jferber/tutorial/my_robot_ws/build/my_robot_perception/prefix_override:/usr/lib/python3/dist-packages/colcon_core/task/python/colcon_distutils_commands:/home/j/jferber/tutorial/my_robot_ws/install/my_robot_perception/lib/python3.12/site-packages:${PYTHONPATH} /usr/bin/python3 -W ignore:setup.py install is deprecated -W ignore:easy_install command is deprecated setup.py develop --editable --build-directory /home/j/jferber/tutorial/my_robot_ws/build/my_robot_perception/build --no-deps symlink_data
[1.991s] running develop
[2.253s] running egg_info
[2.253s] creating my_robot_perception.egg-info
[2.313s] writing my_robot_perception.egg-info/PKG-INFO
[2.315s] writing dependency_links to my_robot_perception.egg-info/dependency_links.txt
[2.315s] writing entry points to my_robot_perception.egg-info/entry_points.txt
[2.316s] writing requirements to my_robot_perception.egg-info/requires.txt
[2.316s] writing top-level names to my_robot_perception.egg-info/top_level.txt
[2.317s] writing manifest file 'my_robot_perception.egg-info/SOURCES.txt'
[2.372s] reading manifest file 'my_robot_perception.egg-info/SOURCES.txt'
[2.382s] writing manifest file 'my_robot_perception.egg-info/SOURCES.txt'
[2.408s] running build_ext
[2.408s] Creating /home/j/jferber/tutorial/my_robot_ws/install/my_robot_perception/lib/python3.12/site-packages/my-robot-perception.egg-link (link to .)
[2.410s] Installing goal_checker_node script to /home/j/jferber/tutorial/my_robot_ws/install/my_robot_perception/lib/my_robot_perception
[2.412s] Installing scan_to_pointcloud_node script to /home/j/jferber/tutorial/my_robot_ws/install/my_robot_perception/lib/my_robot_perception
[2.413s] 
[2.413s] Installed /home/j/jferber/tutorial/my_robot_ws/build/my_robot_perception
[2.413s] running symlink_data
[2.413s] creating /home/j/jferber/tutorial/my_robot_ws/install/my_robot_perception/share/ament_index
[2.414s] creating /home/j/jferber/tutorial/my_robot_ws/install/my_robot_perception/share/ament_index/resource_index
[2.414s] creating /home/j/jferber/tutorial/my_robot_ws/install/my_robot_perception/share/ament_index/resource_index/packages
[2.415s] symbolically linking /home/j/jferber/tutorial/my_robot_ws/build/my_robot_perception/resource/my_robot_perception -> /home/j/jferber/tutorial/my_robot_ws/install/my_robot_perception/share/ament_index/resource_index/packages
[2.416s] symbolically linking /home/j/jferber/tutorial/my_robot_ws/build/my_robot_perception/package.xml -> /home/j/jferber/tutorial/my_robot_ws/install/my_robot_perception/share/my_robot_perception
[2.520s] Invoked command in '/home/j/jferber/tutorial/my_robot_ws/build/my_robot_perception' returned '0': DEBUGINFOD_URLS=https://debuginfod.ubuntu.com PYTHONPATH=/home/j/jferber/tutorial/my_robot_ws/build/my_robot_perception/prefix_override:/usr/lib/python3/dist-packages/colcon_core/task/python/colcon_distutils_commands:/home/j/jferber/tutorial/my_robot_ws/install/my_robot_perception/lib/python3.12/site-packages:${PYTHONPATH} /usr/bin/python3 -W ignore:setup.py install is deprecated -W ignore:easy_install command is deprecated setup.py develop --editable --build-directory /home/j/jferber/tutorial/my_robot_ws/build/my_robot_perception/build --no-deps symlink_data
