[0.228s] Invoking command in '/home/j/jferber/tutorial/my_robot_ws/build/my_robot_interfaces': CMAKE_PREFIX_PATH=${CMAKE_PREFIX_PATH}:/opt/ros/jazzy DEBUGINFOD_URLS=https://debuginfod.ubuntu.com /usr/bin/cmake --build /home/j/jferber/tutorial/my_robot_ws/build/my_robot_interfaces -- -j32 -l32
[1.073s] [  2%] Built target my_robot_interfaces__rosidl_generator_type_description
[1.180s] [  5%] Built target my_robot_interfaces__rs
[1.180s] [  5%] Built target ament_cmake_python_symlink_my_robot_interfaces
[1.319s] [  8%] Built target my_robot_interfaces__cpp
[1.569s] [ 22%] Built target my_robot_interfaces__rosidl_generator_c
[1.742s] running egg_info
[1.787s] writing my_robot_interfaces.egg-info/PKG-INFO
[1.801s] writing dependency_links to my_robot_interfaces.egg-info/dependency_links.txt
[1.812s] writing top-level names to my_robot_interfaces.egg-info/top_level.txt
[1.922s] [ 31%] Built target my_robot_interfaces__rosidl_typesupport_c
[1.936s] [ 45%] Built target my_robot_interfaces__rosidl_typesupport_introspection_cpp
[1.949s] [ 54%] Built target my_robot_interfaces__rosidl_typesupport_cpp
[1.951s] reading manifest file 'my_robot_interfaces.egg-info/SOURCES.txt'
[2.028s] [ 65%] Built target my_robot_interfaces__rosidl_typesupport_fastrtps_c
[2.028s] [ 65%] Built target my_robot_interfaces__rosidl_typesupport_fastrtps_cpp
[2.031s] writing manifest file 'my_robot_interfaces.egg-info/SOURCES.txt'
[2.031s] [ 74%] Built target my_robot_interfaces__rosidl_typesupport_introspection_c
[2.081s] [ 74%] Built target ament_cmake_python_build_my_robot_interfaces_egg
[2.260s] [ 74%] Built target my_robot_interfaces
[2.626s] [ 77%] Built target my_robot_interfaces__py
[2.920s] [ 82%] Built target my_robot_interfaces__rosidl_generator_py
[3.227s] [ 88%] Built target my_robot_interfaces_s__rosidl_typesupport_c
[3.297s] [ 94%] Built target my_robot_interfaces_s__rosidl_typesupport_introspection_c
[3.378s] [100%] Built target my_robot_interfaces_s__rosidl_typesupport_fastrtps_c
[3.432s] Invoked command in '/home/j/jferber/tutorial/my_robot_ws/build/my_robot_interfaces' returned '0': CMAKE_PREFIX_PATH=${CMAKE_PREFIX_PATH}:/opt/ros/jazzy DEBUGINFOD_URLS=https://debuginfod.ubuntu.com /usr/bin/cmake --build /home/j/jferber/tutorial/my_robot_ws/build/my_robot_interfaces -- -j32 -l32
[3.486s] Invoking command in '/home/j/jferber/tutorial/my_robot_ws/build/my_robot_interfaces': CMAKE_PREFIX_PATH=${CMAKE_PREFIX_PATH}:/opt/ros/jazzy DEBUGINFOD_URLS=https://debuginfod.ubuntu.com /usr/bin/cmake --install /home/j/jferber/tutorial/my_robot_ws/build/my_robot_interfaces
[3.535s] -- Install configuration: ""
[3.570s] -- Execute custom install script
[3.577s] -- Up-to-date symlink: /home/j/jferber/tutorial/my_robot_ws/install/my_robot_interfaces/share/ament_index/resource_index/rosidl_interfaces/my_robot_interfaces
[3.582s] -- Up-to-date symlink: /home/j/jferber/tutorial/my_robot_ws/install/my_robot_interfaces/share/my_robot_interfaces/action/SetVelocity.json
[3.601s] -- Up-to-date symlink: /home/j/jferber/tutorial/my_robot_ws/install/my_robot_interfaces/include/my_robot_interfaces/my_robot_interfaces/action/detail/set_velocity__functions.h
[3.601s] -- Up-to-date symlink: /home/j/jferber/tutorial/my_robot_ws/install/my_robot_interfaces/include/my_robot_interfaces/my_robot_interfaces/action/detail/set_velocity__struct.h
[3.601s] -- Up-to-date symlink: /home/j/jferber/tutorial/my_robot_ws/install/my_robot_interfaces/include/my_robot_interfaces/my_robot_interfaces/action/detail/set_velocity__type_support.h
[3.602s] -- Up-to-date symlink: /home/j/jferber/tutorial/my_robot_ws/install/my_robot_interfaces/include/my_robot_interfaces/my_robot_interfaces/action/set_velocity.h
[3.602s] -- Up-to-date symlink: /home/j/jferber/tutorial/my_robot_ws/install/my_robot_interfaces/include/my_robot_interfaces/my_robot_interfaces/msg/rosidl_generator_c__visibility_control.h
[3.602s] -- Up-to-date symlink: /home/j/jferber/tutorial/my_robot_ws/install/my_robot_interfaces/share/my_robot_interfaces/environment/library_path.sh
[3.603s] -- Up-to-date symlink: /home/j/jferber/tutorial/my_robot_ws/install/my_robot_interfaces/share/my_robot_interfaces/environment/library_path.dsv
[3.607s] -- Up-to-date symlink: /home/j/jferber/tutorial/my_robot_ws/install/my_robot_interfaces/include/my_robot_interfaces/my_robot_interfaces/action/detail/set_velocity__rosidl_typesupport_fastrtps_c.h
[3.608s] -- Up-to-date symlink: /home/j/jferber/tutorial/my_robot_ws/install/my_robot_interfaces/include/my_robot_interfaces/my_robot_interfaces/msg/rosidl_typesupport_fastrtps_c__visibility_control.h
[3.617s] -- Up-to-date symlink: /home/j/jferber/tutorial/my_robot_ws/install/my_robot_interfaces/include/my_robot_interfaces/my_robot_interfaces/action/detail/set_velocity__rosidl_typesupport_introspection_c.h
[3.619s] -- Up-to-date symlink: /home/j/jferber/tutorial/my_robot_ws/install/my_robot_interfaces/include/my_robot_interfaces/my_robot_interfaces/msg/rosidl_typesupport_introspection_c__visibility_control.h
[3.630s] -- Up-to-date symlink: /home/j/jferber/tutorial/my_robot_ws/install/my_robot_interfaces/include/my_robot_interfaces/my_robot_interfaces/action/detail/set_velocity__builder.hpp
[3.631s] -- Up-to-date symlink: /home/j/jferber/tutorial/my_robot_ws/install/my_robot_interfaces/include/my_robot_interfaces/my_robot_interfaces/action/detail/set_velocity__struct.hpp
[3.632s] -- Up-to-date symlink: /home/j/jferber/tutorial/my_robot_ws/install/my_robot_interfaces/include/my_robot_interfaces/my_robot_interfaces/action/detail/set_velocity__traits.hpp
[3.635s] -- Up-to-date symlink: /home/j/jferber/tutorial/my_robot_ws/install/my_robot_interfaces/include/my_robot_interfaces/my_robot_interfaces/action/detail/set_velocity__type_support.hpp
[3.636s] -- Up-to-date symlink: /home/j/jferber/tutorial/my_robot_ws/install/my_robot_interfaces/include/my_robot_interfaces/my_robot_interfaces/action/set_velocity.hpp
[3.637s] -- Up-to-date symlink: /home/j/jferber/tutorial/my_robot_ws/install/my_robot_interfaces/include/my_robot_interfaces/my_robot_interfaces/msg/rosidl_generator_cpp__visibility_control.hpp
[3.643s] -- Up-to-date symlink: /home/j/jferber/tutorial/my_robot_ws/install/my_robot_interfaces/include/my_robot_interfaces/my_robot_interfaces/action/detail/set_velocity__rosidl_typesupport_fastrtps_cpp.hpp
[3.644s] -- Up-to-date symlink: /home/j/jferber/tutorial/my_robot_ws/install/my_robot_interfaces/include/my_robot_interfaces/my_robot_interfaces/msg/rosidl_typesupport_fastrtps_cpp__visibility_control.h
[3.648s] -- Up-to-date symlink: /home/j/jferber/tutorial/my_robot_ws/install/my_robot_interfaces/include/my_robot_interfaces/my_robot_interfaces/action/detail/set_velocity__rosidl_typesupport_introspection_cpp.hpp
[3.649s] -- Up-to-date symlink: /home/j/jferber/tutorial/my_robot_ws/install/my_robot_interfaces/share/my_robot_interfaces/environment/pythonpath.sh
[3.650s] -- Up-to-date symlink: /home/j/jferber/tutorial/my_robot_ws/install/my_robot_interfaces/share/my_robot_interfaces/environment/pythonpath.dsv
[3.659s] -- Up-to-date symlink: /home/j/jferber/tutorial/my_robot_ws/install/my_robot_interfaces/lib/python3.12/site-packages/my_robot_interfaces-0.0.1-py3.12.egg-info/PKG-INFO
[3.660s] -- Up-to-date symlink: /home/j/jferber/tutorial/my_robot_ws/install/my_robot_interfaces/lib/python3.12/site-packages/my_robot_interfaces-0.0.1-py3.12.egg-info/SOURCES.txt
[3.662s] -- Up-to-date symlink: /home/j/jferber/tutorial/my_robot_ws/install/my_robot_interfaces/lib/python3.12/site-packages/my_robot_interfaces-0.0.1-py3.12.egg-info/dependency_links.txt
[3.662s] -- Up-to-date symlink: /home/j/jferber/tutorial/my_robot_ws/install/my_robot_interfaces/lib/python3.12/site-packages/my_robot_interfaces-0.0.1-py3.12.egg-info/top_level.txt
[3.665s] -- Up-to-date symlink: /home/j/jferber/tutorial/my_robot_ws/install/my_robot_interfaces/lib/python3.12/site-packages/my_robot_interfaces/__init__.py
[3.666s] -- Up-to-date symlink: /home/j/jferber/tutorial/my_robot_ws/install/my_robot_interfaces/lib/python3.12/site-packages/my_robot_interfaces/_my_robot_interfaces_s.ep.rosidl_typesupport_c.c
[3.667s] -- Up-to-date symlink: /home/j/jferber/tutorial/my_robot_ws/install/my_robot_interfaces/lib/python3.12/site-packages/my_robot_interfaces/_my_robot_interfaces_s.ep.rosidl_typesupport_fastrtps_c.c
[3.668s] -- Up-to-date symlink: /home/j/jferber/tutorial/my_robot_ws/install/my_robot_interfaces/lib/python3.12/site-packages/my_robot_interfaces/_my_robot_interfaces_s.ep.rosidl_typesupport_introspection_c.c
[3.670s] -- Up-to-date symlink: /home/j/jferber/tutorial/my_robot_ws/install/my_robot_interfaces/lib/python3.12/site-packages/my_robot_interfaces/action/__init__.py
[3.671s] -- Up-to-date symlink: /home/j/jferber/tutorial/my_robot_ws/install/my_robot_interfaces/lib/python3.12/site-packages/my_robot_interfaces/action/_set_velocity.py
[3.672s] -- Up-to-date symlink: /home/j/jferber/tutorial/my_robot_ws/install/my_robot_interfaces/lib/python3.12/site-packages/my_robot_interfaces/action/_set_velocity_s.c
[3.674s] -- Up-to-date symlink: /home/j/jferber/tutorial/my_robot_ws/install/my_robot_interfaces/lib/python3.12/site-packages/my_robot_interfaces/my_robot_interfaces_s__rosidl_typesupport_c.so
[3.675s] -- Up-to-date symlink: /home/j/jferber/tutorial/my_robot_ws/install/my_robot_interfaces/lib/python3.12/site-packages/my_robot_interfaces/my_robot_interfaces_s__rosidl_typesupport_fastrtps_c.so
[3.676s] -- Up-to-date symlink: /home/j/jferber/tutorial/my_robot_ws/install/my_robot_interfaces/lib/python3.12/site-packages/my_robot_interfaces/my_robot_interfaces_s__rosidl_typesupport_introspection_c.so
[3.727s] -- Up-to-date symlink: /home/j/jferber/tutorial/my_robot_ws/install/my_robot_interfaces/lib/python3.12/site-packages/my_robot_interfaces/my_robot_interfaces_s__rosidl_typesupport_fastrtps_c.so
[3.751s] -- Up-to-date symlink: /home/j/jferber/tutorial/my_robot_ws/install/my_robot_interfaces/lib/python3.12/site-packages/my_robot_interfaces/my_robot_interfaces_s__rosidl_typesupport_introspection_c.so
[3.863s] -- Up-to-date symlink: /home/j/jferber/tutorial/my_robot_ws/install/my_robot_interfaces/lib/python3.12/site-packages/my_robot_interfaces/my_robot_interfaces_s__rosidl_typesupport_c.so
[3.870s] -- Up-to-date symlink: /home/j/jferber/tutorial/my_robot_ws/install/my_robot_interfaces/share/ament_index/resource_index/rust_packages/my_robot_interfaces
[3.875s] -- Up-to-date symlink: /home/j/jferber/tutorial/my_robot_ws/install/my_robot_interfaces/share/my_robot_interfaces/rust/Cargo.toml
[3.875s] -- Up-to-date symlink: /home/j/jferber/tutorial/my_robot_ws/install/my_robot_interfaces/share/my_robot_interfaces/rust/build.rs
[3.877s] -- Up-to-date symlink: /home/j/jferber/tutorial/my_robot_ws/install/my_robot_interfaces/share/my_robot_interfaces/rust/src/action.rs
[3.880s] -- Up-to-date symlink: /home/j/jferber/tutorial/my_robot_ws/install/my_robot_interfaces/share/my_robot_interfaces/rust/src/action/rmw.rs
[3.881s] -- Up-to-date symlink: /home/j/jferber/tutorial/my_robot_ws/install/my_robot_interfaces/share/my_robot_interfaces/rust/src/lib.rs
[3.882s] -- Up-to-date symlink: /home/j/jferber/tutorial/my_robot_ws/install/my_robot_interfaces/share/my_robot_interfaces/action/SetVelocity.idl
[3.882s] -- Up-to-date symlink: /home/j/jferber/tutorial/my_robot_ws/install/my_robot_interfaces/share/my_robot_interfaces/action/SetVelocity.action
[3.884s] -- Up-to-date symlink: /home/j/jferber/tutorial/my_robot_ws/install/my_robot_interfaces/share/ament_index/resource_index/package_run_dependencies/my_robot_interfaces
[3.887s] -- Up-to-date symlink: /home/j/jferber/tutorial/my_robot_ws/install/my_robot_interfaces/share/ament_index/resource_index/parent_prefix_path/my_robot_interfaces
[3.888s] -- Up-to-date symlink: /home/j/jferber/tutorial/my_robot_ws/install/my_robot_interfaces/share/my_robot_interfaces/environment/ament_prefix_path.sh
[3.888s] -- Up-to-date symlink: /home/j/jferber/tutorial/my_robot_ws/install/my_robot_interfaces/share/my_robot_interfaces/environment/ament_prefix_path.dsv
[3.889s] -- Up-to-date symlink: /home/j/jferber/tutorial/my_robot_ws/install/my_robot_interfaces/share/my_robot_interfaces/environment/path.sh
[3.890s] -- Up-to-date symlink: /home/j/jferber/tutorial/my_robot_ws/install/my_robot_interfaces/share/my_robot_interfaces/environment/path.dsv
[3.891s] -- Up-to-date symlink: /home/j/jferber/tutorial/my_robot_ws/install/my_robot_interfaces/share/my_robot_interfaces/local_setup.bash
[3.891s] -- Up-to-date symlink: /home/j/jferber/tutorial/my_robot_ws/install/my_robot_interfaces/share/my_robot_interfaces/local_setup.sh
[3.892s] -- Up-to-date symlink: /home/j/jferber/tutorial/my_robot_ws/install/my_robot_interfaces/share/my_robot_interfaces/local_setup.zsh
[3.894s] -- Up-to-date symlink: /home/j/jferber/tutorial/my_robot_ws/install/my_robot_interfaces/share/my_robot_interfaces/local_setup.dsv
[3.895s] -- Symlinking: /home/j/jferber/tutorial/my_robot_ws/install/my_robot_interfaces/share/my_robot_interfaces/package.dsv
[3.925s] -- Up-to-date symlink: /home/j/jferber/tutorial/my_robot_ws/install/my_robot_interfaces/share/ament_index/resource_index/packages/my_robot_interfaces
[3.930s] -- Up-to-date symlink: /home/j/jferber/tutorial/my_robot_ws/install/my_robot_interfaces/share/my_robot_interfaces/cmake/rosidl_cmake-extras.cmake
[3.931s] -- Up-to-date symlink: /home/j/jferber/tutorial/my_robot_ws/install/my_robot_interfaces/share/my_robot_interfaces/cmake/ament_cmake_export_dependencies-extras.cmake
[3.932s] -- Up-to-date symlink: /home/j/jferber/tutorial/my_robot_ws/install/my_robot_interfaces/share/my_robot_interfaces/cmake/ament_cmake_export_include_directories-extras.cmake
[3.937s] -- Up-to-date symlink: /home/j/jferber/tutorial/my_robot_ws/install/my_robot_interfaces/share/my_robot_interfaces/cmake/ament_cmake_export_libraries-extras.cmake
[3.938s] -- Up-to-date symlink: /home/j/jferber/tutorial/my_robot_ws/install/my_robot_interfaces/share/my_robot_interfaces/cmake/ament_cmake_export_targets-extras.cmake
[3.939s] -- Up-to-date symlink: /home/j/jferber/tutorial/my_robot_ws/install/my_robot_interfaces/share/my_robot_interfaces/cmake/rosidl_cmake_export_typesupport_targets-extras.cmake
[3.941s] -- Up-to-date symlink: /home/j/jferber/tutorial/my_robot_ws/install/my_robot_interfaces/share/my_robot_interfaces/cmake/rosidl_cmake_export_typesupport_libraries-extras.cmake
[3.942s] -- Up-to-date symlink: /home/j/jferber/tutorial/my_robot_ws/install/my_robot_interfaces/share/my_robot_interfaces/cmake/my_robot_interfacesConfig.cmake
[3.943s] -- Up-to-date symlink: /home/j/jferber/tutorial/my_robot_ws/install/my_robot_interfaces/share/my_robot_interfaces/cmake/my_robot_interfacesConfig-version.cmake
[3.944s] -- Up-to-date symlink: /home/j/jferber/tutorial/my_robot_ws/install/my_robot_interfaces/share/my_robot_interfaces/package.xml
[3.985s] -- Up-to-date: /home/j/jferber/tutorial/my_robot_ws/install/my_robot_interfaces/lib/libmy_robot_interfaces__rosidl_generator_c.so
[4.014s] -- Up-to-date: /home/j/jferber/tutorial/my_robot_ws/install/my_robot_interfaces/lib/libmy_robot_interfaces__rosidl_typesupport_fastrtps_c.so
[4.043s] -- Up-to-date: /home/j/jferber/tutorial/my_robot_ws/install/my_robot_interfaces/lib/libmy_robot_interfaces__rosidl_typesupport_introspection_c.so
[4.074s] -- Up-to-date: /home/j/jferber/tutorial/my_robot_ws/install/my_robot_interfaces/lib/libmy_robot_interfaces__rosidl_typesupport_c.so
[4.175s] -- Up-to-date: /home/j/jferber/tutorial/my_robot_ws/install/my_robot_interfaces/lib/libmy_robot_interfaces__rosidl_typesupport_fastrtps_cpp.so
[4.258s] -- Up-to-date: /home/j/jferber/tutorial/my_robot_ws/install/my_robot_interfaces/lib/libmy_robot_interfaces__rosidl_typesupport_introspection_cpp.so
[4.296s] -- Up-to-date: /home/j/jferber/tutorial/my_robot_ws/install/my_robot_interfaces/lib/libmy_robot_interfaces__rosidl_typesupport_cpp.so
[4.469s] Listing '/home/j/jferber/tutorial/my_robot_ws/install/my_robot_interfaces/lib/python3.12/site-packages/my_robot_interfaces'...
[4.469s] Listing '/home/j/jferber/tutorial/my_robot_ws/install/my_robot_interfaces/lib/python3.12/site-packages/my_robot_interfaces/action'...
[4.499s] -- Up-to-date: /home/j/jferber/tutorial/my_robot_ws/install/my_robot_interfaces/lib/libmy_robot_interfaces__rosidl_generator_py.so
[4.770s] -- Up-to-date: /home/j/jferber/tutorial/my_robot_ws/install/my_robot_interfaces/share/my_robot_interfaces/cmake/export_my_robot_interfaces__rosidl_generator_cExport.cmake
[4.771s] -- Up-to-date: /home/j/jferber/tutorial/my_robot_ws/install/my_robot_interfaces/share/my_robot_interfaces/cmake/export_my_robot_interfaces__rosidl_generator_cExport-noconfig.cmake
[5.018s] -- Up-to-date: /home/j/jferber/tutorial/my_robot_ws/install/my_robot_interfaces/share/my_robot_interfaces/cmake/export_my_robot_interfaces__rosidl_typesupport_fastrtps_cExport.cmake
[5.018s] -- Up-to-date: /home/j/jferber/tutorial/my_robot_ws/install/my_robot_interfaces/share/my_robot_interfaces/cmake/export_my_robot_interfaces__rosidl_typesupport_fastrtps_cExport-noconfig.cmake
[5.140s] -- Up-to-date: /home/j/jferber/tutorial/my_robot_ws/install/my_robot_interfaces/share/my_robot_interfaces/cmake/my_robot_interfaces__rosidl_typesupport_introspection_cExport.cmake
[5.142s] -- Up-to-date: /home/j/jferber/tutorial/my_robot_ws/install/my_robot_interfaces/share/my_robot_interfaces/cmake/my_robot_interfaces__rosidl_typesupport_introspection_cExport-noconfig.cmake
[5.195s] -- Up-to-date: /home/j/jferber/tutorial/my_robot_ws/install/my_robot_interfaces/share/my_robot_interfaces/cmake/my_robot_interfaces__rosidl_typesupport_cExport.cmake
[5.196s] -- Up-to-date: /home/j/jferber/tutorial/my_robot_ws/install/my_robot_interfaces/share/my_robot_interfaces/cmake/my_robot_interfaces__rosidl_typesupport_cExport-noconfig.cmake
[5.259s] -- Up-to-date: /home/j/jferber/tutorial/my_robot_ws/install/my_robot_interfaces/share/my_robot_interfaces/cmake/export_my_robot_interfaces__rosidl_generator_cppExport.cmake
[5.336s] -- Up-to-date: /home/j/jferber/tutorial/my_robot_ws/install/my_robot_interfaces/share/my_robot_interfaces/cmake/export_my_robot_interfaces__rosidl_typesupport_fastrtps_cppExport.cmake
[5.339s] -- Up-to-date: /home/j/jferber/tutorial/my_robot_ws/install/my_robot_interfaces/share/my_robot_interfaces/cmake/export_my_robot_interfaces__rosidl_typesupport_fastrtps_cppExport-noconfig.cmake
[5.397s] -- Up-to-date: /home/j/jferber/tutorial/my_robot_ws/install/my_robot_interfaces/share/my_robot_interfaces/cmake/my_robot_interfaces__rosidl_typesupport_introspection_cppExport.cmake
[5.398s] -- Up-to-date: /home/j/jferber/tutorial/my_robot_ws/install/my_robot_interfaces/share/my_robot_interfaces/cmake/my_robot_interfaces__rosidl_typesupport_introspection_cppExport-noconfig.cmake
[5.471s] -- Up-to-date: /home/j/jferber/tutorial/my_robot_ws/install/my_robot_interfaces/share/my_robot_interfaces/cmake/my_robot_interfaces__rosidl_typesupport_cppExport.cmake
[5.472s] -- Up-to-date: /home/j/jferber/tutorial/my_robot_ws/install/my_robot_interfaces/share/my_robot_interfaces/cmake/my_robot_interfaces__rosidl_typesupport_cppExport-noconfig.cmake
[5.532s] -- Up-to-date: /home/j/jferber/tutorial/my_robot_ws/install/my_robot_interfaces/share/my_robot_interfaces/cmake/export_my_robot_interfaces__rosidl_generator_pyExport.cmake
[5.534s] -- Up-to-date: /home/j/jferber/tutorial/my_robot_ws/install/my_robot_interfaces/share/my_robot_interfaces/cmake/export_my_robot_interfaces__rosidl_generator_pyExport-noconfig.cmake
[5.608s] Invoked command in '/home/j/jferber/tutorial/my_robot_ws/build/my_robot_interfaces' returned '0': CMAKE_PREFIX_PATH=${CMAKE_PREFIX_PATH}:/opt/ros/jazzy DEBUGINFOD_URLS=https://debuginfod.ubuntu.com /usr/bin/cmake --install /home/j/jferber/tutorial/my_robot_ws/build/my_robot_interfaces
