[0.198s] DEBUG:colcon:Command line arguments: ['/usr/bin/colcon', 'build', '--symlink-install']
[0.198s] DEBUG:colcon:Parsed command line arguments: Namespace(log_base=None, log_level=None, verb_name='build', build_base='build', install_base='install', merge_install=False, symlink_install=True, test_result_base=None, continue_on_error=False, executor='parallel', parallel_workers=32, event_handlers=None, ignore_user_meta=False, metas=['./colcon.meta'], base_paths=['.'], packages_ignore=None, packages_ignore_regex=None, paths=None, packages_up_to=None, packages_up_to_regex=None, packages_above=None, packages_above_and_dependencies=None, packages_above_depth=None, packages_select_by_dep=None, packages_skip_by_dep=None, packages_skip_up_to=None, packages_select_build_failed=False, packages_skip_build_finished=False, packages_select_test_failures=False, packages_skip_test_passed=False, packages_select=None, packages_skip=None, packages_select_regex=None, packages_skip_regex=None, packages_start=None, packages_end=None, cmake_args=None, cmake_target=None, cmake_target_skip_unavailable=False, cmake_clean_cache=False, cmake_clean_first=False, cmake_force_configure=False, ament_cmake_args=None, catkin_cmake_args=None, catkin_skip_building_tests=False, mixin_files=None, mixin=None, verb_parser=<colcon_mixin.mixin.mixin_argument.MixinArgumentDecorator object at 0x7f626c79f9b0>, verb_extension=<colcon_core.verb.build.BuildVerb object at 0x7f626c8f7ef0>, main=<bound method BuildVerb.main of <colcon_core.verb.build.BuildVerb object at 0x7f626c8f7ef0>>, mixin_verb=('build',))
[0.351s] Level 1:colcon.colcon_core.package_discovery:discover_packages(colcon_meta) check parameters
[0.352s] Level 1:colcon.colcon_core.package_discovery:discover_packages(recursive) check parameters
[0.352s] Level 1:colcon.colcon_core.package_discovery:discover_packages(ignore) check parameters
[0.352s] Level 1:colcon.colcon_core.package_discovery:discover_packages(path) check parameters
[0.352s] Level 1:colcon.colcon_core.package_discovery:discover_packages(colcon_meta) discover
[0.352s] Level 1:colcon.colcon_core.package_discovery:discover_packages(recursive) discover
[0.352s] INFO:colcon.colcon_core.package_discovery:Crawling recursively for packages in '/home/j/jferber/tutorial/my_robot_ws'
[0.352s] Level 1:colcon.colcon_core.package_identification:_identify(.) by extensions ['ignore', 'ignore_ament_install']
[0.352s] Level 1:colcon.colcon_core.package_identification:_identify(.) by extension 'ignore'
[0.352s] Level 1:colcon.colcon_core.package_identification:_identify(.) by extension 'ignore_ament_install'
[0.352s] Level 1:colcon.colcon_core.package_identification:_identify(.) by extensions ['colcon_pkg']
[0.352s] Level 1:colcon.colcon_core.package_identification:_identify(.) by extension 'colcon_pkg'
[0.352s] Level 1:colcon.colcon_core.package_identification:_identify(.) by extensions ['colcon_meta']
[0.352s] Level 1:colcon.colcon_core.package_identification:_identify(.) by extension 'colcon_meta'
[0.352s] Level 1:colcon.colcon_core.package_identification:_identify(.) by extensions ['ros']
[0.353s] Level 1:colcon.colcon_core.package_identification:_identify(.) by extension 'ros'
[0.401s] Level 1:colcon.colcon_core.package_identification:_identify(.) by extensions ['cmake', 'python']
[0.401s] Level 1:colcon.colcon_core.package_identification:_identify(.) by extension 'cmake'
[0.401s] Level 1:colcon.colcon_core.package_identification:_identify(.) by extension 'python'
[0.401s] Level 1:colcon.colcon_core.package_identification:_identify(.) by extensions ['python_setup_py']
[0.401s] Level 1:colcon.colcon_core.package_identification:_identify(.) by extension 'python_setup_py'
[0.403s] Level 1:colcon.colcon_core.package_identification:_identify(build) by extensions ['ignore', 'ignore_ament_install']
[0.403s] Level 1:colcon.colcon_core.package_identification:_identify(build) by extension 'ignore'
[0.403s] Level 1:colcon.colcon_core.package_identification:_identify(build) ignored
[0.404s] Level 1:colcon.colcon_core.package_identification:_identify(install) by extensions ['ignore', 'ignore_ament_install']
[0.404s] Level 1:colcon.colcon_core.package_identification:_identify(install) by extension 'ignore'
[0.404s] Level 1:colcon.colcon_core.package_identification:_identify(install) ignored
[0.405s] Level 1:colcon.colcon_core.package_identification:_identify(log) by extensions ['ignore', 'ignore_ament_install']
[0.405s] Level 1:colcon.colcon_core.package_identification:_identify(log) by extension 'ignore'
[0.405s] Level 1:colcon.colcon_core.package_identification:_identify(log) ignored
[0.405s] Level 1:colcon.colcon_core.package_identification:_identify(src) by extensions ['ignore', 'ignore_ament_install']
[0.405s] Level 1:colcon.colcon_core.package_identification:_identify(src) by extension 'ignore'
[0.405s] Level 1:colcon.colcon_core.package_identification:_identify(src) by extension 'ignore_ament_install'
[0.405s] Level 1:colcon.colcon_core.package_identification:_identify(src) by extensions ['colcon_pkg']
[0.405s] Level 1:colcon.colcon_core.package_identification:_identify(src) by extension 'colcon_pkg'
[0.405s] Level 1:colcon.colcon_core.package_identification:_identify(src) by extensions ['colcon_meta']
[0.405s] Level 1:colcon.colcon_core.package_identification:_identify(src) by extension 'colcon_meta'
[0.406s] Level 1:colcon.colcon_core.package_identification:_identify(src) by extensions ['ros']
[0.406s] Level 1:colcon.colcon_core.package_identification:_identify(src) by extension 'ros'
[0.406s] Level 1:colcon.colcon_core.package_identification:_identify(src) by extensions ['cmake', 'python']
[0.406s] Level 1:colcon.colcon_core.package_identification:_identify(src) by extension 'cmake'
[0.406s] Level 1:colcon.colcon_core.package_identification:_identify(src) by extension 'python'
[0.406s] Level 1:colcon.colcon_core.package_identification:_identify(src) by extensions ['python_setup_py']
[0.406s] Level 1:colcon.colcon_core.package_identification:_identify(src) by extension 'python_setup_py'
[0.407s] Level 1:colcon.colcon_core.package_identification:_identify(src/my_robot_bringup) by extensions ['ignore', 'ignore_ament_install']
[0.407s] Level 1:colcon.colcon_core.package_identification:_identify(src/my_robot_bringup) by extension 'ignore'
[0.407s] Level 1:colcon.colcon_core.package_identification:_identify(src/my_robot_bringup) by extension 'ignore_ament_install'
[0.407s] Level 1:colcon.colcon_core.package_identification:_identify(src/my_robot_bringup) by extensions ['colcon_pkg']
[0.407s] Level 1:colcon.colcon_core.package_identification:_identify(src/my_robot_bringup) by extension 'colcon_pkg'
[0.407s] Level 1:colcon.colcon_core.package_identification:_identify(src/my_robot_bringup) by extensions ['colcon_meta']
[0.407s] Level 1:colcon.colcon_core.package_identification:_identify(src/my_robot_bringup) by extension 'colcon_meta'
[0.407s] Level 1:colcon.colcon_core.package_identification:_identify(src/my_robot_bringup) by extensions ['ros']
[0.407s] Level 1:colcon.colcon_core.package_identification:_identify(src/my_robot_bringup) by extension 'ros'
[0.437s] DEBUG:colcon.colcon_core.package_identification:Package 'src/my_robot_bringup' with type 'ros.ament_cmake' and name 'my_robot_bringup'
[0.438s] Level 1:colcon.colcon_core.package_identification:_identify(src/my_robot_control) by extensions ['ignore', 'ignore_ament_install']
[0.438s] Level 1:colcon.colcon_core.package_identification:_identify(src/my_robot_control) by extension 'ignore'
[0.438s] Level 1:colcon.colcon_core.package_identification:_identify(src/my_robot_control) by extension 'ignore_ament_install'
[0.438s] Level 1:colcon.colcon_core.package_identification:_identify(src/my_robot_control) by extensions ['colcon_pkg']
[0.438s] Level 1:colcon.colcon_core.package_identification:_identify(src/my_robot_control) by extension 'colcon_pkg'
[0.438s] Level 1:colcon.colcon_core.package_identification:_identify(src/my_robot_control) by extensions ['colcon_meta']
[0.438s] Level 1:colcon.colcon_core.package_identification:_identify(src/my_robot_control) by extension 'colcon_meta'
[0.438s] Level 1:colcon.colcon_core.package_identification:_identify(src/my_robot_control) by extensions ['ros']
[0.438s] Level 1:colcon.colcon_core.package_identification:_identify(src/my_robot_control) by extension 'ros'
[0.464s] DEBUG:colcon.colcon_core.package_identification:Package 'src/my_robot_control' with type 'ros.ament_python' and name 'my_robot_control'
[0.466s] Level 1:colcon.colcon_core.package_identification:_identify(src/my_robot_description) by extensions ['ignore', 'ignore_ament_install']
[0.466s] Level 1:colcon.colcon_core.package_identification:_identify(src/my_robot_description) by extension 'ignore'
[0.466s] Level 1:colcon.colcon_core.package_identification:_identify(src/my_robot_description) by extension 'ignore_ament_install'
[0.466s] Level 1:colcon.colcon_core.package_identification:_identify(src/my_robot_description) by extensions ['colcon_pkg']
[0.466s] Level 1:colcon.colcon_core.package_identification:_identify(src/my_robot_description) by extension 'colcon_pkg'
[0.466s] Level 1:colcon.colcon_core.package_identification:_identify(src/my_robot_description) by extensions ['colcon_meta']
[0.466s] Level 1:colcon.colcon_core.package_identification:_identify(src/my_robot_description) by extension 'colcon_meta'
[0.466s] Level 1:colcon.colcon_core.package_identification:_identify(src/my_robot_description) by extensions ['ros']
[0.466s] Level 1:colcon.colcon_core.package_identification:_identify(src/my_robot_description) by extension 'ros'
[0.660s] DEBUG:colcon.colcon_core.package_identification:Package 'src/my_robot_description' with type 'ros.ament_cmake' and name 'my_robot_description'
[0.661s] Level 1:colcon.colcon_core.package_identification:_identify(src/my_robot_interfaces) by extensions ['ignore', 'ignore_ament_install']
[0.661s] Level 1:colcon.colcon_core.package_identification:_identify(src/my_robot_interfaces) by extension 'ignore'
[0.661s] Level 1:colcon.colcon_core.package_identification:_identify(src/my_robot_interfaces) by extension 'ignore_ament_install'
[0.661s] Level 1:colcon.colcon_core.package_identification:_identify(src/my_robot_interfaces) by extensions ['colcon_pkg']
[0.661s] Level 1:colcon.colcon_core.package_identification:_identify(src/my_robot_interfaces) by extension 'colcon_pkg'
[0.661s] Level 1:colcon.colcon_core.package_identification:_identify(src/my_robot_interfaces) by extensions ['colcon_meta']
[0.661s] Level 1:colcon.colcon_core.package_identification:_identify(src/my_robot_interfaces) by extension 'colcon_meta'
[0.661s] Level 1:colcon.colcon_core.package_identification:_identify(src/my_robot_interfaces) by extensions ['ros']
[0.661s] Level 1:colcon.colcon_core.package_identification:_identify(src/my_robot_interfaces) by extension 'ros'
[0.721s] DEBUG:colcon.colcon_core.package_identification:Package 'src/my_robot_interfaces' with type 'ros.ament_cmake' and name 'my_robot_interfaces'
[0.722s] Level 1:colcon.colcon_core.package_identification:_identify(src/my_robot_nav) by extensions ['ignore', 'ignore_ament_install']
[0.722s] Level 1:colcon.colcon_core.package_identification:_identify(src/my_robot_nav) by extension 'ignore'
[0.722s] Level 1:colcon.colcon_core.package_identification:_identify(src/my_robot_nav) by extension 'ignore_ament_install'
[0.722s] Level 1:colcon.colcon_core.package_identification:_identify(src/my_robot_nav) by extensions ['colcon_pkg']
[0.722s] Level 1:colcon.colcon_core.package_identification:_identify(src/my_robot_nav) by extension 'colcon_pkg'
[0.722s] Level 1:colcon.colcon_core.package_identification:_identify(src/my_robot_nav) by extensions ['colcon_meta']
[0.722s] Level 1:colcon.colcon_core.package_identification:_identify(src/my_robot_nav) by extension 'colcon_meta'
[0.722s] Level 1:colcon.colcon_core.package_identification:_identify(src/my_robot_nav) by extensions ['ros']
[0.722s] Level 1:colcon.colcon_core.package_identification:_identify(src/my_robot_nav) by extension 'ros'
[0.724s] DEBUG:colcon.colcon_core.package_identification:Package 'src/my_robot_nav' with type 'ros.ament_python' and name 'my_robot_nav'
[0.724s] Level 1:colcon.colcon_core.package_identification:_identify(src/my_robot_perception) by extensions ['ignore', 'ignore_ament_install']
[0.725s] Level 1:colcon.colcon_core.package_identification:_identify(src/my_robot_perception) by extension 'ignore'
[0.725s] Level 1:colcon.colcon_core.package_identification:_identify(src/my_robot_perception) by extension 'ignore_ament_install'
[0.725s] Level 1:colcon.colcon_core.package_identification:_identify(src/my_robot_perception) by extensions ['colcon_pkg']
[0.725s] Level 1:colcon.colcon_core.package_identification:_identify(src/my_robot_perception) by extension 'colcon_pkg'
[0.725s] Level 1:colcon.colcon_core.package_identification:_identify(src/my_robot_perception) by extensions ['colcon_meta']
[0.725s] Level 1:colcon.colcon_core.package_identification:_identify(src/my_robot_perception) by extension 'colcon_meta'
[0.725s] Level 1:colcon.colcon_core.package_identification:_identify(src/my_robot_perception) by extensions ['ros']
[0.725s] Level 1:colcon.colcon_core.package_identification:_identify(src/my_robot_perception) by extension 'ros'
[0.755s] DEBUG:colcon.colcon_core.package_identification:Package 'src/my_robot_perception' with type 'ros.ament_python' and name 'my_robot_perception'
[0.755s] Level 1:colcon.colcon_core.package_discovery:discover_packages(recursive) using defaults
[0.755s] Level 1:colcon.colcon_core.package_discovery:discover_packages(ignore) discover
[0.755s] Level 1:colcon.colcon_core.package_discovery:discover_packages(ignore) using defaults
[0.755s] Level 1:colcon.colcon_core.package_discovery:discover_packages(path) discover
[0.755s] Level 1:colcon.colcon_core.package_discovery:discover_packages(path) using defaults
[0.861s] Level 5:colcon.colcon_core.verb:set package 'my_robot_bringup' build argument 'cmake_args' from command line to 'None'
[0.861s] Level 5:colcon.colcon_core.verb:set package 'my_robot_bringup' build argument 'cmake_target' from command line to 'None'
[0.861s] Level 5:colcon.colcon_core.verb:set package 'my_robot_bringup' build argument 'cmake_target_skip_unavailable' from command line to 'False'
[0.861s] Level 5:colcon.colcon_core.verb:set package 'my_robot_bringup' build argument 'cmake_clean_cache' from command line to 'False'
[0.861s] Level 5:colcon.colcon_core.verb:set package 'my_robot_bringup' build argument 'cmake_clean_first' from command line to 'False'
[0.861s] Level 5:colcon.colcon_core.verb:set package 'my_robot_bringup' build argument 'cmake_force_configure' from command line to 'False'
[0.861s] Level 5:colcon.colcon_core.verb:set package 'my_robot_bringup' build argument 'ament_cmake_args' from command line to 'None'
[0.861s] Level 5:colcon.colcon_core.verb:set package 'my_robot_bringup' build argument 'catkin_cmake_args' from command line to 'None'
[0.861s] Level 5:colcon.colcon_core.verb:set package 'my_robot_bringup' build argument 'catkin_skip_building_tests' from command line to 'False'
[0.861s] DEBUG:colcon.colcon_core.verb:Building package 'my_robot_bringup' with the following arguments: {'ament_cmake_args': None, 'build_base': '/home/j/jferber/tutorial/my_robot_ws/build/my_robot_bringup', 'catkin_cmake_args': None, 'catkin_skip_building_tests': False, 'cmake_args': None, 'cmake_clean_cache': False, 'cmake_clean_first': False, 'cmake_force_configure': False, 'cmake_target': None, 'cmake_target_skip_unavailable': False, 'install_base': '/home/j/jferber/tutorial/my_robot_ws/install/my_robot_bringup', 'merge_install': False, 'path': '/home/j/jferber/tutorial/my_robot_ws/src/my_robot_bringup', 'symlink_install': True, 'test_result_base': None}
[0.862s] Level 5:colcon.colcon_core.verb:set package 'my_robot_control' build argument 'cmake_args' from command line to 'None'
[0.862s] Level 5:colcon.colcon_core.verb:set package 'my_robot_control' build argument 'cmake_target' from command line to 'None'
[0.862s] Level 5:colcon.colcon_core.verb:set package 'my_robot_control' build argument 'cmake_target_skip_unavailable' from command line to 'False'
[0.862s] Level 5:colcon.colcon_core.verb:set package 'my_robot_control' build argument 'cmake_clean_cache' from command line to 'False'
[0.862s] Level 5:colcon.colcon_core.verb:set package 'my_robot_control' build argument 'cmake_clean_first' from command line to 'False'
[0.862s] Level 5:colcon.colcon_core.verb:set package 'my_robot_control' build argument 'cmake_force_configure' from command line to 'False'
[0.862s] Level 5:colcon.colcon_core.verb:set package 'my_robot_control' build argument 'ament_cmake_args' from command line to 'None'
[0.862s] Level 5:colcon.colcon_core.verb:set package 'my_robot_control' build argument 'catkin_cmake_args' from command line to 'None'
[0.862s] Level 5:colcon.colcon_core.verb:set package 'my_robot_control' build argument 'catkin_skip_building_tests' from command line to 'False'
[0.862s] DEBUG:colcon.colcon_core.verb:Building package 'my_robot_control' with the following arguments: {'ament_cmake_args': None, 'build_base': '/home/j/jferber/tutorial/my_robot_ws/build/my_robot_control', 'catkin_cmake_args': None, 'catkin_skip_building_tests': False, 'cmake_args': None, 'cmake_clean_cache': False, 'cmake_clean_first': False, 'cmake_force_configure': False, 'cmake_target': None, 'cmake_target_skip_unavailable': False, 'install_base': '/home/j/jferber/tutorial/my_robot_ws/install/my_robot_control', 'merge_install': False, 'path': '/home/j/jferber/tutorial/my_robot_ws/src/my_robot_control', 'symlink_install': True, 'test_result_base': None}
[0.862s] Level 5:colcon.colcon_core.verb:set package 'my_robot_description' build argument 'cmake_args' from command line to 'None'
[0.862s] Level 5:colcon.colcon_core.verb:set package 'my_robot_description' build argument 'cmake_target' from command line to 'None'
[0.862s] Level 5:colcon.colcon_core.verb:set package 'my_robot_description' build argument 'cmake_target_skip_unavailable' from command line to 'False'
[0.862s] Level 5:colcon.colcon_core.verb:set package 'my_robot_description' build argument 'cmake_clean_cache' from command line to 'False'
[0.862s] Level 5:colcon.colcon_core.verb:set package 'my_robot_description' build argument 'cmake_clean_first' from command line to 'False'
[0.862s] Level 5:colcon.colcon_core.verb:set package 'my_robot_description' build argument 'cmake_force_configure' from command line to 'False'
[0.862s] Level 5:colcon.colcon_core.verb:set package 'my_robot_description' build argument 'ament_cmake_args' from command line to 'None'
[0.862s] Level 5:colcon.colcon_core.verb:set package 'my_robot_description' build argument 'catkin_cmake_args' from command line to 'None'
[0.862s] Level 5:colcon.colcon_core.verb:set package 'my_robot_description' build argument 'catkin_skip_building_tests' from command line to 'False'
[0.862s] DEBUG:colcon.colcon_core.verb:Building package 'my_robot_description' with the following arguments: {'ament_cmake_args': None, 'build_base': '/home/j/jferber/tutorial/my_robot_ws/build/my_robot_description', 'catkin_cmake_args': None, 'catkin_skip_building_tests': False, 'cmake_args': None, 'cmake_clean_cache': False, 'cmake_clean_first': False, 'cmake_force_configure': False, 'cmake_target': None, 'cmake_target_skip_unavailable': False, 'install_base': '/home/j/jferber/tutorial/my_robot_ws/install/my_robot_description', 'merge_install': False, 'path': '/home/j/jferber/tutorial/my_robot_ws/src/my_robot_description', 'symlink_install': True, 'test_result_base': None}
[0.863s] Level 5:colcon.colcon_core.verb:set package 'my_robot_interfaces' build argument 'cmake_args' from command line to 'None'
[0.863s] Level 5:colcon.colcon_core.verb:set package 'my_robot_interfaces' build argument 'cmake_target' from command line to 'None'
[0.863s] Level 5:colcon.colcon_core.verb:set package 'my_robot_interfaces' build argument 'cmake_target_skip_unavailable' from command line to 'False'
[0.863s] Level 5:colcon.colcon_core.verb:set package 'my_robot_interfaces' build argument 'cmake_clean_cache' from command line to 'False'
[0.863s] Level 5:colcon.colcon_core.verb:set package 'my_robot_interfaces' build argument 'cmake_clean_first' from command line to 'False'
[0.863s] Level 5:colcon.colcon_core.verb:set package 'my_robot_interfaces' build argument 'cmake_force_configure' from command line to 'False'
[0.863s] Level 5:colcon.colcon_core.verb:set package 'my_robot_interfaces' build argument 'ament_cmake_args' from command line to 'None'
[0.863s] Level 5:colcon.colcon_core.verb:set package 'my_robot_interfaces' build argument 'catkin_cmake_args' from command line to 'None'
[0.863s] Level 5:colcon.colcon_core.verb:set package 'my_robot_interfaces' build argument 'catkin_skip_building_tests' from command line to 'False'
[0.863s] DEBUG:colcon.colcon_core.verb:Building package 'my_robot_interfaces' with the following arguments: {'ament_cmake_args': None, 'build_base': '/home/j/jferber/tutorial/my_robot_ws/build/my_robot_interfaces', 'catkin_cmake_args': None, 'catkin_skip_building_tests': False, 'cmake_args': None, 'cmake_clean_cache': False, 'cmake_clean_first': False, 'cmake_force_configure': False, 'cmake_target': None, 'cmake_target_skip_unavailable': False, 'install_base': '/home/j/jferber/tutorial/my_robot_ws/install/my_robot_interfaces', 'merge_install': False, 'path': '/home/j/jferber/tutorial/my_robot_ws/src/my_robot_interfaces', 'symlink_install': True, 'test_result_base': None}
[0.863s] Level 5:colcon.colcon_core.verb:set package 'my_robot_perception' build argument 'cmake_args' from command line to 'None'
[0.863s] Level 5:colcon.colcon_core.verb:set package 'my_robot_perception' build argument 'cmake_target' from command line to 'None'
[0.863s] Level 5:colcon.colcon_core.verb:set package 'my_robot_perception' build argument 'cmake_target_skip_unavailable' from command line to 'False'
[0.863s] Level 5:colcon.colcon_core.verb:set package 'my_robot_perception' build argument 'cmake_clean_cache' from command line to 'False'
[0.863s] Level 5:colcon.colcon_core.verb:set package 'my_robot_perception' build argument 'cmake_clean_first' from command line to 'False'
[0.863s] Level 5:colcon.colcon_core.verb:set package 'my_robot_perception' build argument 'cmake_force_configure' from command line to 'False'
[0.863s] Level 5:colcon.colcon_core.verb:set package 'my_robot_perception' build argument 'ament_cmake_args' from command line to 'None'
[0.863s] Level 5:colcon.colcon_core.verb:set package 'my_robot_perception' build argument 'catkin_cmake_args' from command line to 'None'
[0.863s] Level 5:colcon.colcon_core.verb:set package 'my_robot_perception' build argument 'catkin_skip_building_tests' from command line to 'False'
[0.863s] DEBUG:colcon.colcon_core.verb:Building package 'my_robot_perception' with the following arguments: {'ament_cmake_args': None, 'build_base': '/home/j/jferber/tutorial/my_robot_ws/build/my_robot_perception', 'catkin_cmake_args': None, 'catkin_skip_building_tests': False, 'cmake_args': None, 'cmake_clean_cache': False, 'cmake_clean_first': False, 'cmake_force_configure': False, 'cmake_target': None, 'cmake_target_skip_unavailable': False, 'install_base': '/home/j/jferber/tutorial/my_robot_ws/install/my_robot_perception', 'merge_install': False, 'path': '/home/j/jferber/tutorial/my_robot_ws/src/my_robot_perception', 'symlink_install': True, 'test_result_base': None}
[0.864s] Level 5:colcon.colcon_core.verb:set package 'my_robot_nav' build argument 'cmake_args' from command line to 'None'
[0.864s] Level 5:colcon.colcon_core.verb:set package 'my_robot_nav' build argument 'cmake_target' from command line to 'None'
[0.864s] Level 5:colcon.colcon_core.verb:set package 'my_robot_nav' build argument 'cmake_target_skip_unavailable' from command line to 'False'
[0.864s] Level 5:colcon.colcon_core.verb:set package 'my_robot_nav' build argument 'cmake_clean_cache' from command line to 'False'
[0.864s] Level 5:colcon.colcon_core.verb:set package 'my_robot_nav' build argument 'cmake_clean_first' from command line to 'False'
[0.864s] Level 5:colcon.colcon_core.verb:set package 'my_robot_nav' build argument 'cmake_force_configure' from command line to 'False'
[0.864s] Level 5:colcon.colcon_core.verb:set package 'my_robot_nav' build argument 'ament_cmake_args' from command line to 'None'
[0.864s] Level 5:colcon.colcon_core.verb:set package 'my_robot_nav' build argument 'catkin_cmake_args' from command line to 'None'
[0.864s] Level 5:colcon.colcon_core.verb:set package 'my_robot_nav' build argument 'catkin_skip_building_tests' from command line to 'False'
[0.864s] DEBUG:colcon.colcon_core.verb:Building package 'my_robot_nav' with the following arguments: {'ament_cmake_args': None, 'build_base': '/home/j/jferber/tutorial/my_robot_ws/build/my_robot_nav', 'catkin_cmake_args': None, 'catkin_skip_building_tests': False, 'cmake_args': None, 'cmake_clean_cache': False, 'cmake_clean_first': False, 'cmake_force_configure': False, 'cmake_target': None, 'cmake_target_skip_unavailable': False, 'install_base': '/home/j/jferber/tutorial/my_robot_ws/install/my_robot_nav', 'merge_install': False, 'path': '/home/j/jferber/tutorial/my_robot_ws/src/my_robot_nav', 'symlink_install': True, 'test_result_base': None}
[0.864s] INFO:colcon.colcon_core.executor:Executing jobs using 'parallel' executor
[0.865s] DEBUG:colcon.colcon_parallel_executor.executor.parallel:run_until_complete
[0.866s] INFO:colcon.colcon_ros.task.ament_cmake.build:Building ROS package in '/home/j/jferber/tutorial/my_robot_ws/src/my_robot_interfaces' with build type 'ament_cmake'
[0.866s] INFO:colcon.colcon_cmake.task.cmake.build:Building CMake package in '/home/j/jferber/tutorial/my_robot_ws/src/my_robot_interfaces'
[0.869s] INFO:colcon.colcon_core.plugin_system:Skipping extension 'colcon_core.shell.bat': Not used on non-Windows systems
[0.869s] INFO:colcon.colcon_core.shell:Skip shell extension 'powershell' for command environment: Not usable outside of PowerShell
[0.869s] DEBUG:colcon.colcon_core.shell:Skip shell extension 'dsv' for command environment
[0.884s] INFO:colcon.colcon_ros.task.ament_python.build:Building ROS package in '/home/j/jferber/tutorial/my_robot_ws/src/my_robot_perception' with build type 'ament_python'
[0.884s] Level 1:colcon.colcon_core.shell:create_environment_hook('my_robot_perception', 'ament_prefix_path')
[0.884s] INFO:colcon.colcon_core.shell:Creating environment hook '/home/j/jferber/tutorial/my_robot_ws/install/my_robot_perception/share/my_robot_perception/hook/ament_prefix_path.ps1'
[0.896s] INFO:colcon.colcon_core.shell:Creating environment descriptor '/home/j/jferber/tutorial/my_robot_ws/install/my_robot_perception/share/my_robot_perception/hook/ament_prefix_path.dsv'
[0.904s] INFO:colcon.colcon_core.shell:Creating environment hook '/home/j/jferber/tutorial/my_robot_ws/install/my_robot_perception/share/my_robot_perception/hook/ament_prefix_path.sh'
[0.911s] INFO:colcon.colcon_core.shell:Skip shell extension 'powershell' for command environment: Not usable outside of PowerShell
[0.912s] DEBUG:colcon.colcon_core.shell:Skip shell extension 'dsv' for command environment
[0.925s] INFO:colcon.colcon_ros.task.ament_cmake.build:Building ROS package in '/home/j/jferber/tutorial/my_robot_ws/src/my_robot_bringup' with build type 'ament_cmake'
[0.925s] INFO:colcon.colcon_cmake.task.cmake.build:Building CMake package in '/home/j/jferber/tutorial/my_robot_ws/src/my_robot_bringup'
[0.925s] INFO:colcon.colcon_core.shell:Skip shell extension 'powershell' for command environment: Not usable outside of PowerShell
[0.925s] DEBUG:colcon.colcon_core.shell:Skip shell extension 'dsv' for command environment
[0.951s] INFO:colcon.colcon_ros.task.ament_python.build:Building ROS package in '/home/j/jferber/tutorial/my_robot_ws/src/my_robot_control' with build type 'ament_python'
[0.951s] Level 1:colcon.colcon_core.shell:create_environment_hook('my_robot_control', 'ament_prefix_path')
[0.951s] INFO:colcon.colcon_core.shell:Creating environment hook '/home/j/jferber/tutorial/my_robot_ws/install/my_robot_control/share/my_robot_control/hook/ament_prefix_path.ps1'
[0.961s] INFO:colcon.colcon_core.shell:Creating environment descriptor '/home/j/jferber/tutorial/my_robot_ws/install/my_robot_control/share/my_robot_control/hook/ament_prefix_path.dsv'
[0.965s] INFO:colcon.colcon_core.shell:Creating environment hook '/home/j/jferber/tutorial/my_robot_ws/install/my_robot_control/share/my_robot_control/hook/ament_prefix_path.sh'
[0.970s] INFO:colcon.colcon_core.shell:Skip shell extension 'powershell' for command environment: Not usable outside of PowerShell
[0.970s] DEBUG:colcon.colcon_core.shell:Skip shell extension 'dsv' for command environment
[0.979s] INFO:colcon.colcon_ros.task.ament_cmake.build:Building ROS package in '/home/j/jferber/tutorial/my_robot_ws/src/my_robot_description' with build type 'ament_cmake'
[0.980s] INFO:colcon.colcon_cmake.task.cmake.build:Building CMake package in '/home/j/jferber/tutorial/my_robot_ws/src/my_robot_description'
[0.980s] INFO:colcon.colcon_core.shell:Skip shell extension 'powershell' for command environment: Not usable outside of PowerShell
[0.980s] DEBUG:colcon.colcon_core.shell:Skip shell extension 'dsv' for command environment
[1.092s] DEBUG:colcon.colcon_core.event_handler.log_command:Invoking command in '/home/j/jferber/tutorial/my_robot_ws/build/my_robot_interfaces': CMAKE_PREFIX_PATH=${CMAKE_PREFIX_PATH}:/opt/ros/jazzy DEBUGINFOD_URLS=https://debuginfod.ubuntu.com /usr/bin/cmake --build /home/j/jferber/tutorial/my_robot_ws/build/my_robot_interfaces -- -j32 -l32
[1.355s] INFO:colcon.colcon_core.task.python.build:Building Python package in '/home/j/jferber/tutorial/my_robot_ws/src/my_robot_perception'
[1.355s] INFO:colcon.colcon_core.shell:Skip shell extension 'powershell' for command environment: Not usable outside of PowerShell
[1.355s] DEBUG:colcon.colcon_core.shell:Skip shell extension 'dsv' for command environment
[1.452s] DEBUG:colcon.colcon_core.event_handler.log_command:Invoking command in '/home/j/jferber/tutorial/my_robot_ws/build/my_robot_bringup': CMAKE_PREFIX_PATH=${CMAKE_PREFIX_PATH}:/opt/ros/jazzy DEBUGINFOD_URLS=https://debuginfod.ubuntu.com /usr/bin/cmake --build /home/j/jferber/tutorial/my_robot_ws/build/my_robot_bringup -- -j32 -l32
[1.713s] INFO:colcon.colcon_core.task.python.build:Building Python package in '/home/j/jferber/tutorial/my_robot_ws/src/my_robot_control'
[1.714s] INFO:colcon.colcon_core.shell:Skip shell extension 'powershell' for command environment: Not usable outside of PowerShell
[1.714s] DEBUG:colcon.colcon_core.shell:Skip shell extension 'dsv' for command environment
[1.731s] DEBUG:colcon.colcon_core.event_handler.log_command:Invoked command in '/home/j/jferber/tutorial/my_robot_ws/build/my_robot_bringup' returned '0': CMAKE_PREFIX_PATH=${CMAKE_PREFIX_PATH}:/opt/ros/jazzy DEBUGINFOD_URLS=https://debuginfod.ubuntu.com /usr/bin/cmake --build /home/j/jferber/tutorial/my_robot_ws/build/my_robot_bringup -- -j32 -l32
[1.828s] DEBUG:colcon.colcon_core.event_handler.log_command:Invoking command in '/home/j/jferber/tutorial/my_robot_ws/build/my_robot_bringup': CMAKE_PREFIX_PATH=${CMAKE_PREFIX_PATH}:/opt/ros/jazzy DEBUGINFOD_URLS=https://debuginfod.ubuntu.com /usr/bin/cmake --install /home/j/jferber/tutorial/my_robot_ws/build/my_robot_bringup
[1.893s] DEBUG:colcon.colcon_core.event_handler.log_command:Invoking command in '/home/j/jferber/tutorial/my_robot_ws/build/my_robot_description': CMAKE_PREFIX_PATH=${CMAKE_PREFIX_PATH}:/opt/ros/jazzy DEBUGINFOD_URLS=https://debuginfod.ubuntu.com /usr/bin/cmake --build /home/j/jferber/tutorial/my_robot_ws/build/my_robot_description -- -j32 -l32
[2.135s] Level 1:colcon.colcon_core.environment:create_environment_scripts_only(my_robot_bringup)
[2.137s] DEBUG:colcon.colcon_core.event_handler.log_command:Invoked command in '/home/j/jferber/tutorial/my_robot_ws/build/my_robot_bringup' returned '0': CMAKE_PREFIX_PATH=${CMAKE_PREFIX_PATH}:/opt/ros/jazzy DEBUGINFOD_URLS=https://debuginfod.ubuntu.com /usr/bin/cmake --install /home/j/jferber/tutorial/my_robot_ws/build/my_robot_bringup
[2.140s] Level 1:colcon.colcon_core.environment:checking '/home/j/jferber/tutorial/my_robot_ws/install/my_robot_bringup' for CMake module files
[2.144s] Level 1:colcon.colcon_core.environment:checking '/home/j/jferber/tutorial/my_robot_ws/install/my_robot_bringup' for CMake config files
[2.153s] Level 1:colcon.colcon_core.shell:create_environment_hook('my_robot_bringup', 'cmake_prefix_path')
[2.153s] INFO:colcon.colcon_core.shell:Creating environment hook '/home/j/jferber/tutorial/my_robot_ws/install/my_robot_bringup/share/my_robot_bringup/hook/cmake_prefix_path.ps1'
[2.158s] INFO:colcon.colcon_core.shell:Creating environment descriptor '/home/j/jferber/tutorial/my_robot_ws/install/my_robot_bringup/share/my_robot_bringup/hook/cmake_prefix_path.dsv'
[2.161s] INFO:colcon.colcon_core.shell:Creating environment hook '/home/j/jferber/tutorial/my_robot_ws/install/my_robot_bringup/share/my_robot_bringup/hook/cmake_prefix_path.sh'
[2.165s] Level 1:colcon.colcon_core.environment:checking '/home/j/jferber/tutorial/my_robot_ws/install/my_robot_bringup/bin'
[2.165s] Level 1:colcon.colcon_core.environment:checking '/home/j/jferber/tutorial/my_robot_ws/install/my_robot_bringup/lib/pkgconfig/my_robot_bringup.pc'
[2.166s] Level 1:colcon.colcon_core.environment:checking '/home/j/jferber/tutorial/my_robot_ws/install/my_robot_bringup/lib/python3.12/site-packages'
[2.166s] Level 1:colcon.colcon_core.environment:checking '/home/j/jferber/tutorial/my_robot_ws/install/my_robot_bringup/bin'
[2.166s] INFO:colcon.colcon_core.shell:Creating package script '/home/j/jferber/tutorial/my_robot_ws/install/my_robot_bringup/share/my_robot_bringup/package.ps1'
[2.172s] INFO:colcon.colcon_core.shell:Creating package descriptor '/home/j/jferber/tutorial/my_robot_ws/install/my_robot_bringup/share/my_robot_bringup/package.dsv'
[2.174s] INFO:colcon.colcon_core.shell:Creating package script '/home/j/jferber/tutorial/my_robot_ws/install/my_robot_bringup/share/my_robot_bringup/package.sh'
[2.179s] INFO:colcon.colcon_core.shell:Creating package script '/home/j/jferber/tutorial/my_robot_ws/install/my_robot_bringup/share/my_robot_bringup/package.bash'
[2.185s] INFO:colcon.colcon_core.shell:Creating package script '/home/j/jferber/tutorial/my_robot_ws/install/my_robot_bringup/share/my_robot_bringup/package.zsh'
[2.189s] Level 1:colcon.colcon_core.environment:create_file_with_runtime_dependencies(/home/j/jferber/tutorial/my_robot_ws/install/my_robot_bringup/share/colcon-core/packages/my_robot_bringup)
[2.193s] Level 1:colcon.colcon_core.environment:create_environment_scripts_only(my_robot_bringup)
[2.193s] Level 1:colcon.colcon_core.environment:checking '/home/j/jferber/tutorial/my_robot_ws/install/my_robot_bringup' for CMake module files
[2.195s] Level 1:colcon.colcon_core.environment:checking '/home/j/jferber/tutorial/my_robot_ws/install/my_robot_bringup' for CMake config files
[2.196s] Level 1:colcon.colcon_core.shell:create_environment_hook('my_robot_bringup', 'cmake_prefix_path')
[2.196s] INFO:colcon.colcon_core.shell:Creating environment hook '/home/j/jferber/tutorial/my_robot_ws/install/my_robot_bringup/share/my_robot_bringup/hook/cmake_prefix_path.ps1'
[2.442s] INFO:colcon.colcon_core.shell:Creating environment descriptor '/home/j/jferber/tutorial/my_robot_ws/install/my_robot_bringup/share/my_robot_bringup/hook/cmake_prefix_path.dsv'
[2.447s] INFO:colcon.colcon_core.shell:Creating environment hook '/home/j/jferber/tutorial/my_robot_ws/install/my_robot_bringup/share/my_robot_bringup/hook/cmake_prefix_path.sh'
[2.451s] Level 1:colcon.colcon_core.environment:checking '/home/j/jferber/tutorial/my_robot_ws/install/my_robot_bringup/bin'
[2.452s] Level 1:colcon.colcon_core.environment:checking '/home/j/jferber/tutorial/my_robot_ws/install/my_robot_bringup/lib/pkgconfig/my_robot_bringup.pc'
[2.452s] Level 1:colcon.colcon_core.environment:checking '/home/j/jferber/tutorial/my_robot_ws/install/my_robot_bringup/lib/python3.12/site-packages'
[2.452s] Level 1:colcon.colcon_core.environment:checking '/home/j/jferber/tutorial/my_robot_ws/install/my_robot_bringup/bin'
[2.453s] INFO:colcon.colcon_core.shell:Creating package script '/home/j/jferber/tutorial/my_robot_ws/install/my_robot_bringup/share/my_robot_bringup/package.ps1'
[2.458s] INFO:colcon.colcon_core.shell:Creating package descriptor '/home/j/jferber/tutorial/my_robot_ws/install/my_robot_bringup/share/my_robot_bringup/package.dsv'
[2.463s] INFO:colcon.colcon_core.shell:Creating package script '/home/j/jferber/tutorial/my_robot_ws/install/my_robot_bringup/share/my_robot_bringup/package.sh'
[2.467s] INFO:colcon.colcon_core.shell:Creating package script '/home/j/jferber/tutorial/my_robot_ws/install/my_robot_bringup/share/my_robot_bringup/package.bash'
[2.472s] INFO:colcon.colcon_core.shell:Creating package script '/home/j/jferber/tutorial/my_robot_ws/install/my_robot_bringup/share/my_robot_bringup/package.zsh'
[2.478s] Level 1:colcon.colcon_core.environment:create_file_with_runtime_dependencies(/home/j/jferber/tutorial/my_robot_ws/install/my_robot_bringup/share/colcon-core/packages/my_robot_bringup)
[2.492s] DEBUG:colcon.colcon_core.event_handler.log_command:Invoked command in '/home/j/jferber/tutorial/my_robot_ws/build/my_robot_description' returned '0': CMAKE_PREFIX_PATH=${CMAKE_PREFIX_PATH}:/opt/ros/jazzy DEBUGINFOD_URLS=https://debuginfod.ubuntu.com /usr/bin/cmake --build /home/j/jferber/tutorial/my_robot_ws/build/my_robot_description -- -j32 -l32
[2.582s] DEBUG:colcon.colcon_core.event_handler.log_command:Invoking command in '/home/j/jferber/tutorial/my_robot_ws/build/my_robot_description': CMAKE_PREFIX_PATH=${CMAKE_PREFIX_PATH}:/opt/ros/jazzy DEBUGINFOD_URLS=https://debuginfod.ubuntu.com /usr/bin/cmake --install /home/j/jferber/tutorial/my_robot_ws/build/my_robot_description
[2.749s] DEBUG:colcon.colcon_core.event_handler.log_command:Invoking command in '/home/j/jferber/tutorial/my_robot_ws/build/my_robot_control': DEBUGINFOD_URLS=https://debuginfod.ubuntu.com PYTHONPATH=/home/j/jferber/tutorial/my_robot_ws/build/my_robot_control/prefix_override:/usr/lib/python3/dist-packages/colcon_core/task/python/colcon_distutils_commands:/home/j/jferber/tutorial/my_robot_ws/install/my_robot_control/lib/python3.12/site-packages:${PYTHONPATH} /usr/bin/python3 -W ignore:setup.py install is deprecated -W ignore:easy_install command is deprecated setup.py develop --editable --build-directory /home/j/jferber/tutorial/my_robot_ws/build/my_robot_control/build --no-deps symlink_data
[2.757s] DEBUG:colcon.colcon_core.event_handler.log_command:Invoking command in '/home/j/jferber/tutorial/my_robot_ws/build/my_robot_perception': DEBUGINFOD_URLS=https://debuginfod.ubuntu.com PYTHONPATH=/home/j/jferber/tutorial/my_robot_ws/build/my_robot_perception/prefix_override:/usr/lib/python3/dist-packages/colcon_core/task/python/colcon_distutils_commands:/home/j/jferber/tutorial/my_robot_ws/install/my_robot_perception/lib/python3.12/site-packages:${PYTHONPATH} /usr/bin/python3 -W ignore:setup.py install is deprecated -W ignore:easy_install command is deprecated setup.py develop --editable --build-directory /home/j/jferber/tutorial/my_robot_ws/build/my_robot_perception/build --no-deps symlink_data
[3.015s] Level 1:colcon.colcon_core.environment:create_environment_scripts_only(my_robot_description)
[3.016s] Level 1:colcon.colcon_core.environment:checking '/home/j/jferber/tutorial/my_robot_ws/install/my_robot_description' for CMake module files
[3.017s] DEBUG:colcon.colcon_core.event_handler.log_command:Invoked command in '/home/j/jferber/tutorial/my_robot_ws/build/my_robot_description' returned '0': CMAKE_PREFIX_PATH=${CMAKE_PREFIX_PATH}:/opt/ros/jazzy DEBUGINFOD_URLS=https://debuginfod.ubuntu.com /usr/bin/cmake --install /home/j/jferber/tutorial/my_robot_ws/build/my_robot_description
[3.020s] Level 1:colcon.colcon_core.environment:checking '/home/j/jferber/tutorial/my_robot_ws/install/my_robot_description' for CMake config files
[3.027s] Level 1:colcon.colcon_core.shell:create_environment_hook('my_robot_description', 'cmake_prefix_path')
[3.027s] INFO:colcon.colcon_core.shell:Creating environment hook '/home/j/jferber/tutorial/my_robot_ws/install/my_robot_description/share/my_robot_description/hook/cmake_prefix_path.ps1'
[3.031s] INFO:colcon.colcon_core.shell:Creating environment descriptor '/home/j/jferber/tutorial/my_robot_ws/install/my_robot_description/share/my_robot_description/hook/cmake_prefix_path.dsv'
[3.036s] INFO:colcon.colcon_core.shell:Creating environment hook '/home/j/jferber/tutorial/my_robot_ws/install/my_robot_description/share/my_robot_description/hook/cmake_prefix_path.sh'
[3.040s] Level 1:colcon.colcon_core.environment:checking '/home/j/jferber/tutorial/my_robot_ws/install/my_robot_description/bin'
[3.040s] Level 1:colcon.colcon_core.environment:checking '/home/j/jferber/tutorial/my_robot_ws/install/my_robot_description/lib/pkgconfig/my_robot_description.pc'
[3.040s] Level 1:colcon.colcon_core.environment:checking '/home/j/jferber/tutorial/my_robot_ws/install/my_robot_description/lib/python3.12/site-packages'
[3.041s] Level 1:colcon.colcon_core.environment:checking '/home/j/jferber/tutorial/my_robot_ws/install/my_robot_description/bin'
[3.041s] INFO:colcon.colcon_core.shell:Creating package script '/home/j/jferber/tutorial/my_robot_ws/install/my_robot_description/share/my_robot_description/package.ps1'
[3.045s] INFO:colcon.colcon_core.shell:Creating package descriptor '/home/j/jferber/tutorial/my_robot_ws/install/my_robot_description/share/my_robot_description/package.dsv'
[3.046s] INFO:colcon.colcon_core.shell:Creating package script '/home/j/jferber/tutorial/my_robot_ws/install/my_robot_description/share/my_robot_description/package.sh'
[3.054s] INFO:colcon.colcon_core.shell:Creating package script '/home/j/jferber/tutorial/my_robot_ws/install/my_robot_description/share/my_robot_description/package.bash'
[3.059s] INFO:colcon.colcon_core.shell:Creating package script '/home/j/jferber/tutorial/my_robot_ws/install/my_robot_description/share/my_robot_description/package.zsh'
[3.064s] Level 1:colcon.colcon_core.environment:create_file_with_runtime_dependencies(/home/j/jferber/tutorial/my_robot_ws/install/my_robot_description/share/colcon-core/packages/my_robot_description)
[3.067s] Level 1:colcon.colcon_core.environment:create_environment_scripts_only(my_robot_description)
[3.067s] Level 1:colcon.colcon_core.environment:checking '/home/j/jferber/tutorial/my_robot_ws/install/my_robot_description' for CMake module files
[3.069s] Level 1:colcon.colcon_core.environment:checking '/home/j/jferber/tutorial/my_robot_ws/install/my_robot_description' for CMake config files
[3.070s] Level 1:colcon.colcon_core.shell:create_environment_hook('my_robot_description', 'cmake_prefix_path')
[3.070s] INFO:colcon.colcon_core.shell:Creating environment hook '/home/j/jferber/tutorial/my_robot_ws/install/my_robot_description/share/my_robot_description/hook/cmake_prefix_path.ps1'
[3.074s] INFO:colcon.colcon_core.shell:Creating environment descriptor '/home/j/jferber/tutorial/my_robot_ws/install/my_robot_description/share/my_robot_description/hook/cmake_prefix_path.dsv'
[3.079s] INFO:colcon.colcon_core.shell:Creating environment hook '/home/j/jferber/tutorial/my_robot_ws/install/my_robot_description/share/my_robot_description/hook/cmake_prefix_path.sh'
[3.237s] Level 1:colcon.colcon_core.environment:checking '/home/j/jferber/tutorial/my_robot_ws/install/my_robot_description/bin'
[3.238s] Level 1:colcon.colcon_core.environment:checking '/home/j/jferber/tutorial/my_robot_ws/install/my_robot_description/lib/pkgconfig/my_robot_description.pc'
[3.238s] Level 1:colcon.colcon_core.environment:checking '/home/j/jferber/tutorial/my_robot_ws/install/my_robot_description/lib/python3.12/site-packages'
[3.239s] Level 1:colcon.colcon_core.environment:checking '/home/j/jferber/tutorial/my_robot_ws/install/my_robot_description/bin'
[3.239s] INFO:colcon.colcon_core.shell:Creating package script '/home/j/jferber/tutorial/my_robot_ws/install/my_robot_description/share/my_robot_description/package.ps1'
[3.245s] INFO:colcon.colcon_core.shell:Creating package descriptor '/home/j/jferber/tutorial/my_robot_ws/install/my_robot_description/share/my_robot_description/package.dsv'
[3.249s] INFO:colcon.colcon_core.shell:Creating package script '/home/j/jferber/tutorial/my_robot_ws/install/my_robot_description/share/my_robot_description/package.sh'
[3.255s] INFO:colcon.colcon_core.shell:Creating package script '/home/j/jferber/tutorial/my_robot_ws/install/my_robot_description/share/my_robot_description/package.bash'
[3.260s] INFO:colcon.colcon_core.shell:Creating package script '/home/j/jferber/tutorial/my_robot_ws/install/my_robot_description/share/my_robot_description/package.zsh'
[3.263s] Level 1:colcon.colcon_core.environment:create_file_with_runtime_dependencies(/home/j/jferber/tutorial/my_robot_ws/install/my_robot_description/share/colcon-core/packages/my_robot_description)
[3.304s] DEBUG:colcon.colcon_core.event_handler.log_command:Invoked command in '/home/j/jferber/tutorial/my_robot_ws/build/my_robot_interfaces' returned '0': CMAKE_PREFIX_PATH=${CMAKE_PREFIX_PATH}:/opt/ros/jazzy DEBUGINFOD_URLS=https://debuginfod.ubuntu.com /usr/bin/cmake --build /home/j/jferber/tutorial/my_robot_ws/build/my_robot_interfaces -- -j32 -l32
[3.375s] DEBUG:colcon.colcon_core.event_handler.log_command:Invoking command in '/home/j/jferber/tutorial/my_robot_ws/build/my_robot_interfaces': CMAKE_PREFIX_PATH=${CMAKE_PREFIX_PATH}:/opt/ros/jazzy DEBUGINFOD_URLS=https://debuginfod.ubuntu.com /usr/bin/cmake --install /home/j/jferber/tutorial/my_robot_ws/build/my_robot_interfaces
[3.702s] Level 1:colcon.colcon_core.shell:create_environment_hook('my_robot_control', 'pythonpath_develop')
[3.702s] INFO:colcon.colcon_core.shell:Creating environment hook '/home/j/jferber/tutorial/my_robot_ws/build/my_robot_control/share/my_robot_control/hook/pythonpath_develop.ps1'
[3.704s] DEBUG:colcon.colcon_core.event_handler.log_command:Invoked command in '/home/j/jferber/tutorial/my_robot_ws/build/my_robot_control' returned '0': DEBUGINFOD_URLS=https://debuginfod.ubuntu.com PYTHONPATH=/home/j/jferber/tutorial/my_robot_ws/build/my_robot_control/prefix_override:/usr/lib/python3/dist-packages/colcon_core/task/python/colcon_distutils_commands:/home/j/jferber/tutorial/my_robot_ws/install/my_robot_control/lib/python3.12/site-packages:${PYTHONPATH} /usr/bin/python3 -W ignore:setup.py install is deprecated -W ignore:easy_install command is deprecated setup.py develop --editable --build-directory /home/j/jferber/tutorial/my_robot_ws/build/my_robot_control/build --no-deps symlink_data
[3.714s] INFO:colcon.colcon_core.shell:Creating environment descriptor '/home/j/jferber/tutorial/my_robot_ws/build/my_robot_control/share/my_robot_control/hook/pythonpath_develop.dsv'
[3.722s] INFO:colcon.colcon_core.shell:Creating environment hook '/home/j/jferber/tutorial/my_robot_ws/build/my_robot_control/share/my_robot_control/hook/pythonpath_develop.sh'
[3.728s] Level 1:colcon.colcon_core.environment:checking '/home/j/jferber/tutorial/my_robot_ws/install/my_robot_control' for CMake module files
[3.733s] Level 1:colcon.colcon_core.environment:checking '/home/j/jferber/tutorial/my_robot_ws/install/my_robot_control' for CMake config files
[3.739s] Level 1:colcon.colcon_core.environment:checking '/home/j/jferber/tutorial/my_robot_ws/install/my_robot_control/lib'
[3.740s] Level 1:colcon.colcon_core.environment:checking '/home/j/jferber/tutorial/my_robot_ws/install/my_robot_control/bin'
[3.740s] Level 1:colcon.colcon_core.environment:checking '/home/j/jferber/tutorial/my_robot_ws/install/my_robot_control/lib/pkgconfig/my_robot_control.pc'
[3.740s] Level 1:colcon.colcon_core.environment:checking '/home/j/jferber/tutorial/my_robot_ws/install/my_robot_control/lib/python3.12/site-packages'
[3.740s] Level 1:colcon.colcon_core.shell:create_environment_hook('my_robot_control', 'pythonpath')
[3.741s] INFO:colcon.colcon_core.shell:Creating environment hook '/home/j/jferber/tutorial/my_robot_ws/install/my_robot_control/share/my_robot_control/hook/pythonpath.ps1'
[3.745s] INFO:colcon.colcon_core.shell:Creating environment descriptor '/home/j/jferber/tutorial/my_robot_ws/install/my_robot_control/share/my_robot_control/hook/pythonpath.dsv'
[3.749s] INFO:colcon.colcon_core.shell:Creating environment hook '/home/j/jferber/tutorial/my_robot_ws/install/my_robot_control/share/my_robot_control/hook/pythonpath.sh'
[3.753s] Level 1:colcon.colcon_core.environment:checking '/home/j/jferber/tutorial/my_robot_ws/install/my_robot_control/bin'
[3.754s] Level 1:colcon.colcon_core.environment:create_environment_scripts_only(my_robot_control)
[3.754s] INFO:colcon.colcon_core.shell:Creating package script '/home/j/jferber/tutorial/my_robot_ws/install/my_robot_control/share/my_robot_control/package.ps1'
[3.761s] INFO:colcon.colcon_core.shell:Creating package descriptor '/home/j/jferber/tutorial/my_robot_ws/install/my_robot_control/share/my_robot_control/package.dsv'
[3.767s] INFO:colcon.colcon_core.shell:Creating package script '/home/j/jferber/tutorial/my_robot_ws/install/my_robot_control/share/my_robot_control/package.sh'
[3.773s] INFO:colcon.colcon_core.shell:Creating package script '/home/j/jferber/tutorial/my_robot_ws/install/my_robot_control/share/my_robot_control/package.bash'
[3.780s] INFO:colcon.colcon_core.shell:Creating package script '/home/j/jferber/tutorial/my_robot_ws/install/my_robot_control/share/my_robot_control/package.zsh'
[3.785s] Level 1:colcon.colcon_core.environment:create_file_with_runtime_dependencies(/home/j/jferber/tutorial/my_robot_ws/install/my_robot_control/share/colcon-core/packages/my_robot_control)
[3.872s] Level 1:colcon.colcon_core.shell:create_environment_hook('my_robot_perception', 'pythonpath_develop')
[3.873s] INFO:colcon.colcon_core.shell:Creating environment hook '/home/j/jferber/tutorial/my_robot_ws/build/my_robot_perception/share/my_robot_perception/hook/pythonpath_develop.ps1'
[3.874s] DEBUG:colcon.colcon_core.event_handler.log_command:Invoked command in '/home/j/jferber/tutorial/my_robot_ws/build/my_robot_perception' returned '0': DEBUGINFOD_URLS=https://debuginfod.ubuntu.com PYTHONPATH=/home/j/jferber/tutorial/my_robot_ws/build/my_robot_perception/prefix_override:/usr/lib/python3/dist-packages/colcon_core/task/python/colcon_distutils_commands:/home/j/jferber/tutorial/my_robot_ws/install/my_robot_perception/lib/python3.12/site-packages:${PYTHONPATH} /usr/bin/python3 -W ignore:setup.py install is deprecated -W ignore:easy_install command is deprecated setup.py develop --editable --build-directory /home/j/jferber/tutorial/my_robot_ws/build/my_robot_perception/build --no-deps symlink_data
[3.882s] INFO:colcon.colcon_core.shell:Creating environment descriptor '/home/j/jferber/tutorial/my_robot_ws/build/my_robot_perception/share/my_robot_perception/hook/pythonpath_develop.dsv'
[3.888s] INFO:colcon.colcon_core.shell:Creating environment hook '/home/j/jferber/tutorial/my_robot_ws/build/my_robot_perception/share/my_robot_perception/hook/pythonpath_develop.sh'
[3.894s] Level 1:colcon.colcon_core.environment:checking '/home/j/jferber/tutorial/my_robot_ws/install/my_robot_perception' for CMake module files
[3.898s] Level 1:colcon.colcon_core.environment:checking '/home/j/jferber/tutorial/my_robot_ws/install/my_robot_perception' for CMake config files
[3.905s] Level 1:colcon.colcon_core.environment:checking '/home/j/jferber/tutorial/my_robot_ws/install/my_robot_perception/lib'
[3.905s] Level 1:colcon.colcon_core.environment:checking '/home/j/jferber/tutorial/my_robot_ws/install/my_robot_perception/bin'
[3.905s] Level 1:colcon.colcon_core.environment:checking '/home/j/jferber/tutorial/my_robot_ws/install/my_robot_perception/lib/pkgconfig/my_robot_perception.pc'
[3.906s] Level 1:colcon.colcon_core.environment:checking '/home/j/jferber/tutorial/my_robot_ws/install/my_robot_perception/lib/python3.12/site-packages'
[3.906s] Level 1:colcon.colcon_core.shell:create_environment_hook('my_robot_perception', 'pythonpath')
[3.906s] INFO:colcon.colcon_core.shell:Creating environment hook '/home/j/jferber/tutorial/my_robot_ws/install/my_robot_perception/share/my_robot_perception/hook/pythonpath.ps1'
[3.915s] INFO:colcon.colcon_core.shell:Creating environment descriptor '/home/j/jferber/tutorial/my_robot_ws/install/my_robot_perception/share/my_robot_perception/hook/pythonpath.dsv'
[3.920s] INFO:colcon.colcon_core.shell:Creating environment hook '/home/j/jferber/tutorial/my_robot_ws/install/my_robot_perception/share/my_robot_perception/hook/pythonpath.sh'
[3.925s] Level 1:colcon.colcon_core.environment:checking '/home/j/jferber/tutorial/my_robot_ws/install/my_robot_perception/bin'
[3.925s] Level 1:colcon.colcon_core.environment:create_environment_scripts_only(my_robot_perception)
[3.925s] INFO:colcon.colcon_core.shell:Creating package script '/home/j/jferber/tutorial/my_robot_ws/install/my_robot_perception/share/my_robot_perception/package.ps1'
[3.932s] INFO:colcon.colcon_core.shell:Creating package descriptor '/home/j/jferber/tutorial/my_robot_ws/install/my_robot_perception/share/my_robot_perception/package.dsv'
[3.938s] INFO:colcon.colcon_core.shell:Creating package script '/home/j/jferber/tutorial/my_robot_ws/install/my_robot_perception/share/my_robot_perception/package.sh'
[3.943s] INFO:colcon.colcon_core.shell:Creating package script '/home/j/jferber/tutorial/my_robot_ws/install/my_robot_perception/share/my_robot_perception/package.bash'
[3.947s] INFO:colcon.colcon_core.shell:Creating package script '/home/j/jferber/tutorial/my_robot_ws/install/my_robot_perception/share/my_robot_perception/package.zsh'
[3.951s] Level 1:colcon.colcon_core.environment:create_file_with_runtime_dependencies(/home/j/jferber/tutorial/my_robot_ws/install/my_robot_perception/share/colcon-core/packages/my_robot_perception)
[4.990s] Level 1:colcon.colcon_core.environment:create_environment_scripts_only(my_robot_interfaces)
[4.991s] Level 1:colcon.colcon_core.environment:checking '/home/j/jferber/tutorial/my_robot_ws/install/my_robot_interfaces' for CMake module files
[4.992s] DEBUG:colcon.colcon_core.event_handler.log_command:Invoked command in '/home/j/jferber/tutorial/my_robot_ws/build/my_robot_interfaces' returned '0': CMAKE_PREFIX_PATH=${CMAKE_PREFIX_PATH}:/opt/ros/jazzy DEBUGINFOD_URLS=https://debuginfod.ubuntu.com /usr/bin/cmake --install /home/j/jferber/tutorial/my_robot_ws/build/my_robot_interfaces
[4.997s] Level 1:colcon.colcon_core.environment:checking '/home/j/jferber/tutorial/my_robot_ws/install/my_robot_interfaces' for CMake config files
[5.011s] Level 1:colcon.colcon_core.shell:create_environment_hook('my_robot_interfaces', 'cmake_prefix_path')
[5.011s] INFO:colcon.colcon_core.shell:Creating environment hook '/home/j/jferber/tutorial/my_robot_ws/install/my_robot_interfaces/share/my_robot_interfaces/hook/cmake_prefix_path.ps1'
[5.018s] INFO:colcon.colcon_core.shell:Creating environment descriptor '/home/j/jferber/tutorial/my_robot_ws/install/my_robot_interfaces/share/my_robot_interfaces/hook/cmake_prefix_path.dsv'
[5.023s] INFO:colcon.colcon_core.shell:Creating environment hook '/home/j/jferber/tutorial/my_robot_ws/install/my_robot_interfaces/share/my_robot_interfaces/hook/cmake_prefix_path.sh'
[5.030s] Level 1:colcon.colcon_core.environment:checking '/home/j/jferber/tutorial/my_robot_ws/install/my_robot_interfaces/lib'
[5.031s] Level 1:colcon.colcon_core.shell:create_environment_hook('my_robot_interfaces', 'ld_library_path_lib')
[5.031s] INFO:colcon.colcon_core.shell:Creating environment hook '/home/j/jferber/tutorial/my_robot_ws/install/my_robot_interfaces/share/my_robot_interfaces/hook/ld_library_path_lib.ps1'
[5.036s] INFO:colcon.colcon_core.shell:Creating environment descriptor '/home/j/jferber/tutorial/my_robot_ws/install/my_robot_interfaces/share/my_robot_interfaces/hook/ld_library_path_lib.dsv'
[5.041s] INFO:colcon.colcon_core.shell:Creating environment hook '/home/j/jferber/tutorial/my_robot_ws/install/my_robot_interfaces/share/my_robot_interfaces/hook/ld_library_path_lib.sh'
[5.047s] Level 1:colcon.colcon_core.environment:checking '/home/j/jferber/tutorial/my_robot_ws/install/my_robot_interfaces/bin'
[5.047s] Level 1:colcon.colcon_core.environment:checking '/home/j/jferber/tutorial/my_robot_ws/install/my_robot_interfaces/lib/pkgconfig/my_robot_interfaces.pc'
[5.047s] Level 1:colcon.colcon_core.environment:checking '/home/j/jferber/tutorial/my_robot_ws/install/my_robot_interfaces/lib/python3.12/site-packages'
[5.047s] Level 1:colcon.colcon_core.shell:create_environment_hook('my_robot_interfaces', 'pythonpath')
[5.048s] INFO:colcon.colcon_core.shell:Creating environment hook '/home/j/jferber/tutorial/my_robot_ws/install/my_robot_interfaces/share/my_robot_interfaces/hook/pythonpath.ps1'
[5.053s] INFO:colcon.colcon_core.shell:Creating environment descriptor '/home/j/jferber/tutorial/my_robot_ws/install/my_robot_interfaces/share/my_robot_interfaces/hook/pythonpath.dsv'
[5.058s] INFO:colcon.colcon_core.shell:Creating environment hook '/home/j/jferber/tutorial/my_robot_ws/install/my_robot_interfaces/share/my_robot_interfaces/hook/pythonpath.sh'
[5.063s] Level 1:colcon.colcon_core.environment:checking '/home/j/jferber/tutorial/my_robot_ws/install/my_robot_interfaces/bin'
[5.063s] INFO:colcon.colcon_core.shell:Creating package script '/home/j/jferber/tutorial/my_robot_ws/install/my_robot_interfaces/share/my_robot_interfaces/package.ps1'
[5.068s] INFO:colcon.colcon_core.shell:Creating package descriptor '/home/j/jferber/tutorial/my_robot_ws/install/my_robot_interfaces/share/my_robot_interfaces/package.dsv'
[5.070s] INFO:colcon.colcon_core.shell:Creating package script '/home/j/jferber/tutorial/my_robot_ws/install/my_robot_interfaces/share/my_robot_interfaces/package.sh'
[5.075s] INFO:colcon.colcon_core.shell:Creating package script '/home/j/jferber/tutorial/my_robot_ws/install/my_robot_interfaces/share/my_robot_interfaces/package.bash'
[5.078s] INFO:colcon.colcon_core.shell:Creating package script '/home/j/jferber/tutorial/my_robot_ws/install/my_robot_interfaces/share/my_robot_interfaces/package.zsh'
[5.083s] Level 1:colcon.colcon_core.environment:create_file_with_runtime_dependencies(/home/j/jferber/tutorial/my_robot_ws/install/my_robot_interfaces/share/colcon-core/packages/my_robot_interfaces)
[5.087s] Level 1:colcon.colcon_core.environment:create_environment_scripts_only(my_robot_interfaces)
[5.087s] Level 1:colcon.colcon_core.environment:checking '/home/j/jferber/tutorial/my_robot_ws/install/my_robot_interfaces' for CMake module files
[5.089s] Level 1:colcon.colcon_core.environment:checking '/home/j/jferber/tutorial/my_robot_ws/install/my_robot_interfaces' for CMake config files
[5.090s] Level 1:colcon.colcon_core.shell:create_environment_hook('my_robot_interfaces', 'cmake_prefix_path')
[5.091s] INFO:colcon.colcon_core.shell:Creating environment hook '/home/j/jferber/tutorial/my_robot_ws/install/my_robot_interfaces/share/my_robot_interfaces/hook/cmake_prefix_path.ps1'
[5.299s] INFO:colcon.colcon_core.shell:Creating environment descriptor '/home/j/jferber/tutorial/my_robot_ws/install/my_robot_interfaces/share/my_robot_interfaces/hook/cmake_prefix_path.dsv'
[5.304s] INFO:colcon.colcon_core.shell:Creating environment hook '/home/j/jferber/tutorial/my_robot_ws/install/my_robot_interfaces/share/my_robot_interfaces/hook/cmake_prefix_path.sh'
[5.308s] Level 1:colcon.colcon_core.environment:checking '/home/j/jferber/tutorial/my_robot_ws/install/my_robot_interfaces/lib'
[5.308s] Level 1:colcon.colcon_core.shell:create_environment_hook('my_robot_interfaces', 'ld_library_path_lib')
[5.309s] INFO:colcon.colcon_core.shell:Creating environment hook '/home/j/jferber/tutorial/my_robot_ws/install/my_robot_interfaces/share/my_robot_interfaces/hook/ld_library_path_lib.ps1'
[5.313s] INFO:colcon.colcon_core.shell:Creating environment descriptor '/home/j/jferber/tutorial/my_robot_ws/install/my_robot_interfaces/share/my_robot_interfaces/hook/ld_library_path_lib.dsv'
[5.319s] INFO:colcon.colcon_core.shell:Creating environment hook '/home/j/jferber/tutorial/my_robot_ws/install/my_robot_interfaces/share/my_robot_interfaces/hook/ld_library_path_lib.sh'
[5.322s] Level 1:colcon.colcon_core.environment:checking '/home/j/jferber/tutorial/my_robot_ws/install/my_robot_interfaces/bin'
[5.322s] Level 1:colcon.colcon_core.environment:checking '/home/j/jferber/tutorial/my_robot_ws/install/my_robot_interfaces/lib/pkgconfig/my_robot_interfaces.pc'
[5.322s] Level 1:colcon.colcon_core.environment:checking '/home/j/jferber/tutorial/my_robot_ws/install/my_robot_interfaces/lib/python3.12/site-packages'
[5.323s] Level 1:colcon.colcon_core.shell:create_environment_hook('my_robot_interfaces', 'pythonpath')
[5.323s] INFO:colcon.colcon_core.shell:Creating environment hook '/home/j/jferber/tutorial/my_robot_ws/install/my_robot_interfaces/share/my_robot_interfaces/hook/pythonpath.ps1'
[5.327s] INFO:colcon.colcon_core.shell:Creating environment descriptor '/home/j/jferber/tutorial/my_robot_ws/install/my_robot_interfaces/share/my_robot_interfaces/hook/pythonpath.dsv'
[5.331s] INFO:colcon.colcon_core.shell:Creating environment hook '/home/j/jferber/tutorial/my_robot_ws/install/my_robot_interfaces/share/my_robot_interfaces/hook/pythonpath.sh'
[5.338s] Level 1:colcon.colcon_core.environment:checking '/home/j/jferber/tutorial/my_robot_ws/install/my_robot_interfaces/bin'
[5.339s] INFO:colcon.colcon_core.shell:Creating package script '/home/j/jferber/tutorial/my_robot_ws/install/my_robot_interfaces/share/my_robot_interfaces/package.ps1'
[5.344s] INFO:colcon.colcon_core.shell:Creating package descriptor '/home/j/jferber/tutorial/my_robot_ws/install/my_robot_interfaces/share/my_robot_interfaces/package.dsv'
[5.353s] INFO:colcon.colcon_core.shell:Creating package script '/home/j/jferber/tutorial/my_robot_ws/install/my_robot_interfaces/share/my_robot_interfaces/package.sh'
[5.365s] INFO:colcon.colcon_core.shell:Creating package script '/home/j/jferber/tutorial/my_robot_ws/install/my_robot_interfaces/share/my_robot_interfaces/package.bash'
[5.376s] INFO:colcon.colcon_core.shell:Creating package script '/home/j/jferber/tutorial/my_robot_ws/install/my_robot_interfaces/share/my_robot_interfaces/package.zsh'
[5.383s] Level 1:colcon.colcon_core.environment:create_file_with_runtime_dependencies(/home/j/jferber/tutorial/my_robot_ws/install/my_robot_interfaces/share/colcon-core/packages/my_robot_interfaces)
[5.721s] INFO:colcon.colcon_ros.task.ament_python.build:Building ROS package in '/home/j/jferber/tutorial/my_robot_ws/src/my_robot_nav' with build type 'ament_python'
[5.721s] Level 1:colcon.colcon_core.shell:create_environment_hook('my_robot_nav', 'ament_prefix_path')
[5.722s] INFO:colcon.colcon_core.shell:Creating environment hook '/home/j/jferber/tutorial/my_robot_ws/install/my_robot_nav/share/my_robot_nav/hook/ament_prefix_path.ps1'
[5.732s] INFO:colcon.colcon_core.shell:Creating environment descriptor '/home/j/jferber/tutorial/my_robot_ws/install/my_robot_nav/share/my_robot_nav/hook/ament_prefix_path.dsv'
[5.742s] INFO:colcon.colcon_core.shell:Creating environment hook '/home/j/jferber/tutorial/my_robot_ws/install/my_robot_nav/share/my_robot_nav/hook/ament_prefix_path.sh'
[5.748s] INFO:colcon.colcon_core.shell:Skip shell extension 'powershell' for command environment: Not usable outside of PowerShell
[5.748s] DEBUG:colcon.colcon_core.shell:Skip shell extension 'dsv' for command environment
[6.115s] INFO:colcon.colcon_core.task.python.build:Building Python package in '/home/j/jferber/tutorial/my_robot_ws/src/my_robot_nav'
[6.115s] INFO:colcon.colcon_core.shell:Skip shell extension 'powershell' for command environment: Not usable outside of PowerShell
[6.115s] DEBUG:colcon.colcon_core.shell:Skip shell extension 'dsv' for command environment
[6.930s] DEBUG:colcon.colcon_core.event_handler.log_command:Invoking command in '/home/j/jferber/tutorial/my_robot_ws/build/my_robot_nav': AMENT_PREFIX_PATH=/home/j/jferber/tutorial/my_robot_ws/install/my_robot_perception:/home/j/jferber/tutorial/my_robot_ws/install/my_robot_interfaces:${AMENT_PREFIX_PATH} CMAKE_PREFIX_PATH=/home/j/jferber/tutorial/my_robot_ws/install/my_robot_interfaces:${CMAKE_PREFIX_PATH} DEBUGINFOD_URLS=https://debuginfod.ubuntu.com LD_LIBRARY_PATH=/home/j/jferber/tutorial/my_robot_ws/install/my_robot_interfaces/lib:${LD_LIBRARY_PATH} PYTHONPATH=/home/j/jferber/tutorial/my_robot_ws/build/my_robot_nav/prefix_override:/usr/lib/python3/dist-packages/colcon_core/task/python/colcon_distutils_commands:/home/j/jferber/tutorial/my_robot_ws/install/my_robot_nav/lib/python3.12/site-packages:/home/j/jferber/tutorial/my_robot_ws/build/my_robot_perception:/home/j/jferber/tutorial/my_robot_ws/install/my_robot_perception/lib/python3.12/site-packages:/home/j/jferber/tutorial/my_robot_ws/install/my_robot_interfaces/lib/python3.12/site-packages:${PYTHONPATH} /usr/bin/python3 -W ignore:setup.py install is deprecated -W ignore:easy_install command is deprecated setup.py develop --editable --build-directory /home/j/jferber/tutorial/my_robot_ws/build/my_robot_nav/build --no-deps symlink_data
[7.954s] Level 1:colcon.colcon_core.shell:create_environment_hook('my_robot_nav', 'pythonpath_develop')
[7.955s] INFO:colcon.colcon_core.shell:Creating environment hook '/home/j/jferber/tutorial/my_robot_ws/build/my_robot_nav/share/my_robot_nav/hook/pythonpath_develop.ps1'
[7.956s] DEBUG:colcon.colcon_core.event_handler.log_command:Invoked command in '/home/j/jferber/tutorial/my_robot_ws/build/my_robot_nav' returned '0': AMENT_PREFIX_PATH=/home/j/jferber/tutorial/my_robot_ws/install/my_robot_perception:/home/j/jferber/tutorial/my_robot_ws/install/my_robot_interfaces:${AMENT_PREFIX_PATH} CMAKE_PREFIX_PATH=/home/j/jferber/tutorial/my_robot_ws/install/my_robot_interfaces:${CMAKE_PREFIX_PATH} DEBUGINFOD_URLS=https://debuginfod.ubuntu.com LD_LIBRARY_PATH=/home/j/jferber/tutorial/my_robot_ws/install/my_robot_interfaces/lib:${LD_LIBRARY_PATH} PYTHONPATH=/home/j/jferber/tutorial/my_robot_ws/build/my_robot_nav/prefix_override:/usr/lib/python3/dist-packages/colcon_core/task/python/colcon_distutils_commands:/home/j/jferber/tutorial/my_robot_ws/install/my_robot_nav/lib/python3.12/site-packages:/home/j/jferber/tutorial/my_robot_ws/build/my_robot_perception:/home/j/jferber/tutorial/my_robot_ws/install/my_robot_perception/lib/python3.12/site-packages:/home/j/jferber/tutorial/my_robot_ws/install/my_robot_interfaces/lib/python3.12/site-packages:${PYTHONPATH} /usr/bin/python3 -W ignore:setup.py install is deprecated -W ignore:easy_install command is deprecated setup.py develop --editable --build-directory /home/j/jferber/tutorial/my_robot_ws/build/my_robot_nav/build --no-deps symlink_data
[7.964s] INFO:colcon.colcon_core.shell:Creating environment descriptor '/home/j/jferber/tutorial/my_robot_ws/build/my_robot_nav/share/my_robot_nav/hook/pythonpath_develop.dsv'
[7.969s] INFO:colcon.colcon_core.shell:Creating environment hook '/home/j/jferber/tutorial/my_robot_ws/build/my_robot_nav/share/my_robot_nav/hook/pythonpath_develop.sh'
[7.974s] Level 1:colcon.colcon_core.environment:checking '/home/j/jferber/tutorial/my_robot_ws/install/my_robot_nav' for CMake module files
[7.978s] Level 1:colcon.colcon_core.environment:checking '/home/j/jferber/tutorial/my_robot_ws/install/my_robot_nav' for CMake config files
[7.984s] Level 1:colcon.colcon_core.environment:checking '/home/j/jferber/tutorial/my_robot_ws/install/my_robot_nav/lib'
[7.985s] Level 1:colcon.colcon_core.environment:checking '/home/j/jferber/tutorial/my_robot_ws/install/my_robot_nav/bin'
[7.985s] Level 1:colcon.colcon_core.environment:checking '/home/j/jferber/tutorial/my_robot_ws/install/my_robot_nav/lib/pkgconfig/my_robot_nav.pc'
[7.985s] Level 1:colcon.colcon_core.environment:checking '/home/j/jferber/tutorial/my_robot_ws/install/my_robot_nav/lib/python3.12/site-packages'
[7.985s] Level 1:colcon.colcon_core.shell:create_environment_hook('my_robot_nav', 'pythonpath')
[7.985s] INFO:colcon.colcon_core.shell:Creating environment hook '/home/j/jferber/tutorial/my_robot_ws/install/my_robot_nav/share/my_robot_nav/hook/pythonpath.ps1'
[7.989s] INFO:colcon.colcon_core.shell:Creating environment descriptor '/home/j/jferber/tutorial/my_robot_ws/install/my_robot_nav/share/my_robot_nav/hook/pythonpath.dsv'
[7.993s] INFO:colcon.colcon_core.shell:Creating environment hook '/home/j/jferber/tutorial/my_robot_ws/install/my_robot_nav/share/my_robot_nav/hook/pythonpath.sh'
[7.997s] Level 1:colcon.colcon_core.environment:checking '/home/j/jferber/tutorial/my_robot_ws/install/my_robot_nav/bin'
[7.997s] Level 1:colcon.colcon_core.environment:create_environment_scripts_only(my_robot_nav)
[7.998s] INFO:colcon.colcon_core.shell:Creating package script '/home/j/jferber/tutorial/my_robot_ws/install/my_robot_nav/share/my_robot_nav/package.ps1'
[8.002s] INFO:colcon.colcon_core.shell:Creating package descriptor '/home/j/jferber/tutorial/my_robot_ws/install/my_robot_nav/share/my_robot_nav/package.dsv'
[8.005s] INFO:colcon.colcon_core.shell:Creating package script '/home/j/jferber/tutorial/my_robot_ws/install/my_robot_nav/share/my_robot_nav/package.sh'
[8.008s] INFO:colcon.colcon_core.shell:Creating package script '/home/j/jferber/tutorial/my_robot_ws/install/my_robot_nav/share/my_robot_nav/package.bash'
[8.013s] INFO:colcon.colcon_core.shell:Creating package script '/home/j/jferber/tutorial/my_robot_ws/install/my_robot_nav/share/my_robot_nav/package.zsh'
[8.016s] Level 1:colcon.colcon_core.environment:create_file_with_runtime_dependencies(/home/j/jferber/tutorial/my_robot_ws/install/my_robot_nav/share/colcon-core/packages/my_robot_nav)
[8.037s] DEBUG:colcon.colcon_parallel_executor.executor.parallel:closing loop
[8.038s] DEBUG:colcon.colcon_parallel_executor.executor.parallel:loop closed
[8.038s] DEBUG:colcon.colcon_parallel_executor.executor.parallel:run_until_complete finished with '0'
[8.038s] DEBUG:colcon.colcon_core.event_reactor:joining thread
[8.050s] INFO:colcon.colcon_core.plugin_system:Skipping extension 'colcon_notification.desktop_notification.notify_send': Could not find 'notify-send'
[8.050s] INFO:colcon.colcon_core.plugin_system:Skipping extension 'colcon_notification.desktop_notification.terminal_notifier': Not used on non-Darwin systems
[8.051s] INFO:colcon.colcon_core.plugin_system:Skipping extension 'colcon_notification.desktop_notification.win32': Not used on non-Windows systems
[8.051s] INFO:colcon.colcon_notification.desktop_notification:Sending desktop notification using 'notify2'
[8.051s] DEBUG:colcon.colcon_notification.desktop_notification.notify2:Failed to initialize notify2: org.freedesktop.DBus.Error.NotSupported: Unable to autolaunch a dbus-daemon without a $DISPLAY for X11
[8.051s] DEBUG:colcon.colcon_core.event_reactor:joined thread
[8.051s] INFO:colcon.colcon_core.shell:Creating prefix script '/home/j/jferber/tutorial/my_robot_ws/install/local_setup.ps1'
[8.055s] INFO:colcon.colcon_core.shell:Creating prefix util module '/home/j/jferber/tutorial/my_robot_ws/install/_local_setup_util_ps1.py'
[8.060s] INFO:colcon.colcon_core.shell:Creating prefix chain script '/home/j/jferber/tutorial/my_robot_ws/install/setup.ps1'
[8.066s] INFO:colcon.colcon_core.shell:Creating prefix script '/home/j/jferber/tutorial/my_robot_ws/install/local_setup.sh'
[8.069s] INFO:colcon.colcon_core.shell:Creating prefix util module '/home/j/jferber/tutorial/my_robot_ws/install/_local_setup_util_sh.py'
[8.073s] INFO:colcon.colcon_core.shell:Creating prefix chain script '/home/j/jferber/tutorial/my_robot_ws/install/setup.sh'
[8.078s] INFO:colcon.colcon_core.shell:Creating prefix script '/home/j/jferber/tutorial/my_robot_ws/install/local_setup.bash'
[8.087s] INFO:colcon.colcon_core.shell:Creating prefix chain script '/home/j/jferber/tutorial/my_robot_ws/install/setup.bash'
[8.093s] INFO:colcon.colcon_core.shell:Creating prefix script '/home/j/jferber/tutorial/my_robot_ws/install/local_setup.zsh'
[8.097s] INFO:colcon.colcon_core.shell:Creating prefix chain script '/home/j/jferber/tutorial/my_robot_ws/install/setup.zsh'
