[0.334s] Invoking command in '/home/j/jferber/tutorial/my_robot_ws/build/my_robot_bringup': CMAKE_PREFIX_PATH=${CMAKE_PREFIX_PATH}:/opt/ros/jazzy DEBUGINFOD_URLS=https://debuginfod.ubuntu.com /usr/bin/cmake --build /home/j/jferber/tutorial/my_robot_ws/build/my_robot_bringup -- -j32 -l32
[0.918s] Invoked command in '/home/j/jferber/tutorial/my_robot_ws/build/my_robot_bringup' returned '0': CMAKE_PREFIX_PATH=${CMAKE_PREFIX_PATH}:/opt/ros/jazzy DEBUGINFOD_URLS=https://debuginfod.ubuntu.com /usr/bin/cmake --build /home/j/jferber/tutorial/my_robot_ws/build/my_robot_bringup -- -j32 -l32
[1.051s] Invoking command in '/home/j/jferber/tutorial/my_robot_ws/build/my_robot_bringup': CMAKE_PREFIX_PATH=${CMAKE_PREFIX_PATH}:/opt/ros/jazzy DEBUGINFOD_URLS=https://debuginfod.ubuntu.com /usr/bin/cmake --install /home/j/jferber/tutorial/my_robot_ws/build/my_robot_bringup
[1.110s] -- Install configuration: ""
[1.145s] -- Execute custom install script
[1.213s] -- Up-to-date symlink: /home/j/jferber/tutorial/my_robot_ws/install/my_robot_bringup/share/my_robot_bringup/launch/.ipynb_checkpoints/robot_sim.launch-checkpoint.py
[1.214s] -- Up-to-date symlink: /home/j/jferber/tutorial/my_robot_ws/install/my_robot_bringup/share/my_robot_bringup/launch/.ipynb_checkpoints/robot_vis.launch-checkpoint.py
[1.216s] -- Up-to-date symlink: /home/j/jferber/tutorial/my_robot_ws/install/my_robot_bringup/share/my_robot_bringup/launch/__pycache__/robot_sim.launch.cpython-312.pyc
[1.217s] -- Up-to-date symlink: /home/j/jferber/tutorial/my_robot_ws/install/my_robot_bringup/share/my_robot_bringup/launch/__pycache__/robot_vis.launch.cpython-312.pyc
[1.218s] -- Up-to-date symlink: /home/j/jferber/tutorial/my_robot_ws/install/my_robot_bringup/share/my_robot_bringup/launch/robot_sim.launch.py
[1.219s] -- Up-to-date symlink: /home/j/jferber/tutorial/my_robot_ws/install/my_robot_bringup/share/my_robot_bringup/launch/robot_vis.launch.py
[1.223s] -- Up-to-date symlink: /home/j/jferber/tutorial/my_robot_ws/install/my_robot_bringup/share/my_robot_bringup/worlds/.ipynb_checkpoints/my_world-checkpoint.sdf
[1.224s] -- Up-to-date symlink: /home/j/jferber/tutorial/my_robot_ws/install/my_robot_bringup/share/my_robot_bringup/worlds/my_world.sdf
[1.229s] -- Up-to-date symlink: /home/j/jferber/tutorial/my_robot_ws/install/my_robot_bringup/share/my_robot_bringup/config/.ipynb_checkpoints/bridge-checkpoint.yaml
[1.229s] -- Up-to-date symlink: /home/j/jferber/tutorial/my_robot_ws/install/my_robot_bringup/share/my_robot_bringup/config/bridge.yaml
[1.235s] -- Up-to-date symlink: /home/j/jferber/tutorial/my_robot_ws/install/my_robot_bringup/share/ament_index/resource_index/package_run_dependencies/my_robot_bringup
[1.238s] -- Up-to-date symlink: /home/j/jferber/tutorial/my_robot_ws/install/my_robot_bringup/share/ament_index/resource_index/parent_prefix_path/my_robot_bringup
[1.240s] -- Up-to-date symlink: /home/j/jferber/tutorial/my_robot_ws/install/my_robot_bringup/share/my_robot_bringup/environment/ament_prefix_path.sh
[1.241s] -- Up-to-date symlink: /home/j/jferber/tutorial/my_robot_ws/install/my_robot_bringup/share/my_robot_bringup/environment/ament_prefix_path.dsv
[1.242s] -- Up-to-date symlink: /home/j/jferber/tutorial/my_robot_ws/install/my_robot_bringup/share/my_robot_bringup/environment/path.sh
[1.242s] -- Up-to-date symlink: /home/j/jferber/tutorial/my_robot_ws/install/my_robot_bringup/share/my_robot_bringup/environment/path.dsv
[1.243s] -- Up-to-date symlink: /home/j/jferber/tutorial/my_robot_ws/install/my_robot_bringup/share/my_robot_bringup/local_setup.bash
[1.244s] -- Up-to-date symlink: /home/j/jferber/tutorial/my_robot_ws/install/my_robot_bringup/share/my_robot_bringup/local_setup.sh
[1.245s] -- Up-to-date symlink: /home/j/jferber/tutorial/my_robot_ws/install/my_robot_bringup/share/my_robot_bringup/local_setup.zsh
[1.245s] -- Up-to-date symlink: /home/j/jferber/tutorial/my_robot_ws/install/my_robot_bringup/share/my_robot_bringup/local_setup.dsv
[1.246s] -- Symlinking: /home/j/jferber/tutorial/my_robot_ws/install/my_robot_bringup/share/my_robot_bringup/package.dsv
[1.271s] -- Up-to-date symlink: /home/j/jferber/tutorial/my_robot_ws/install/my_robot_bringup/share/ament_index/resource_index/packages/my_robot_bringup
[1.273s] -- Up-to-date symlink: /home/j/jferber/tutorial/my_robot_ws/install/my_robot_bringup/share/my_robot_bringup/cmake/my_robot_bringupConfig.cmake
[1.274s] -- Up-to-date symlink: /home/j/jferber/tutorial/my_robot_ws/install/my_robot_bringup/share/my_robot_bringup/cmake/my_robot_bringupConfig-version.cmake
[1.278s] -- Up-to-date symlink: /home/j/jferber/tutorial/my_robot_ws/install/my_robot_bringup/share/my_robot_bringup/package.xml
[1.288s] Invoked command in '/home/j/jferber/tutorial/my_robot_ws/build/my_robot_bringup' returned '0': CMAKE_PREFIX_PATH=${CMAKE_PREFIX_PATH}:/opt/ros/jazzy DEBUGINFOD_URLS=https://debuginfod.ubuntu.com /usr/bin/cmake --install /home/j/jferber/tutorial/my_robot_ws/build/my_robot_bringup
