[0.271s] Invoking command in '/home/j/jferber/tutorial/my_robot_ws/build/my_robot_interfaces': CMAKE_PREFIX_PATH=${CMAKE_PREFIX_PATH}:/opt/ros/jazzy DEBUGINFOD_URLS=https://debuginfod.ubuntu.com /usr/bin/cmake --build /home/j/jferber/tutorial/my_robot_ws/build/my_robot_interfaces -- -j32 -l32
[1.042s] [  2%] Built target my_robot_interfaces__rs
[1.043s] [  5%] Built target my_robot_interfaces__rosidl_generator_type_description
[1.095s] [  8%] Built target my_robot_interfaces__cpp
[1.102s] [  8%] Built target ament_cmake_python_symlink_my_robot_interfaces
[1.177s] [ 22%] Built target my_robot_interfaces__rosidl_generator_c
[1.481s] [ 31%] Built target my_robot_interfaces__rosidl_typesupport_introspection_c
[1.489s] [ 40%] Built target my_robot_interfaces__rosidl_typesupport_cpp
[1.503s] [ 48%] Built target my_robot_interfaces__rosidl_typesupport_introspection_cpp
[1.509s] [ 57%] Built target my_robot_interfaces__rosidl_typesupport_c
[1.560s] [ 65%] Built target my_robot_interfaces__rosidl_typesupport_fastrtps_cpp
[1.569s] [ 74%] Built target my_robot_interfaces__rosidl_typesupport_fastrtps_c
[1.688s] running egg_info
[1.721s] writing my_robot_interfaces.egg-info/PKG-INFO
[1.732s] writing dependency_links to my_robot_interfaces.egg-info/dependency_links.txt
[1.741s] writing top-level names to my_robot_interfaces.egg-info/top_level.txt
[1.792s] [ 74%] Built target my_robot_interfaces
[1.854s] reading manifest file 'my_robot_interfaces.egg-info/SOURCES.txt'
[1.876s] writing manifest file 'my_robot_interfaces.egg-info/SOURCES.txt'
[1.932s] [ 74%] Built target ament_cmake_python_build_my_robot_interfaces_egg
[1.984s] [ 77%] Built target my_robot_interfaces__py
[2.350s] [ 82%] Built target my_robot_interfaces__rosidl_generator_py
[2.632s] [ 88%] Built target my_robot_interfaces_s__rosidl_typesupport_c
[2.673s] [ 94%] Built target my_robot_interfaces_s__rosidl_typesupport_introspection_c
[2.753s] [100%] Built target my_robot_interfaces_s__rosidl_typesupport_fastrtps_c
[2.807s] Invoked command in '/home/j/jferber/tutorial/my_robot_ws/build/my_robot_interfaces' returned '0': CMAKE_PREFIX_PATH=${CMAKE_PREFIX_PATH}:/opt/ros/jazzy DEBUGINFOD_URLS=https://debuginfod.ubuntu.com /usr/bin/cmake --build /home/j/jferber/tutorial/my_robot_ws/build/my_robot_interfaces -- -j32 -l32
[2.886s] Invoking command in '/home/j/jferber/tutorial/my_robot_ws/build/my_robot_interfaces': CMAKE_PREFIX_PATH=${CMAKE_PREFIX_PATH}:/opt/ros/jazzy DEBUGINFOD_URLS=https://debuginfod.ubuntu.com /usr/bin/cmake --install /home/j/jferber/tutorial/my_robot_ws/build/my_robot_interfaces
[2.936s] -- Install configuration: ""
[2.971s] -- Execute custom install script
[2.981s] -- Up-to-date symlink: /home/j/jferber/tutorial/my_robot_ws/install/my_robot_interfaces/share/ament_index/resource_index/rosidl_interfaces/my_robot_interfaces
[2.985s] -- Up-to-date symlink: /home/j/jferber/tutorial/my_robot_ws/install/my_robot_interfaces/share/my_robot_interfaces/action/SetVelocity.json
[2.996s] -- Up-to-date symlink: /home/j/jferber/tutorial/my_robot_ws/install/my_robot_interfaces/include/my_robot_interfaces/my_robot_interfaces/action/detail/set_velocity__functions.h
[2.997s] -- Up-to-date symlink: /home/j/jferber/tutorial/my_robot_ws/install/my_robot_interfaces/include/my_robot_interfaces/my_robot_interfaces/action/detail/set_velocity__struct.h
[2.998s] -- Up-to-date symlink: /home/j/jferber/tutorial/my_robot_ws/install/my_robot_interfaces/include/my_robot_interfaces/my_robot_interfaces/action/detail/set_velocity__type_support.h
[2.999s] -- Up-to-date symlink: /home/j/jferber/tutorial/my_robot_ws/install/my_robot_interfaces/include/my_robot_interfaces/my_robot_interfaces/action/set_velocity.h
[3.001s] -- Up-to-date symlink: /home/j/jferber/tutorial/my_robot_ws/install/my_robot_interfaces/include/my_robot_interfaces/my_robot_interfaces/msg/rosidl_generator_c__visibility_control.h
[3.004s] -- Up-to-date symlink: /home/j/jferber/tutorial/my_robot_ws/install/my_robot_interfaces/share/my_robot_interfaces/environment/library_path.sh
[3.005s] -- Up-to-date symlink: /home/j/jferber/tutorial/my_robot_ws/install/my_robot_interfaces/share/my_robot_interfaces/environment/library_path.dsv
[3.008s] -- Up-to-date symlink: /home/j/jferber/tutorial/my_robot_ws/install/my_robot_interfaces/include/my_robot_interfaces/my_robot_interfaces/action/detail/set_velocity__rosidl_typesupport_fastrtps_c.h
[3.009s] -- Up-to-date symlink: /home/j/jferber/tutorial/my_robot_ws/install/my_robot_interfaces/include/my_robot_interfaces/my_robot_interfaces/msg/rosidl_typesupport_fastrtps_c__visibility_control.h
[3.012s] -- Up-to-date symlink: /home/j/jferber/tutorial/my_robot_ws/install/my_robot_interfaces/include/my_robot_interfaces/my_robot_interfaces/action/detail/set_velocity__rosidl_typesupport_introspection_c.h
[3.013s] -- Up-to-date symlink: /home/j/jferber/tutorial/my_robot_ws/install/my_robot_interfaces/include/my_robot_interfaces/my_robot_interfaces/msg/rosidl_typesupport_introspection_c__visibility_control.h
[3.016s] -- Up-to-date symlink: /home/j/jferber/tutorial/my_robot_ws/install/my_robot_interfaces/include/my_robot_interfaces/my_robot_interfaces/action/detail/set_velocity__builder.hpp
[3.016s] -- Up-to-date symlink: /home/j/jferber/tutorial/my_robot_ws/install/my_robot_interfaces/include/my_robot_interfaces/my_robot_interfaces/action/detail/set_velocity__struct.hpp
[3.017s] -- Up-to-date symlink: /home/j/jferber/tutorial/my_robot_ws/install/my_robot_interfaces/include/my_robot_interfaces/my_robot_interfaces/action/detail/set_velocity__traits.hpp
[3.018s] -- Up-to-date symlink: /home/j/jferber/tutorial/my_robot_ws/install/my_robot_interfaces/include/my_robot_interfaces/my_robot_interfaces/action/detail/set_velocity__type_support.hpp
[3.019s] -- Up-to-date symlink: /home/j/jferber/tutorial/my_robot_ws/install/my_robot_interfaces/include/my_robot_interfaces/my_robot_interfaces/action/set_velocity.hpp
[3.020s] -- Up-to-date symlink: /home/j/jferber/tutorial/my_robot_ws/install/my_robot_interfaces/include/my_robot_interfaces/my_robot_interfaces/msg/rosidl_generator_cpp__visibility_control.hpp
[3.024s] -- Up-to-date symlink: /home/j/jferber/tutorial/my_robot_ws/install/my_robot_interfaces/include/my_robot_interfaces/my_robot_interfaces/action/detail/set_velocity__rosidl_typesupport_fastrtps_cpp.hpp
[3.024s] -- Up-to-date symlink: /home/j/jferber/tutorial/my_robot_ws/install/my_robot_interfaces/include/my_robot_interfaces/my_robot_interfaces/msg/rosidl_typesupport_fastrtps_cpp__visibility_control.h
[3.027s] -- Up-to-date symlink: /home/j/jferber/tutorial/my_robot_ws/install/my_robot_interfaces/include/my_robot_interfaces/my_robot_interfaces/action/detail/set_velocity__rosidl_typesupport_introspection_cpp.hpp
[3.028s] -- Up-to-date symlink: /home/j/jferber/tutorial/my_robot_ws/install/my_robot_interfaces/share/my_robot_interfaces/environment/pythonpath.sh
[3.028s] -- Up-to-date symlink: /home/j/jferber/tutorial/my_robot_ws/install/my_robot_interfaces/share/my_robot_interfaces/environment/pythonpath.dsv
[3.037s] -- Up-to-date symlink: /home/j/jferber/tutorial/my_robot_ws/install/my_robot_interfaces/lib/python3.12/site-packages/my_robot_interfaces-0.0.1-py3.12.egg-info/PKG-INFO
[3.038s] -- Up-to-date symlink: /home/j/jferber/tutorial/my_robot_ws/install/my_robot_interfaces/lib/python3.12/site-packages/my_robot_interfaces-0.0.1-py3.12.egg-info/SOURCES.txt
[3.039s] -- Up-to-date symlink: /home/j/jferber/tutorial/my_robot_ws/install/my_robot_interfaces/lib/python3.12/site-packages/my_robot_interfaces-0.0.1-py3.12.egg-info/dependency_links.txt
[3.039s] -- Up-to-date symlink: /home/j/jferber/tutorial/my_robot_ws/install/my_robot_interfaces/lib/python3.12/site-packages/my_robot_interfaces-0.0.1-py3.12.egg-info/top_level.txt
[3.044s] -- Up-to-date symlink: /home/j/jferber/tutorial/my_robot_ws/install/my_robot_interfaces/lib/python3.12/site-packages/my_robot_interfaces/__init__.py
[3.045s] -- Up-to-date symlink: /home/j/jferber/tutorial/my_robot_ws/install/my_robot_interfaces/lib/python3.12/site-packages/my_robot_interfaces/_my_robot_interfaces_s.ep.rosidl_typesupport_c.c
[3.048s] -- Up-to-date symlink: /home/j/jferber/tutorial/my_robot_ws/install/my_robot_interfaces/lib/python3.12/site-packages/my_robot_interfaces/_my_robot_interfaces_s.ep.rosidl_typesupport_fastrtps_c.c
[3.049s] -- Up-to-date symlink: /home/j/jferber/tutorial/my_robot_ws/install/my_robot_interfaces/lib/python3.12/site-packages/my_robot_interfaces/_my_robot_interfaces_s.ep.rosidl_typesupport_introspection_c.c
[3.051s] -- Up-to-date symlink: /home/j/jferber/tutorial/my_robot_ws/install/my_robot_interfaces/lib/python3.12/site-packages/my_robot_interfaces/action/__init__.py
[3.052s] -- Up-to-date symlink: /home/j/jferber/tutorial/my_robot_ws/install/my_robot_interfaces/lib/python3.12/site-packages/my_robot_interfaces/action/_set_velocity.py
[3.053s] -- Up-to-date symlink: /home/j/jferber/tutorial/my_robot_ws/install/my_robot_interfaces/lib/python3.12/site-packages/my_robot_interfaces/action/_set_velocity_s.c
[3.054s] -- Up-to-date symlink: /home/j/jferber/tutorial/my_robot_ws/install/my_robot_interfaces/lib/python3.12/site-packages/my_robot_interfaces/my_robot_interfaces_s__rosidl_typesupport_c.so
[3.055s] -- Up-to-date symlink: /home/j/jferber/tutorial/my_robot_ws/install/my_robot_interfaces/lib/python3.12/site-packages/my_robot_interfaces/my_robot_interfaces_s__rosidl_typesupport_fastrtps_c.so
[3.056s] -- Up-to-date symlink: /home/j/jferber/tutorial/my_robot_ws/install/my_robot_interfaces/lib/python3.12/site-packages/my_robot_interfaces/my_robot_interfaces_s__rosidl_typesupport_introspection_c.so
[3.086s] -- Up-to-date symlink: /home/j/jferber/tutorial/my_robot_ws/install/my_robot_interfaces/lib/python3.12/site-packages/my_robot_interfaces/my_robot_interfaces_s__rosidl_typesupport_fastrtps_c.so
[3.119s] -- Up-to-date symlink: /home/j/jferber/tutorial/my_robot_ws/install/my_robot_interfaces/lib/python3.12/site-packages/my_robot_interfaces/my_robot_interfaces_s__rosidl_typesupport_introspection_c.so
[3.166s] -- Up-to-date symlink: /home/j/jferber/tutorial/my_robot_ws/install/my_robot_interfaces/lib/python3.12/site-packages/my_robot_interfaces/my_robot_interfaces_s__rosidl_typesupport_c.so
[3.171s] -- Up-to-date symlink: /home/j/jferber/tutorial/my_robot_ws/install/my_robot_interfaces/share/ament_index/resource_index/rust_packages/my_robot_interfaces
[3.177s] -- Up-to-date symlink: /home/j/jferber/tutorial/my_robot_ws/install/my_robot_interfaces/share/my_robot_interfaces/rust/Cargo.toml
[3.177s] -- Up-to-date symlink: /home/j/jferber/tutorial/my_robot_ws/install/my_robot_interfaces/share/my_robot_interfaces/rust/build.rs
[3.180s] -- Up-to-date symlink: /home/j/jferber/tutorial/my_robot_ws/install/my_robot_interfaces/share/my_robot_interfaces/rust/src/action.rs
[3.183s] -- Up-to-date symlink: /home/j/jferber/tutorial/my_robot_ws/install/my_robot_interfaces/share/my_robot_interfaces/rust/src/action/rmw.rs
[3.184s] -- Up-to-date symlink: /home/j/jferber/tutorial/my_robot_ws/install/my_robot_interfaces/share/my_robot_interfaces/rust/src/lib.rs
[3.184s] -- Up-to-date symlink: /home/j/jferber/tutorial/my_robot_ws/install/my_robot_interfaces/share/my_robot_interfaces/action/SetVelocity.idl
[3.185s] -- Up-to-date symlink: /home/j/jferber/tutorial/my_robot_ws/install/my_robot_interfaces/share/my_robot_interfaces/action/SetVelocity.action
[3.188s] -- Up-to-date symlink: /home/j/jferber/tutorial/my_robot_ws/install/my_robot_interfaces/share/ament_index/resource_index/package_run_dependencies/my_robot_interfaces
[3.191s] -- Up-to-date symlink: /home/j/jferber/tutorial/my_robot_ws/install/my_robot_interfaces/share/ament_index/resource_index/parent_prefix_path/my_robot_interfaces
[3.192s] -- Up-to-date symlink: /home/j/jferber/tutorial/my_robot_ws/install/my_robot_interfaces/share/my_robot_interfaces/environment/ament_prefix_path.sh
[3.192s] -- Up-to-date symlink: /home/j/jferber/tutorial/my_robot_ws/install/my_robot_interfaces/share/my_robot_interfaces/environment/ament_prefix_path.dsv
[3.193s] -- Up-to-date symlink: /home/j/jferber/tutorial/my_robot_ws/install/my_robot_interfaces/share/my_robot_interfaces/environment/path.sh
[3.194s] -- Up-to-date symlink: /home/j/jferber/tutorial/my_robot_ws/install/my_robot_interfaces/share/my_robot_interfaces/environment/path.dsv
[3.195s] -- Up-to-date symlink: /home/j/jferber/tutorial/my_robot_ws/install/my_robot_interfaces/share/my_robot_interfaces/local_setup.bash
[3.196s] -- Up-to-date symlink: /home/j/jferber/tutorial/my_robot_ws/install/my_robot_interfaces/share/my_robot_interfaces/local_setup.sh
[3.197s] -- Up-to-date symlink: /home/j/jferber/tutorial/my_robot_ws/install/my_robot_interfaces/share/my_robot_interfaces/local_setup.zsh
[3.198s] -- Up-to-date symlink: /home/j/jferber/tutorial/my_robot_ws/install/my_robot_interfaces/share/my_robot_interfaces/local_setup.dsv
[3.198s] -- Symlinking: /home/j/jferber/tutorial/my_robot_ws/install/my_robot_interfaces/share/my_robot_interfaces/package.dsv
[3.220s] -- Up-to-date symlink: /home/j/jferber/tutorial/my_robot_ws/install/my_robot_interfaces/share/ament_index/resource_index/packages/my_robot_interfaces
[3.223s] -- Up-to-date symlink: /home/j/jferber/tutorial/my_robot_ws/install/my_robot_interfaces/share/my_robot_interfaces/cmake/rosidl_cmake-extras.cmake
[3.224s] -- Up-to-date symlink: /home/j/jferber/tutorial/my_robot_ws/install/my_robot_interfaces/share/my_robot_interfaces/cmake/ament_cmake_export_dependencies-extras.cmake
[3.225s] -- Up-to-date symlink: /home/j/jferber/tutorial/my_robot_ws/install/my_robot_interfaces/share/my_robot_interfaces/cmake/ament_cmake_export_include_directories-extras.cmake
[3.226s] -- Up-to-date symlink: /home/j/jferber/tutorial/my_robot_ws/install/my_robot_interfaces/share/my_robot_interfaces/cmake/ament_cmake_export_libraries-extras.cmake
[3.227s] -- Up-to-date symlink: /home/j/jferber/tutorial/my_robot_ws/install/my_robot_interfaces/share/my_robot_interfaces/cmake/ament_cmake_export_targets-extras.cmake
[3.228s] -- Up-to-date symlink: /home/j/jferber/tutorial/my_robot_ws/install/my_robot_interfaces/share/my_robot_interfaces/cmake/rosidl_cmake_export_typesupport_targets-extras.cmake
[3.230s] -- Up-to-date symlink: /home/j/jferber/tutorial/my_robot_ws/install/my_robot_interfaces/share/my_robot_interfaces/cmake/rosidl_cmake_export_typesupport_libraries-extras.cmake
[3.231s] -- Up-to-date symlink: /home/j/jferber/tutorial/my_robot_ws/install/my_robot_interfaces/share/my_robot_interfaces/cmake/my_robot_interfacesConfig.cmake
[3.232s] -- Up-to-date symlink: /home/j/jferber/tutorial/my_robot_ws/install/my_robot_interfaces/share/my_robot_interfaces/cmake/my_robot_interfacesConfig-version.cmake
[3.233s] -- Up-to-date symlink: /home/j/jferber/tutorial/my_robot_ws/install/my_robot_interfaces/share/my_robot_interfaces/package.xml
[3.255s] -- Up-to-date: /home/j/jferber/tutorial/my_robot_ws/install/my_robot_interfaces/lib/libmy_robot_interfaces__rosidl_generator_c.so
[3.299s] -- Up-to-date: /home/j/jferber/tutorial/my_robot_ws/install/my_robot_interfaces/lib/libmy_robot_interfaces__rosidl_typesupport_fastrtps_c.so
[3.342s] -- Up-to-date: /home/j/jferber/tutorial/my_robot_ws/install/my_robot_interfaces/lib/libmy_robot_interfaces__rosidl_typesupport_introspection_c.so
[3.387s] -- Up-to-date: /home/j/jferber/tutorial/my_robot_ws/install/my_robot_interfaces/lib/libmy_robot_interfaces__rosidl_typesupport_c.so
[3.444s] -- Up-to-date: /home/j/jferber/tutorial/my_robot_ws/install/my_robot_interfaces/lib/libmy_robot_interfaces__rosidl_typesupport_fastrtps_cpp.so
[3.473s] -- Up-to-date: /home/j/jferber/tutorial/my_robot_ws/install/my_robot_interfaces/lib/libmy_robot_interfaces__rosidl_typesupport_introspection_cpp.so
[3.514s] -- Up-to-date: /home/j/jferber/tutorial/my_robot_ws/install/my_robot_interfaces/lib/libmy_robot_interfaces__rosidl_typesupport_cpp.so
[3.688s] Listing '/home/j/jferber/tutorial/my_robot_ws/install/my_robot_interfaces/lib/python3.12/site-packages/my_robot_interfaces'...
[3.688s] Listing '/home/j/jferber/tutorial/my_robot_ws/install/my_robot_interfaces/lib/python3.12/site-packages/my_robot_interfaces/action'...
[3.731s] -- Up-to-date: /home/j/jferber/tutorial/my_robot_ws/install/my_robot_interfaces/lib/libmy_robot_interfaces__rosidl_generator_py.so
[3.801s] -- Up-to-date: /home/j/jferber/tutorial/my_robot_ws/install/my_robot_interfaces/share/my_robot_interfaces/cmake/export_my_robot_interfaces__rosidl_generator_cExport.cmake
[3.802s] -- Up-to-date: /home/j/jferber/tutorial/my_robot_ws/install/my_robot_interfaces/share/my_robot_interfaces/cmake/export_my_robot_interfaces__rosidl_generator_cExport-noconfig.cmake
[3.859s] -- Up-to-date: /home/j/jferber/tutorial/my_robot_ws/install/my_robot_interfaces/share/my_robot_interfaces/cmake/export_my_robot_interfaces__rosidl_typesupport_fastrtps_cExport.cmake
[3.860s] -- Up-to-date: /home/j/jferber/tutorial/my_robot_ws/install/my_robot_interfaces/share/my_robot_interfaces/cmake/export_my_robot_interfaces__rosidl_typesupport_fastrtps_cExport-noconfig.cmake
[4.042s] -- Up-to-date: /home/j/jferber/tutorial/my_robot_ws/install/my_robot_interfaces/share/my_robot_interfaces/cmake/my_robot_interfaces__rosidl_typesupport_introspection_cExport.cmake
[4.043s] -- Up-to-date: /home/j/jferber/tutorial/my_robot_ws/install/my_robot_interfaces/share/my_robot_interfaces/cmake/my_robot_interfaces__rosidl_typesupport_introspection_cExport-noconfig.cmake
[4.132s] -- Up-to-date: /home/j/jferber/tutorial/my_robot_ws/install/my_robot_interfaces/share/my_robot_interfaces/cmake/my_robot_interfaces__rosidl_typesupport_cExport.cmake
[4.133s] -- Up-to-date: /home/j/jferber/tutorial/my_robot_ws/install/my_robot_interfaces/share/my_robot_interfaces/cmake/my_robot_interfaces__rosidl_typesupport_cExport-noconfig.cmake
[4.186s] -- Up-to-date: /home/j/jferber/tutorial/my_robot_ws/install/my_robot_interfaces/share/my_robot_interfaces/cmake/export_my_robot_interfaces__rosidl_generator_cppExport.cmake
[4.233s] -- Up-to-date: /home/j/jferber/tutorial/my_robot_ws/install/my_robot_interfaces/share/my_robot_interfaces/cmake/export_my_robot_interfaces__rosidl_typesupport_fastrtps_cppExport.cmake
[4.234s] -- Up-to-date: /home/j/jferber/tutorial/my_robot_ws/install/my_robot_interfaces/share/my_robot_interfaces/cmake/export_my_robot_interfaces__rosidl_typesupport_fastrtps_cppExport-noconfig.cmake
[4.291s] -- Up-to-date: /home/j/jferber/tutorial/my_robot_ws/install/my_robot_interfaces/share/my_robot_interfaces/cmake/my_robot_interfaces__rosidl_typesupport_introspection_cppExport.cmake
[4.292s] -- Up-to-date: /home/j/jferber/tutorial/my_robot_ws/install/my_robot_interfaces/share/my_robot_interfaces/cmake/my_robot_interfaces__rosidl_typesupport_introspection_cppExport-noconfig.cmake
[4.652s] -- Up-to-date: /home/j/jferber/tutorial/my_robot_ws/install/my_robot_interfaces/share/my_robot_interfaces/cmake/my_robot_interfaces__rosidl_typesupport_cppExport.cmake
[4.653s] -- Up-to-date: /home/j/jferber/tutorial/my_robot_ws/install/my_robot_interfaces/share/my_robot_interfaces/cmake/my_robot_interfaces__rosidl_typesupport_cppExport-noconfig.cmake
[4.712s] -- Up-to-date: /home/j/jferber/tutorial/my_robot_ws/install/my_robot_interfaces/share/my_robot_interfaces/cmake/export_my_robot_interfaces__rosidl_generator_pyExport.cmake
[4.716s] -- Up-to-date: /home/j/jferber/tutorial/my_robot_ws/install/my_robot_interfaces/share/my_robot_interfaces/cmake/export_my_robot_interfaces__rosidl_generator_pyExport-noconfig.cmake
[4.810s] Invoked command in '/home/j/jferber/tutorial/my_robot_ws/build/my_robot_interfaces' returned '0': CMAKE_PREFIX_PATH=${CMAKE_PREFIX_PATH}:/opt/ros/jazzy DEBUGINFOD_URLS=https://debuginfod.ubuntu.com /usr/bin/cmake --install /home/j/jferber/tutorial/my_robot_ws/build/my_robot_interfaces
