[0.533s] Invoking command in '/home/j/jferber/tutorial/my_robot_ws/build/my_robot_description': CMAKE_PREFIX_PATH=${CMAKE_PREFIX_PATH}:/opt/ros/jazzy DEBUGINFOD_URLS=https://debuginfod.ubuntu.com /usr/bin/cmake --build /home/j/jferber/tutorial/my_robot_ws/build/my_robot_description -- -j32 -l32
[0.862s] Invoked command in '/home/j/jferber/tutorial/my_robot_ws/build/my_robot_description' returned '0': CMAKE_PREFIX_PATH=${CMAKE_PREFIX_PATH}:/opt/ros/jazzy DEBUGINFOD_URLS=https://debuginfod.ubuntu.com /usr/bin/cmake --build /home/j/jferber/tutorial/my_robot_ws/build/my_robot_description -- -j32 -l32
[0.988s] Invoking command in '/home/j/jferber/tutorial/my_robot_ws/build/my_robot_description': CMAKE_PREFIX_PATH=${CMAKE_PREFIX_PATH}:/opt/ros/jazzy DEBUGINFOD_URLS=https://debuginfod.ubuntu.com /usr/bin/cmake --install /home/j/jferber/tutorial/my_robot_ws/build/my_robot_description
[1.027s] -- Install configuration: ""
[1.067s] -- Execute custom install script
[1.083s] -- Up-to-date symlink: /home/j/jferber/tutorial/my_robot_ws/install/my_robot_description/share/my_robot_description/urdf/.ipynb_checkpoints/my_robot.urdf-checkpoint.xacro
[1.084s] -- Up-to-date symlink: /home/j/jferber/tutorial/my_robot_ws/install/my_robot_description/share/my_robot_description/urdf/.ipynb_checkpoints/robot-checkpoint.gazebo
[1.084s] -- Up-to-date symlink: /home/j/jferber/tutorial/my_robot_ws/install/my_robot_description/share/my_robot_description/urdf/my_robot.urdf.xacro
[1.085s] -- Up-to-date symlink: /home/j/jferber/tutorial/my_robot_ws/install/my_robot_description/share/my_robot_description/urdf/robot.gazebo
[1.091s] -- Up-to-date symlink: /home/j/jferber/tutorial/my_robot_ws/install/my_robot_description/share/ament_index/resource_index/package_run_dependencies/my_robot_description
[1.093s] -- Up-to-date symlink: /home/j/jferber/tutorial/my_robot_ws/install/my_robot_description/share/ament_index/resource_index/parent_prefix_path/my_robot_description
[1.094s] -- Up-to-date symlink: /home/j/jferber/tutorial/my_robot_ws/install/my_robot_description/share/my_robot_description/environment/ament_prefix_path.sh
[1.095s] -- Up-to-date symlink: /home/j/jferber/tutorial/my_robot_ws/install/my_robot_description/share/my_robot_description/environment/ament_prefix_path.dsv
[1.096s] -- Up-to-date symlink: /home/j/jferber/tutorial/my_robot_ws/install/my_robot_description/share/my_robot_description/environment/path.sh
[1.096s] -- Up-to-date symlink: /home/j/jferber/tutorial/my_robot_ws/install/my_robot_description/share/my_robot_description/environment/path.dsv
[1.097s] -- Up-to-date symlink: /home/j/jferber/tutorial/my_robot_ws/install/my_robot_description/share/my_robot_description/local_setup.bash
[1.098s] -- Up-to-date symlink: /home/j/jferber/tutorial/my_robot_ws/install/my_robot_description/share/my_robot_description/local_setup.sh
[1.098s] -- Up-to-date symlink: /home/j/jferber/tutorial/my_robot_ws/install/my_robot_description/share/my_robot_description/local_setup.zsh
[1.099s] -- Up-to-date symlink: /home/j/jferber/tutorial/my_robot_ws/install/my_robot_description/share/my_robot_description/local_setup.dsv
[1.099s] -- Symlinking: /home/j/jferber/tutorial/my_robot_ws/install/my_robot_description/share/my_robot_description/package.dsv
[1.118s] -- Up-to-date symlink: /home/j/jferber/tutorial/my_robot_ws/install/my_robot_description/share/ament_index/resource_index/packages/my_robot_description
[1.119s] -- Up-to-date symlink: /home/j/jferber/tutorial/my_robot_ws/install/my_robot_description/share/my_robot_description/cmake/my_robot_descriptionConfig.cmake
[1.120s] -- Up-to-date symlink: /home/j/jferber/tutorial/my_robot_ws/install/my_robot_description/share/my_robot_description/cmake/my_robot_descriptionConfig-version.cmake
[1.120s] -- Up-to-date symlink: /home/j/jferber/tutorial/my_robot_ws/install/my_robot_description/share/my_robot_description/package.xml
[1.167s] Invoked command in '/home/j/jferber/tutorial/my_robot_ws/build/my_robot_description' returned '0': CMAKE_PREFIX_PATH=${CMAKE_PREFIX_PATH}:/opt/ros/jazzy DEBUGINFOD_URLS=https://debuginfod.ubuntu.com /usr/bin/cmake --install /home/j/jferber/tutorial/my_robot_ws/build/my_robot_description
