[0.697s] Invoking command in '/home/j/jferber/tutorial/my_robot_ws/build/my_robot_control': DEBUGINFOD_URLS=https://debuginfod.ubuntu.com PYTHONPATH=/home/j/jferber/tutorial/my_robot_ws/build/my_robot_control/prefix_override:/usr/lib/python3/dist-packages/colcon_core/task/python/colcon_distutils_commands:/home/j/jferber/tutorial/my_robot_ws/install/my_robot_control/lib/python3.12/site-packages:${PYTHONPATH} /usr/bin/python3 -W ignore:setup.py install is deprecated -W ignore:easy_install command is deprecated setup.py develop --editable --build-directory /home/j/jferber/tutorial/my_robot_ws/build/my_robot_control/build --no-deps symlink_data
[0.951s] running develop
[1.096s] running egg_info
[1.096s] creating my_robot_control.egg-info
[1.118s] writing my_robot_control.egg-info/PKG-INFO
[1.119s] writing dependency_links to my_robot_control.egg-info/dependency_links.txt
[1.120s] writing requirements to my_robot_control.egg-info/requires.txt
[1.120s] writing top-level names to my_robot_control.egg-info/top_level.txt
[1.121s] writing manifest file 'my_robot_control.egg-info/SOURCES.txt'
[1.149s] reading manifest file 'my_robot_control.egg-info/SOURCES.txt'
[1.158s] writing manifest file 'my_robot_control.egg-info/SOURCES.txt'
[1.172s] running build_ext
[1.172s] Creating /home/j/jferber/tutorial/my_robot_ws/install/my_robot_control/lib/python3.12/site-packages/my-robot-control.egg-link (link to .)
[1.173s] 
[1.173s] Installed /home/j/jferber/tutorial/my_robot_ws/build/my_robot_control
[1.174s] running symlink_data
[1.174s] creating /home/j/jferber/tutorial/my_robot_ws/install/my_robot_control/share/ament_index
[1.174s] creating /home/j/jferber/tutorial/my_robot_ws/install/my_robot_control/share/ament_index/resource_index
[1.174s] creating /home/j/jferber/tutorial/my_robot_ws/install/my_robot_control/share/ament_index/resource_index/packages
[1.176s] symbolically linking /home/j/jferber/tutorial/my_robot_ws/build/my_robot_control/resource/my_robot_control -> /home/j/jferber/tutorial/my_robot_ws/install/my_robot_control/share/ament_index/resource_index/packages
[1.177s] symbolically linking /home/j/jferber/tutorial/my_robot_ws/build/my_robot_control/package.xml -> /home/j/jferber/tutorial/my_robot_ws/install/my_robot_control/share/my_robot_control
[1.208s] Invoked command in '/home/j/jferber/tutorial/my_robot_ws/build/my_robot_control' returned '0': DEBUGINFOD_URLS=https://debuginfod.ubuntu.com PYTHONPATH=/home/j/jferber/tutorial/my_robot_ws/build/my_robot_control/prefix_override:/usr/lib/python3/dist-packages/colcon_core/task/python/colcon_distutils_commands:/home/j/jferber/tutorial/my_robot_ws/install/my_robot_control/lib/python3.12/site-packages:${PYTHONPATH} /usr/bin/python3 -W ignore:setup.py install is deprecated -W ignore:easy_install command is deprecated setup.py develop --editable --build-directory /home/j/jferber/tutorial/my_robot_ws/build/my_robot_control/build --no-deps symlink_data
